[0.413s] Invoking command in '/home/felipe_capovilla/Documents/E-Racing/Mapping/SLAM/src/first_slam': PYTHONPATH=/home/felipe_capovilla/Documents/E-Racing/Mapping/SLAM/build/first_slam/prefix_override:/usr/lib/python3/dist-packages/colcon_core/task/python/colcon_distutils_commands:/home/felipe_capovilla/Documents/E-Racing/Mapping/SLAM/install/first_slam/lib/python3.10/site-packages:${PYTHONPATH} /usr/bin/python3 -W ignore:setup.py install is deprecated -W ignore:easy_install command is deprecated setup.py egg_info --egg-base ../../build/first_slam build --build-base /home/felipe_capovilla/Documents/E-Racing/Mapping/SLAM/build/first_slam/build install --record /home/felipe_capovilla/Documents/E-Racing/Mapping/SLAM/build/first_slam/install.log --single-version-externally-managed install_data
[0.515s] running egg_info
[0.515s] writing ../../build/first_slam/first_slam.egg-info/PKG-INFO
[0.515s] writing dependency_links to ../../build/first_slam/first_slam.egg-info/dependency_links.txt
[0.515s] writing entry points to ../../build/first_slam/first_slam.egg-info/entry_points.txt
[0.515s] writing requirements to ../../build/first_slam/first_slam.egg-info/requires.txt
[0.515s] writing top-level names to ../../build/first_slam/first_slam.egg-info/top_level.txt
[0.516s] reading manifest file '../../build/first_slam/first_slam.egg-info/SOURCES.txt'
[0.517s] writing manifest file '../../build/first_slam/first_slam.egg-info/SOURCES.txt'
[0.517s] running build
[0.517s] running build_py
[0.517s] running install
[0.517s] running install_lib
[0.518s] running install_data
[0.518s] running install_egg_info
[0.519s] removing '/home/felipe_capovilla/Documents/E-Racing/Mapping/SLAM/install/first_slam/lib/python3.10/site-packages/first_slam-0.0.0-py3.10.egg-info' (and everything under it)
[0.519s] Copying ../../build/first_slam/first_slam.egg-info to /home/felipe_capovilla/Documents/E-Racing/Mapping/SLAM/install/first_slam/lib/python3.10/site-packages/first_slam-0.0.0-py3.10.egg-info
[0.519s] running install_scripts
[0.530s] writing list of installed files to '/home/felipe_capovilla/Documents/E-Racing/Mapping/SLAM/build/first_slam/install.log'
[0.545s] Invoked command in '/home/felipe_capovilla/Documents/E-Racing/Mapping/SLAM/src/first_slam' returned '0': PYTHONPATH=/home/felipe_capovilla/Documents/E-Racing/Mapping/SLAM/build/first_slam/prefix_override:/usr/lib/python3/dist-packages/colcon_core/task/python/colcon_distutils_commands:/home/felipe_capovilla/Documents/E-Racing/Mapping/SLAM/install/first_slam/lib/python3.10/site-packages:${PYTHONPATH} /usr/bin/python3 -W ignore:setup.py install is deprecated -W ignore:easy_install command is deprecated setup.py egg_info --egg-base ../../build/first_slam build --build-base /home/felipe_capovilla/Documents/E-Racing/Mapping/SLAM/build/first_slam/build install --record /home/felipe_capovilla/Documents/E-Racing/Mapping/SLAM/build/first_slam/install.log --single-version-externally-managed install_data
