[0.373s] Invoking command in '/home/felipe_capovilla/Documents/E-Racing/FSDS/Codes/Oficial/Pipeline/src/autonomous_vehicle_slam': PS1=(venv) \[\e]0;\u@\h: \w\a\]${debian_chroot:+($debian_chroot)}\[\033[01;32m\]\u@\h\[\033[00m\]:\[\033[01;34m\]\w\[\033[00m\]\$ PYTHONPATH=/home/felipe_capovilla/Documents/E-Racing/FSDS/Codes/Oficial/Pipeline/build/autonomous_vehicle_slam/prefix_override:/usr/lib/python3/dist-packages/colcon_core/task/python/colcon_distutils_commands:/home/felipe_capovilla/Documents/E-Racing/FSDS/Codes/Oficial/Pipeline/install/autonomous_vehicle_slam/lib/python3.10/site-packages:${PYTHONPATH} VIRTUAL_ENV_PROMPT=(venv) /usr/bin/python3 -W ignore:setup.py install is deprecated -W ignore:easy_install command is deprecated setup.py egg_info --egg-base ../../build/autonomous_vehicle_slam build --build-base /home/felipe_capovilla/Documents/E-Racing/FSDS/Codes/Oficial/Pipeline/build/autonomous_vehicle_slam/build install --record /home/felipe_capovilla/Documents/E-Racing/FSDS/Codes/Oficial/Pipeline/build/autonomous_vehicle_slam/install.log --single-version-externally-managed install_data
[0.474s] running egg_info
[0.474s] creating ../../build/autonomous_vehicle_slam/autonomous_vehicle_slam.egg-info
[0.474s] writing ../../build/autonomous_vehicle_slam/autonomous_vehicle_slam.egg-info/PKG-INFO
[0.474s] writing dependency_links to ../../build/autonomous_vehicle_slam/autonomous_vehicle_slam.egg-info/dependency_links.txt
[0.474s] writing entry points to ../../build/autonomous_vehicle_slam/autonomous_vehicle_slam.egg-info/entry_points.txt
[0.474s] writing requirements to ../../build/autonomous_vehicle_slam/autonomous_vehicle_slam.egg-info/requires.txt
[0.474s] writing top-level names to ../../build/autonomous_vehicle_slam/autonomous_vehicle_slam.egg-info/top_level.txt
[0.474s] writing manifest file '../../build/autonomous_vehicle_slam/autonomous_vehicle_slam.egg-info/SOURCES.txt'
[0.475s] reading manifest file '../../build/autonomous_vehicle_slam/autonomous_vehicle_slam.egg-info/SOURCES.txt'
[0.475s] writing manifest file '../../build/autonomous_vehicle_slam/autonomous_vehicle_slam.egg-info/SOURCES.txt'
[0.475s] running build
[0.475s] running build_py
[0.475s] creating /home/felipe_capovilla/Documents/E-Racing/FSDS/Codes/Oficial/Pipeline/build/autonomous_vehicle_slam/build
[0.475s] creating /home/felipe_capovilla/Documents/E-Racing/FSDS/Codes/Oficial/Pipeline/build/autonomous_vehicle_slam/build/lib
[0.475s] creating /home/felipe_capovilla/Documents/E-Racing/FSDS/Codes/Oficial/Pipeline/build/autonomous_vehicle_slam/build/lib/autonomous_vehicle_slam
[0.475s] copying autonomous_vehicle_slam/visualizer.py -> /home/felipe_capovilla/Documents/E-Racing/FSDS/Codes/Oficial/Pipeline/build/autonomous_vehicle_slam/build/lib/autonomous_vehicle_slam
[0.476s] copying autonomous_vehicle_slam/slam.py -> /home/felipe_capovilla/Documents/E-Racing/FSDS/Codes/Oficial/Pipeline/build/autonomous_vehicle_slam/build/lib/autonomous_vehicle_slam
[0.476s] copying autonomous_vehicle_slam/mapping.py -> /home/felipe_capovilla/Documents/E-Racing/FSDS/Codes/Oficial/Pipeline/build/autonomous_vehicle_slam/build/lib/autonomous_vehicle_slam
[0.476s] copying autonomous_vehicle_slam/perception.py -> /home/felipe_capovilla/Documents/E-Racing/FSDS/Codes/Oficial/Pipeline/build/autonomous_vehicle_slam/build/lib/autonomous_vehicle_slam
[0.476s] copying autonomous_vehicle_slam/firstLapSim.py -> /home/felipe_capovilla/Documents/E-Racing/FSDS/Codes/Oficial/Pipeline/build/autonomous_vehicle_slam/build/lib/autonomous_vehicle_slam
[0.476s] copying autonomous_vehicle_slam/carNode.py -> /home/felipe_capovilla/Documents/E-Racing/FSDS/Codes/Oficial/Pipeline/build/autonomous_vehicle_slam/build/lib/autonomous_vehicle_slam
[0.476s] copying autonomous_vehicle_slam/control.py -> /home/felipe_capovilla/Documents/E-Racing/FSDS/Codes/Oficial/Pipeline/build/autonomous_vehicle_slam/build/lib/autonomous_vehicle_slam
[0.476s] copying autonomous_vehicle_slam/mpc.py -> /home/felipe_capovilla/Documents/E-Racing/FSDS/Codes/Oficial/Pipeline/build/autonomous_vehicle_slam/build/lib/autonomous_vehicle_slam
[0.476s] copying autonomous_vehicle_slam/__init__.py -> /home/felipe_capovilla/Documents/E-Racing/FSDS/Codes/Oficial/Pipeline/build/autonomous_vehicle_slam/build/lib/autonomous_vehicle_slam
[0.476s] copying autonomous_vehicle_slam/globalPlanning.py -> /home/felipe_capovilla/Documents/E-Racing/FSDS/Codes/Oficial/Pipeline/build/autonomous_vehicle_slam/build/lib/autonomous_vehicle_slam
[0.476s] copying autonomous_vehicle_slam/pathPlanning.py -> /home/felipe_capovilla/Documents/E-Racing/FSDS/Codes/Oficial/Pipeline/build/autonomous_vehicle_slam/build/lib/autonomous_vehicle_slam
[0.476s] running install
[0.476s] running install_lib
[0.476s] creating /home/felipe_capovilla/Documents/E-Racing/FSDS/Codes/Oficial/Pipeline/install/autonomous_vehicle_slam/lib/python3.10/site-packages/autonomous_vehicle_slam
[0.476s] copying /home/felipe_capovilla/Documents/E-Racing/FSDS/Codes/Oficial/Pipeline/build/autonomous_vehicle_slam/build/lib/autonomous_vehicle_slam/visualizer.py -> /home/felipe_capovilla/Documents/E-Racing/FSDS/Codes/Oficial/Pipeline/install/autonomous_vehicle_slam/lib/python3.10/site-packages/autonomous_vehicle_slam
[0.476s] copying /home/felipe_capovilla/Documents/E-Racing/FSDS/Codes/Oficial/Pipeline/build/autonomous_vehicle_slam/build/lib/autonomous_vehicle_slam/slam.py -> /home/felipe_capovilla/Documents/E-Racing/FSDS/Codes/Oficial/Pipeline/install/autonomous_vehicle_slam/lib/python3.10/site-packages/autonomous_vehicle_slam
[0.476s] copying /home/felipe_capovilla/Documents/E-Racing/FSDS/Codes/Oficial/Pipeline/build/autonomous_vehicle_slam/build/lib/autonomous_vehicle_slam/mapping.py -> /home/felipe_capovilla/Documents/E-Racing/FSDS/Codes/Oficial/Pipeline/install/autonomous_vehicle_slam/lib/python3.10/site-packages/autonomous_vehicle_slam
[0.476s] copying /home/felipe_capovilla/Documents/E-Racing/FSDS/Codes/Oficial/Pipeline/build/autonomous_vehicle_slam/build/lib/autonomous_vehicle_slam/perception.py -> /home/felipe_capovilla/Documents/E-Racing/FSDS/Codes/Oficial/Pipeline/install/autonomous_vehicle_slam/lib/python3.10/site-packages/autonomous_vehicle_slam
[0.476s] copying /home/felipe_capovilla/Documents/E-Racing/FSDS/Codes/Oficial/Pipeline/build/autonomous_vehicle_slam/build/lib/autonomous_vehicle_slam/firstLapSim.py -> /home/felipe_capovilla/Documents/E-Racing/FSDS/Codes/Oficial/Pipeline/install/autonomous_vehicle_slam/lib/python3.10/site-packages/autonomous_vehicle_slam
[0.476s] copying /home/felipe_capovilla/Documents/E-Racing/FSDS/Codes/Oficial/Pipeline/build/autonomous_vehicle_slam/build/lib/autonomous_vehicle_slam/carNode.py -> /home/felipe_capovilla/Documents/E-Racing/FSDS/Codes/Oficial/Pipeline/install/autonomous_vehicle_slam/lib/python3.10/site-packages/autonomous_vehicle_slam
[0.476s] copying /home/felipe_capovilla/Documents/E-Racing/FSDS/Codes/Oficial/Pipeline/build/autonomous_vehicle_slam/build/lib/autonomous_vehicle_slam/control.py -> /home/felipe_capovilla/Documents/E-Racing/FSDS/Codes/Oficial/Pipeline/install/autonomous_vehicle_slam/lib/python3.10/site-packages/autonomous_vehicle_slam
[0.476s] copying /home/felipe_capovilla/Documents/E-Racing/FSDS/Codes/Oficial/Pipeline/build/autonomous_vehicle_slam/build/lib/autonomous_vehicle_slam/mpc.py -> /home/felipe_capovilla/Documents/E-Racing/FSDS/Codes/Oficial/Pipeline/install/autonomous_vehicle_slam/lib/python3.10/site-packages/autonomous_vehicle_slam
[0.476s] copying /home/felipe_capovilla/Documents/E-Racing/FSDS/Codes/Oficial/Pipeline/build/autonomous_vehicle_slam/build/lib/autonomous_vehicle_slam/__init__.py -> /home/felipe_capovilla/Documents/E-Racing/FSDS/Codes/Oficial/Pipeline/install/autonomous_vehicle_slam/lib/python3.10/site-packages/autonomous_vehicle_slam
[0.477s] copying /home/felipe_capovilla/Documents/E-Racing/FSDS/Codes/Oficial/Pipeline/build/autonomous_vehicle_slam/build/lib/autonomous_vehicle_slam/globalPlanning.py -> /home/felipe_capovilla/Documents/E-Racing/FSDS/Codes/Oficial/Pipeline/install/autonomous_vehicle_slam/lib/python3.10/site-packages/autonomous_vehicle_slam
[0.477s] copying /home/felipe_capovilla/Documents/E-Racing/FSDS/Codes/Oficial/Pipeline/build/autonomous_vehicle_slam/build/lib/autonomous_vehicle_slam/pathPlanning.py -> /home/felipe_capovilla/Documents/E-Racing/FSDS/Codes/Oficial/Pipeline/install/autonomous_vehicle_slam/lib/python3.10/site-packages/autonomous_vehicle_slam
[0.477s] byte-compiling /home/felipe_capovilla/Documents/E-Racing/FSDS/Codes/Oficial/Pipeline/install/autonomous_vehicle_slam/lib/python3.10/site-packages/autonomous_vehicle_slam/visualizer.py to visualizer.cpython-310.pyc
[0.477s] byte-compiling /home/felipe_capovilla/Documents/E-Racing/FSDS/Codes/Oficial/Pipeline/install/autonomous_vehicle_slam/lib/python3.10/site-packages/autonomous_vehicle_slam/slam.py to slam.cpython-310.pyc
[0.478s] byte-compiling /home/felipe_capovilla/Documents/E-Racing/FSDS/Codes/Oficial/Pipeline/install/autonomous_vehicle_slam/lib/python3.10/site-packages/autonomous_vehicle_slam/mapping.py to mapping.cpython-310.pyc
[0.479s] byte-compiling /home/felipe_capovilla/Documents/E-Racing/FSDS/Codes/Oficial/Pipeline/install/autonomous_vehicle_slam/lib/python3.10/site-packages/autonomous_vehicle_slam/perception.py to perception.cpython-310.pyc
[0.479s] byte-compiling /home/felipe_capovilla/Documents/E-Racing/FSDS/Codes/Oficial/Pipeline/install/autonomous_vehicle_slam/lib/python3.10/site-packages/autonomous_vehicle_slam/firstLapSim.py to firstLapSim.cpython-310.pyc
[0.480s] byte-compiling /home/felipe_capovilla/Documents/E-Racing/FSDS/Codes/Oficial/Pipeline/install/autonomous_vehicle_slam/lib/python3.10/site-packages/autonomous_vehicle_slam/carNode.py to carNode.cpython-310.pyc
[0.480s] byte-compiling /home/felipe_capovilla/Documents/E-Racing/FSDS/Codes/Oficial/Pipeline/install/autonomous_vehicle_slam/lib/python3.10/site-packages/autonomous_vehicle_slam/control.py to control.cpython-310.pyc
[0.481s] byte-compiling /home/felipe_capovilla/Documents/E-Racing/FSDS/Codes/Oficial/Pipeline/install/autonomous_vehicle_slam/lib/python3.10/site-packages/autonomous_vehicle_slam/mpc.py to mpc.cpython-310.pyc
[0.481s] byte-compiling /home/felipe_capovilla/Documents/E-Racing/FSDS/Codes/Oficial/Pipeline/install/autonomous_vehicle_slam/lib/python3.10/site-packages/autonomous_vehicle_slam/__init__.py to __init__.cpython-310.pyc
[0.481s] byte-compiling /home/felipe_capovilla/Documents/E-Racing/FSDS/Codes/Oficial/Pipeline/install/autonomous_vehicle_slam/lib/python3.10/site-packages/autonomous_vehicle_slam/globalPlanning.py to globalPlanning.cpython-310.pyc
[0.482s] byte-compiling /home/felipe_capovilla/Documents/E-Racing/FSDS/Codes/Oficial/Pipeline/install/autonomous_vehicle_slam/lib/python3.10/site-packages/autonomous_vehicle_slam/pathPlanning.py to pathPlanning.cpython-310.pyc
[0.483s] running install_data
[0.483s] creating /home/felipe_capovilla/Documents/E-Racing/FSDS/Codes/Oficial/Pipeline/install/autonomous_vehicle_slam/share/ament_index
[0.483s] creating /home/felipe_capovilla/Documents/E-Racing/FSDS/Codes/Oficial/Pipeline/install/autonomous_vehicle_slam/share/ament_index/resource_index
[0.483s] creating /home/felipe_capovilla/Documents/E-Racing/FSDS/Codes/Oficial/Pipeline/install/autonomous_vehicle_slam/share/ament_index/resource_index/packages
[0.483s] copying resource/autonomous_vehicle_slam -> /home/felipe_capovilla/Documents/E-Racing/FSDS/Codes/Oficial/Pipeline/install/autonomous_vehicle_slam/share/ament_index/resource_index/packages
[0.483s] copying package.xml -> /home/felipe_capovilla/Documents/E-Racing/FSDS/Codes/Oficial/Pipeline/install/autonomous_vehicle_slam/share/autonomous_vehicle_slam
[0.483s] running install_egg_info
[0.484s] Copying ../../build/autonomous_vehicle_slam/autonomous_vehicle_slam.egg-info to /home/felipe_capovilla/Documents/E-Racing/FSDS/Codes/Oficial/Pipeline/install/autonomous_vehicle_slam/lib/python3.10/site-packages/autonomous_vehicle_slam-0.0.0-py3.10.egg-info
[0.484s] running install_scripts
[0.492s] Installing CarNodeSlam script to /home/felipe_capovilla/Documents/E-Racing/FSDS/Codes/Oficial/Pipeline/install/autonomous_vehicle_slam/lib/autonomous_vehicle_slam
[0.492s] writing list of installed files to '/home/felipe_capovilla/Documents/E-Racing/FSDS/Codes/Oficial/Pipeline/build/autonomous_vehicle_slam/install.log'
[0.505s] Invoked command in '/home/felipe_capovilla/Documents/E-Racing/FSDS/Codes/Oficial/Pipeline/src/autonomous_vehicle_slam' returned '0': PS1=(venv) \[\e]0;\u@\h: \w\a\]${debian_chroot:+($debian_chroot)}\[\033[01;32m\]\u@\h\[\033[00m\]:\[\033[01;34m\]\w\[\033[00m\]\$ PYTHONPATH=/home/felipe_capovilla/Documents/E-Racing/FSDS/Codes/Oficial/Pipeline/build/autonomous_vehicle_slam/prefix_override:/usr/lib/python3/dist-packages/colcon_core/task/python/colcon_distutils_commands:/home/felipe_capovilla/Documents/E-Racing/FSDS/Codes/Oficial/Pipeline/install/autonomous_vehicle_slam/lib/python3.10/site-packages:${PYTHONPATH} VIRTUAL_ENV_PROMPT=(venv) /usr/bin/python3 -W ignore:setup.py install is deprecated -W ignore:easy_install command is deprecated setup.py egg_info --egg-base ../../build/autonomous_vehicle_slam build --build-base /home/felipe_capovilla/Documents/E-Racing/FSDS/Codes/Oficial/Pipeline/build/autonomous_vehicle_slam/build install --record /home/felipe_capovilla/Documents/E-Racing/FSDS/Codes/Oficial/Pipeline/build/autonomous_vehicle_slam/install.log --single-version-externally-managed install_data
