[0.082s] [34mcolcon[0m [1;30mDEBUG[0m [32mCommand line arguments: ['/usr/bin/colcon', 'build'][0m
[0.082s] [34mcolcon[0m [1;30mDEBUG[0m [32mParsed command line arguments: Namespace(log_base=None, log_level=None, verb_name='build', build_base='build', install_base='install', merge_install=False, symlink_install=False, test_result_base=None, continue_on_error=False, executor='parallel', parallel_workers=12, event_handlers=None, ignore_user_meta=False, metas=['./colcon.meta'], base_paths=['.'], packages_ignore=None, packages_ignore_regex=None, paths=None, packages_up_to=None, packages_up_to_regex=None, packages_above=None, packages_above_and_dependencies=None, packages_above_depth=None, packages_select_by_dep=None, packages_skip_by_dep=None, packages_skip_up_to=None, packages_select_build_failed=False, packages_skip_build_finished=False, packages_select_test_failures=False, packages_skip_test_passed=False, packages_select=None, packages_skip=None, packages_select_regex=None, packages_skip_regex=None, packages_start=None, packages_end=None, allow_overriding=[], cmake_args=None, cmake_target=None, cmake_target_skip_unavailable=False, cmake_clean_cache=False, cmake_clean_first=False, cmake_force_configure=False, ament_cmake_args=None, catkin_cmake_args=None, catkin_skip_building_tests=False, mixin_files=None, mixin=None, verb_parser=<colcon_mixin.mixin.mixin_argument.MixinArgumentDecorator object at 0x753cb7639b40>, verb_extension=<colcon_core.verb.build.BuildVerb object at 0x753cb76395d0>, main=<bound method BuildVerb.main of <colcon_core.verb.build.BuildVerb object at 0x753cb76395d0>>, mixin_verb=('build',))[0m
[0.109s] [34mcolcon.colcon_core.package_discovery[0m [1;30mLevel 1[0m discover_packages(colcon_meta) check parameters
[0.109s] [34mcolcon.colcon_core.package_discovery[0m [1;30mLevel 1[0m discover_packages(recursive) check parameters
[0.109s] [34mcolcon.colcon_core.package_discovery[0m [1;30mLevel 1[0m discover_packages(ignore) check parameters
[0.109s] [34mcolcon.colcon_core.package_discovery[0m [1;30mLevel 1[0m discover_packages(path) check parameters
[0.109s] [34mcolcon.colcon_core.package_discovery[0m [1;30mLevel 1[0m discover_packages(colcon_meta) discover
[0.109s] [34mcolcon.colcon_core.package_discovery[0m [1;30mLevel 1[0m discover_packages(recursive) discover
[0.109s] [34mcolcon.colcon_core.package_discovery[0m [1;30mINFO[0m Crawling recursively for packages in '/home/demarco/Mapping2026/SLAM'
[0.109s] [34mcolcon.colcon_core.package_identification[0m [1;30mLevel 1[0m _identify(.) by extensions ['ignore', 'ignore_ament_install']
[0.109s] [34mcolcon.colcon_core.package_identification[0m [1;30mLevel 1[0m _identify(.) by extension 'ignore'
[0.109s] [34mcolcon.colcon_core.package_identification[0m [1;30mLevel 1[0m _identify(.) by extension 'ignore_ament_install'
[0.109s] [34mcolcon.colcon_core.package_identification[0m [1;30mLevel 1[0m _identify(.) by extensions ['colcon_pkg']
[0.109s] [34mcolcon.colcon_core.package_identification[0m [1;30mLevel 1[0m _identify(.) by extension 'colcon_pkg'
[0.109s] [34mcolcon.colcon_core.package_identification[0m [1;30mLevel 1[0m _identify(.) by extensions ['colcon_meta']
[0.109s] [34mcolcon.colcon_core.package_identification[0m [1;30mLevel 1[0m _identify(.) by extension 'colcon_meta'
[0.109s] [34mcolcon.colcon_core.package_identification[0m [1;30mLevel 1[0m _identify(.) by extensions ['ros']
[0.109s] [34mcolcon.colcon_core.package_identification[0m [1;30mLevel 1[0m _identify(.) by extension 'ros'
[0.129s] [34mcolcon.colcon_core.package_identification[0m [1;30mLevel 1[0m _identify(.) by extensions ['cmake', 'python']
[0.129s] [34mcolcon.colcon_core.package_identification[0m [1;30mLevel 1[0m _identify(.) by extension 'cmake'
[0.129s] [34mcolcon.colcon_core.package_identification[0m [1;30mLevel 1[0m _identify(.) by extension 'python'
[0.129s] [34mcolcon.colcon_core.package_identification[0m [1;30mLevel 1[0m _identify(.) by extensions ['python_setup_py']
[0.129s] [34mcolcon.colcon_core.package_identification[0m [1;30mLevel 1[0m _identify(.) by extension 'python_setup_py'
[0.129s] [34mcolcon.colcon_core.package_identification[0m [1;30mLevel 1[0m _identify(SLAM) by extensions ['ignore', 'ignore_ament_install']
[0.129s] [34mcolcon.colcon_core.package_identification[0m [1;30mLevel 1[0m _identify(SLAM) by extension 'ignore'
[0.129s] [34mcolcon.colcon_core.package_identification[0m [1;30mLevel 1[0m _identify(SLAM) by extension 'ignore_ament_install'
[0.129s] [34mcolcon.colcon_core.package_identification[0m [1;30mLevel 1[0m _identify(SLAM) by extensions ['colcon_pkg']
[0.129s] [34mcolcon.colcon_core.package_identification[0m [1;30mLevel 1[0m _identify(SLAM) by extension 'colcon_pkg'
[0.129s] [34mcolcon.colcon_core.package_identification[0m [1;30mLevel 1[0m _identify(SLAM) by extensions ['colcon_meta']
[0.129s] [34mcolcon.colcon_core.package_identification[0m [1;30mLevel 1[0m _identify(SLAM) by extension 'colcon_meta'
[0.129s] [34mcolcon.colcon_core.package_identification[0m [1;30mLevel 1[0m _identify(SLAM) by extensions ['ros']
[0.129s] [34mcolcon.colcon_core.package_identification[0m [1;30mLevel 1[0m _identify(SLAM) by extension 'ros'
[0.129s] [34mcolcon.colcon_core.package_identification[0m [1;30mLevel 1[0m _identify(SLAM) by extensions ['cmake', 'python']
[0.129s] [34mcolcon.colcon_core.package_identification[0m [1;30mLevel 1[0m _identify(SLAM) by extension 'cmake'
[0.129s] [34mcolcon.colcon_core.package_identification[0m [1;30mLevel 1[0m _identify(SLAM) by extension 'python'
[0.129s] [34mcolcon.colcon_core.package_identification[0m [1;30mLevel 1[0m _identify(SLAM) by extensions ['python_setup_py']
[0.129s] [34mcolcon.colcon_core.package_identification[0m [1;30mLevel 1[0m _identify(SLAM) by extension 'python_setup_py'
[0.129s] [34mcolcon.colcon_core.package_identification[0m [1;30mLevel 1[0m _identify(SLAM/build) by extensions ['ignore', 'ignore_ament_install']
[0.129s] [34mcolcon.colcon_core.package_identification[0m [1;30mLevel 1[0m _identify(SLAM/build) by extension 'ignore'
[0.129s] [34mcolcon.colcon_core.package_identification[0m [1;30mLevel 1[0m _identify(SLAM/build) ignored
[0.129s] [34mcolcon.colcon_core.package_identification[0m [1;30mLevel 1[0m _identify(SLAM/install) by extensions ['ignore', 'ignore_ament_install']
[0.129s] [34mcolcon.colcon_core.package_identification[0m [1;30mLevel 1[0m _identify(SLAM/install) by extension 'ignore'
[0.129s] [34mcolcon.colcon_core.package_identification[0m [1;30mLevel 1[0m _identify(SLAM/install) ignored
[0.130s] [34mcolcon.colcon_core.package_identification[0m [1;30mLevel 1[0m _identify(SLAM/log) by extensions ['ignore', 'ignore_ament_install']
[0.130s] [34mcolcon.colcon_core.package_identification[0m [1;30mLevel 1[0m _identify(SLAM/log) by extension 'ignore'
[0.130s] [34mcolcon.colcon_core.package_identification[0m [1;30mLevel 1[0m _identify(SLAM/log) ignored
[0.130s] [34mcolcon.colcon_core.package_identification[0m [1;30mLevel 1[0m _identify(SLAM/src) by extensions ['ignore', 'ignore_ament_install']
[0.130s] [34mcolcon.colcon_core.package_identification[0m [1;30mLevel 1[0m _identify(SLAM/src) by extension 'ignore'
[0.130s] [34mcolcon.colcon_core.package_identification[0m [1;30mLevel 1[0m _identify(SLAM/src) by extension 'ignore_ament_install'
[0.130s] [34mcolcon.colcon_core.package_identification[0m [1;30mLevel 1[0m _identify(SLAM/src) by extensions ['colcon_pkg']
[0.130s] [34mcolcon.colcon_core.package_identification[0m [1;30mLevel 1[0m _identify(SLAM/src) by extension 'colcon_pkg'
[0.130s] [34mcolcon.colcon_core.package_identification[0m [1;30mLevel 1[0m _identify(SLAM/src) by extensions ['colcon_meta']
[0.130s] [34mcolcon.colcon_core.package_identification[0m [1;30mLevel 1[0m _identify(SLAM/src) by extension 'colcon_meta'
[0.130s] [34mcolcon.colcon_core.package_identification[0m [1;30mLevel 1[0m _identify(SLAM/src) by extensions ['ros']
[0.130s] [34mcolcon.colcon_core.package_identification[0m [1;30mLevel 1[0m _identify(SLAM/src) by extension 'ros'
[0.130s] [34mcolcon.colcon_core.package_identification[0m [1;30mLevel 1[0m _identify(SLAM/src) by extensions ['cmake', 'python']
[0.130s] [34mcolcon.colcon_core.package_identification[0m [1;30mLevel 1[0m _identify(SLAM/src) by extension 'cmake'
[0.130s] [34mcolcon.colcon_core.package_identification[0m [1;30mLevel 1[0m _identify(SLAM/src) by extension 'python'
[0.130s] [34mcolcon.colcon_core.package_identification[0m [1;30mLevel 1[0m _identify(SLAM/src) by extensions ['python_setup_py']
[0.130s] [34mcolcon.colcon_core.package_identification[0m [1;30mLevel 1[0m _identify(SLAM/src) by extension 'python_setup_py'
[0.130s] [34mcolcon.colcon_core.package_identification[0m [1;30mLevel 1[0m _identify(SLAM/src/first_slam) by extensions ['ignore', 'ignore_ament_install']
[0.130s] [34mcolcon.colcon_core.package_identification[0m [1;30mLevel 1[0m _identify(SLAM/src/first_slam) by extension 'ignore'
[0.130s] [34mcolcon.colcon_core.package_identification[0m [1;30mLevel 1[0m _identify(SLAM/src/first_slam) by extension 'ignore_ament_install'
[0.130s] [34mcolcon.colcon_core.package_identification[0m [1;30mLevel 1[0m _identify(SLAM/src/first_slam) by extensions ['colcon_pkg']
[0.130s] [34mcolcon.colcon_core.package_identification[0m [1;30mLevel 1[0m _identify(SLAM/src/first_slam) by extension 'colcon_pkg'
[0.130s] [34mcolcon.colcon_core.package_identification[0m [1;30mLevel 1[0m _identify(SLAM/src/first_slam) by extensions ['colcon_meta']
[0.130s] [34mcolcon.colcon_core.package_identification[0m [1;30mLevel 1[0m _identify(SLAM/src/first_slam) by extension 'colcon_meta'
[0.130s] [34mcolcon.colcon_core.package_identification[0m [1;30mLevel 1[0m _identify(SLAM/src/first_slam) by extensions ['ros']
[0.130s] [34mcolcon.colcon_core.package_identification[0m [1;30mLevel 1[0m _identify(SLAM/src/first_slam) by extension 'ros'
[0.132s] [34mcolcon.colcon_core.package_identification[0m [1;30mDEBUG[0m [32mPackage 'SLAM/src/first_slam' with type 'ros.ament_python' and name 'first_slam'[0m
[0.132s] [34mcolcon.colcon_core.package_identification[0m [1;30mLevel 1[0m _identify(SLAM/src/simulator_comunication) by extensions ['ignore', 'ignore_ament_install']
[0.132s] [34mcolcon.colcon_core.package_identification[0m [1;30mLevel 1[0m _identify(SLAM/src/simulator_comunication) by extension 'ignore'
[0.132s] [34mcolcon.colcon_core.package_identification[0m [1;30mLevel 1[0m _identify(SLAM/src/simulator_comunication) by extension 'ignore_ament_install'
[0.132s] [34mcolcon.colcon_core.package_identification[0m [1;30mLevel 1[0m _identify(SLAM/src/simulator_comunication) by extensions ['colcon_pkg']
[0.132s] [34mcolcon.colcon_core.package_identification[0m [1;30mLevel 1[0m _identify(SLAM/src/simulator_comunication) by extension 'colcon_pkg'
[0.132s] [34mcolcon.colcon_core.package_identification[0m [1;30mLevel 1[0m _identify(SLAM/src/simulator_comunication) by extensions ['colcon_meta']
[0.132s] [34mcolcon.colcon_core.package_identification[0m [1;30mLevel 1[0m _identify(SLAM/src/simulator_comunication) by extension 'colcon_meta'
[0.132s] [34mcolcon.colcon_core.package_identification[0m [1;30mLevel 1[0m _identify(SLAM/src/simulator_comunication) by extensions ['ros']
[0.132s] [34mcolcon.colcon_core.package_identification[0m [1;30mLevel 1[0m _identify(SLAM/src/simulator_comunication) by extension 'ros'
[0.133s] [34mcolcon.colcon_core.package_identification[0m [1;30mDEBUG[0m [32mPackage 'SLAM/src/simulator_comunication' with type 'ros.ament_python' and name 'simulator_comunication'[0m
[0.133s] [34mcolcon.colcon_core.package_identification[0m [1;30mLevel 1[0m _identify(build) by extensions ['ignore', 'ignore_ament_install']
[0.133s] [34mcolcon.colcon_core.package_identification[0m [1;30mLevel 1[0m _identify(build) by extension 'ignore'
[0.133s] [34mcolcon.colcon_core.package_identification[0m [1;30mLevel 1[0m _identify(build) ignored
[0.133s] [34mcolcon.colcon_core.package_identification[0m [1;30mLevel 1[0m _identify(install) by extensions ['ignore', 'ignore_ament_install']
[0.133s] [34mcolcon.colcon_core.package_identification[0m [1;30mLevel 1[0m _identify(install) by extension 'ignore'
[0.133s] [34mcolcon.colcon_core.package_identification[0m [1;30mLevel 1[0m _identify(install) ignored
[0.133s] [34mcolcon.colcon_core.package_identification[0m [1;30mLevel 1[0m _identify(log) by extensions ['ignore', 'ignore_ament_install']
[0.133s] [34mcolcon.colcon_core.package_identification[0m [1;30mLevel 1[0m _identify(log) by extension 'ignore'
[0.133s] [34mcolcon.colcon_core.package_identification[0m [1;30mLevel 1[0m _identify(log) ignored
[0.133s] [34mcolcon.colcon_core.package_discovery[0m [1;30mLevel 1[0m discover_packages(recursive) using defaults
[0.133s] [34mcolcon.colcon_core.package_discovery[0m [1;30mLevel 1[0m discover_packages(ignore) discover
[0.133s] [34mcolcon.colcon_core.package_discovery[0m [1;30mLevel 1[0m discover_packages(ignore) using defaults
[0.133s] [34mcolcon.colcon_core.package_discovery[0m [1;30mLevel 1[0m discover_packages(path) discover
[0.133s] [34mcolcon.colcon_core.package_discovery[0m [1;30mLevel 1[0m discover_packages(path) using defaults
[0.144s] [34mcolcon.colcon_core.package_discovery[0m [1;30mLevel 1[0m discover_packages(prefix_path) check parameters
[0.144s] [34mcolcon.colcon_core.package_discovery[0m [1;30mLevel 1[0m discover_packages(prefix_path) discover
[0.145s] [34mcolcon.colcon_installed_package_information.package_discovery[0m [1;30mDEBUG[0m [32mFound 2 installed packages in /home/demarco/Mapping2026/SLAM/install[0m
[0.145s] [34mcolcon.colcon_installed_package_information.package_discovery[0m [1;30mDEBUG[0m [32mFound 275 installed packages in /opt/ros/humble[0m
[0.146s] [34mcolcon.colcon_core.package_discovery[0m [1;30mLevel 1[0m discover_packages(prefix_path) using defaults
[0.175s] [34mcolcon.colcon_core.verb[0m [1;30mLevel 5[0m set package 'first_slam' build argument 'cmake_args' from command line to 'None'
[0.175s] [34mcolcon.colcon_core.verb[0m [1;30mLevel 5[0m set package 'first_slam' build argument 'cmake_target' from command line to 'None'
[0.175s] [34mcolcon.colcon_core.verb[0m [1;30mLevel 5[0m set package 'first_slam' build argument 'cmake_target_skip_unavailable' from command line to 'False'
[0.175s] [34mcolcon.colcon_core.verb[0m [1;30mLevel 5[0m set package 'first_slam' build argument 'cmake_clean_cache' from command line to 'False'
[0.175s] [34mcolcon.colcon_core.verb[0m [1;30mLevel 5[0m set package 'first_slam' build argument 'cmake_clean_first' from command line to 'False'
[0.175s] [34mcolcon.colcon_core.verb[0m [1;30mLevel 5[0m set package 'first_slam' build argument 'cmake_force_configure' from command line to 'False'
[0.175s] [34mcolcon.colcon_core.verb[0m [1;30mLevel 5[0m set package 'first_slam' build argument 'ament_cmake_args' from command line to 'None'
[0.175s] [34mcolcon.colcon_core.verb[0m [1;30mLevel 5[0m set package 'first_slam' build argument 'catkin_cmake_args' from command line to 'None'
[0.175s] [34mcolcon.colcon_core.verb[0m [1;30mLevel 5[0m set package 'first_slam' build argument 'catkin_skip_building_tests' from command line to 'False'
[0.175s] [34mcolcon.colcon_core.verb[0m [1;30mDEBUG[0m [32mBuilding package 'first_slam' with the following arguments: {'ament_cmake_args': None, 'build_base': '/home/demarco/Mapping2026/SLAM/build/first_slam', 'catkin_cmake_args': None, 'catkin_skip_building_tests': False, 'cmake_args': None, 'cmake_clean_cache': False, 'cmake_clean_first': False, 'cmake_force_configure': False, 'cmake_target': None, 'cmake_target_skip_unavailable': False, 'install_base': '/home/demarco/Mapping2026/SLAM/install/first_slam', 'merge_install': False, 'path': '/home/demarco/Mapping2026/SLAM/SLAM/src/first_slam', 'symlink_install': False, 'test_result_base': None}[0m
[0.175s] [34mcolcon.colcon_core.verb[0m [1;30mLevel 5[0m set package 'simulator_comunication' build argument 'cmake_args' from command line to 'None'
[0.175s] [34mcolcon.colcon_core.verb[0m [1;30mLevel 5[0m set package 'simulator_comunication' build argument 'cmake_target' from command line to 'None'
[0.175s] [34mcolcon.colcon_core.verb[0m [1;30mLevel 5[0m set package 'simulator_comunication' build argument 'cmake_target_skip_unavailable' from command line to 'False'
[0.175s] [34mcolcon.colcon_core.verb[0m [1;30mLevel 5[0m set package 'simulator_comunication' build argument 'cmake_clean_cache' from command line to 'False'
[0.175s] [34mcolcon.colcon_core.verb[0m [1;30mLevel 5[0m set package 'simulator_comunication' build argument 'cmake_clean_first' from command line to 'False'
[0.175s] [34mcolcon.colcon_core.verb[0m [1;30mLevel 5[0m set package 'simulator_comunication' build argument 'cmake_force_configure' from command line to 'False'
[0.175s] [34mcolcon.colcon_core.verb[0m [1;30mLevel 5[0m set package 'simulator_comunication' build argument 'ament_cmake_args' from command line to 'None'
[0.175s] [34mcolcon.colcon_core.verb[0m [1;30mLevel 5[0m set package 'simulator_comunication' build argument 'catkin_cmake_args' from command line to 'None'
[0.175s] [34mcolcon.colcon_core.verb[0m [1;30mLevel 5[0m set package 'simulator_comunication' build argument 'catkin_skip_building_tests' from command line to 'False'
[0.175s] [34mcolcon.colcon_core.verb[0m [1;30mDEBUG[0m [32mBuilding package 'simulator_comunication' with the following arguments: {'ament_cmake_args': None, 'build_base': '/home/demarco/Mapping2026/SLAM/build/simulator_comunication', 'catkin_cmake_args': None, 'catkin_skip_building_tests': False, 'cmake_args': None, 'cmake_clean_cache': False, 'cmake_clean_first': False, 'cmake_force_configure': False, 'cmake_target': None, 'cmake_target_skip_unavailable': False, 'install_base': '/home/demarco/Mapping2026/SLAM/install/simulator_comunication', 'merge_install': False, 'path': '/home/demarco/Mapping2026/SLAM/SLAM/src/simulator_comunication', 'symlink_install': False, 'test_result_base': None}[0m
[0.175s] [34mcolcon.colcon_core.executor[0m [1;30mINFO[0m Executing jobs using 'parallel' executor
[0.176s] [34mcolcon.colcon_parallel_executor.executor.parallel[0m [1;30mDEBUG[0m [32mrun_until_complete[0m
[0.176s] [34mcolcon.colcon_ros.task.ament_python.build[0m [1;30mINFO[0m Building ROS package in '/home/demarco/Mapping2026/SLAM/SLAM/src/first_slam' with build type 'ament_python'
[0.177s] [34mcolcon.colcon_core.shell[0m [1;30mLevel 1[0m create_environment_hook('first_slam', 'ament_prefix_path')
[0.178s] [34mcolcon.colcon_core.plugin_system[0m [1;30mINFO[0m Skipping extension 'colcon_core.shell.bat': Not used on non-Windows systems
[0.178s] [34mcolcon.colcon_core.shell[0m [1;30mINFO[0m Creating environment hook '/home/demarco/Mapping2026/SLAM/install/first_slam/share/first_slam/hook/ament_prefix_path.ps1'
[0.178s] [34mcolcon.colcon_core.shell[0m [1;30mINFO[0m Creating environment descriptor '/home/demarco/Mapping2026/SLAM/install/first_slam/share/first_slam/hook/ament_prefix_path.dsv'
[0.179s] [34mcolcon.colcon_core.shell[0m [1;30mINFO[0m Creating environment hook '/home/demarco/Mapping2026/SLAM/install/first_slam/share/first_slam/hook/ament_prefix_path.sh'
[0.179s] [34mcolcon.colcon_core.shell[0m [1;30mINFO[0m Skip shell extension 'powershell' for command environment: Not usable outside of PowerShell
[0.179s] [34mcolcon.colcon_core.shell[0m [1;30mDEBUG[0m [32mSkip shell extension 'dsv' for command environment[0m
[0.181s] [34mcolcon.colcon_ros.task.ament_python.build[0m [1;30mINFO[0m Building ROS package in '/home/demarco/Mapping2026/SLAM/SLAM/src/simulator_comunication' with build type 'ament_python'
[0.181s] [34mcolcon.colcon_core.shell[0m [1;30mLevel 1[0m create_environment_hook('simulator_comunication', 'ament_prefix_path')
[0.181s] [34mcolcon.colcon_core.shell[0m [1;30mINFO[0m Creating environment hook '/home/demarco/Mapping2026/SLAM/install/simulator_comunication/share/simulator_comunication/hook/ament_prefix_path.ps1'
[0.182s] [34mcolcon.colcon_core.shell[0m [1;30mINFO[0m Creating environment descriptor '/home/demarco/Mapping2026/SLAM/install/simulator_comunication/share/simulator_comunication/hook/ament_prefix_path.dsv'
[0.182s] [34mcolcon.colcon_core.shell[0m [1;30mINFO[0m Creating environment hook '/home/demarco/Mapping2026/SLAM/install/simulator_comunication/share/simulator_comunication/hook/ament_prefix_path.sh'
[0.182s] [34mcolcon.colcon_core.shell[0m [1;30mINFO[0m Skip shell extension 'powershell' for command environment: Not usable outside of PowerShell
[0.182s] [34mcolcon.colcon_core.shell[0m [1;30mDEBUG[0m [32mSkip shell extension 'dsv' for command environment[0m
[0.314s] [34mcolcon.colcon_core.task.python.build[0m [1;30mINFO[0m Building Python package in '/home/demarco/Mapping2026/SLAM/SLAM/src/first_slam'
[0.314s] [34mcolcon.colcon_core.shell[0m [1;30mINFO[0m Skip shell extension 'powershell' for command environment: Not usable outside of PowerShell
[0.314s] [34mcolcon.colcon_core.shell[0m [1;30mDEBUG[0m [32mSkip shell extension 'dsv' for command environment[0m
[0.449s] [34mcolcon.colcon_core.task.python.build[0m [1;30mINFO[0m Building Python package in '/home/demarco/Mapping2026/SLAM/SLAM/src/simulator_comunication'
[0.449s] [34mcolcon.colcon_core.shell[0m [1;30mINFO[0m Skip shell extension 'powershell' for command environment: Not usable outside of PowerShell
[0.449s] [34mcolcon.colcon_core.shell[0m [1;30mDEBUG[0m [32mSkip shell extension 'dsv' for command environment[0m
[0.782s] [34mcolcon.colcon_core.task.python.build[0m [1;30mDEBUG[0m [32mAvailable setuptools commands: editable_wheel, develop, install, saveopts, build, clean, bdist_wheel, build_ext, rotate, build_scripts, dist_info, install_data, install_scripts, easy_install, alias, build_clib, build_py, install_headers, egg_info, symlink_data, bdist_rpm, setopt, sdist, install_egg_info, install_lib, bdist_egg, bdist_dumb, check, bdist[0m
[0.783s] [34mcolcon.colcon_core.event_handler.log_command[0m [1;30mDEBUG[0m [32mInvoking command in '/home/demarco/Mapping2026/SLAM/SLAM/src/first_slam': PYTHONPATH=/home/demarco/Mapping2026/SLAM/build/first_slam/prefix_override:/usr/lib/python3/dist-packages/colcon_core/task/python/colcon_distutils_commands:/home/demarco/Mapping2026/SLAM/install/first_slam/lib/python3.10/site-packages:${PYTHONPATH} /usr/bin/python3 -W ignore:setup.py install is deprecated -W ignore:easy_install command is deprecated setup.py egg_info --egg-base ../../../build/first_slam build --build-base /home/demarco/Mapping2026/SLAM/build/first_slam/build install --record /home/demarco/Mapping2026/SLAM/build/first_slam/install.log --install-scripts $base/lib/first_slam --single-version-externally-managed install_data[0m
[0.793s] [34mcolcon.colcon_core.task.python.build[0m [1;30mDEBUG[0m [32mAvailable setuptools commands: editable_wheel, develop, install, saveopts, build, clean, bdist_wheel, build_ext, rotate, build_scripts, dist_info, install_data, install_scripts, easy_install, alias, build_clib, build_py, install_headers, egg_info, symlink_data, bdist_rpm, setopt, sdist, install_egg_info, install_lib, bdist_egg, bdist_dumb, check, bdist[0m
[0.795s] [34mcolcon.colcon_core.event_handler.log_command[0m [1;30mDEBUG[0m [32mInvoking command in '/home/demarco/Mapping2026/SLAM/SLAM/src/simulator_comunication': PYTHONPATH=/home/demarco/Mapping2026/SLAM/build/simulator_comunication/prefix_override:/usr/lib/python3/dist-packages/colcon_core/task/python/colcon_distutils_commands:/home/demarco/Mapping2026/SLAM/install/simulator_comunication/lib/python3.10/site-packages:${PYTHONPATH} /usr/bin/python3 -W ignore:setup.py install is deprecated -W ignore:easy_install command is deprecated setup.py egg_info --egg-base ../../../build/simulator_comunication build --build-base /home/demarco/Mapping2026/SLAM/build/simulator_comunication/build install --record /home/demarco/Mapping2026/SLAM/build/simulator_comunication/install.log --install-scripts $base/lib/simulator_comunication --single-version-externally-managed install_data[0m
[1.078s] [34mcolcon.colcon_core.event_handler.log_command[0m [1;30mDEBUG[0m [32mInvoked command in '/home/demarco/Mapping2026/SLAM/SLAM/src/first_slam' returned '0': PYTHONPATH=/home/demarco/Mapping2026/SLAM/build/first_slam/prefix_override:/usr/lib/python3/dist-packages/colcon_core/task/python/colcon_distutils_commands:/home/demarco/Mapping2026/SLAM/install/first_slam/lib/python3.10/site-packages:${PYTHONPATH} /usr/bin/python3 -W ignore:setup.py install is deprecated -W ignore:easy_install command is deprecated setup.py egg_info --egg-base ../../../build/first_slam build --build-base /home/demarco/Mapping2026/SLAM/build/first_slam/build install --record /home/demarco/Mapping2026/SLAM/build/first_slam/install.log --install-scripts $base/lib/first_slam --single-version-externally-managed install_data[0m
[1.080s] [34mcolcon.colcon_core.environment[0m [1;30mLevel 1[0m checking '/home/demarco/Mapping2026/SLAM/install/first_slam' for CMake module files
[1.080s] [34mcolcon.colcon_core.environment[0m [1;30mLevel 1[0m checking '/home/demarco/Mapping2026/SLAM/install/first_slam' for CMake config files
[1.080s] [34mcolcon.colcon_core.environment[0m [1;30mLevel 1[0m checking '/home/demarco/Mapping2026/SLAM/install/first_slam/lib'
[1.080s] [34mcolcon.colcon_core.environment[0m [1;30mLevel 1[0m checking '/home/demarco/Mapping2026/SLAM/install/first_slam/bin'
[1.080s] [34mcolcon.colcon_core.environment[0m [1;30mLevel 1[0m checking '/home/demarco/Mapping2026/SLAM/install/first_slam/lib/pkgconfig/first_slam.pc'
[1.080s] [34mcolcon.colcon_core.environment[0m [1;30mLevel 1[0m checking '/home/demarco/Mapping2026/SLAM/install/first_slam/lib/python3.10/site-packages'
[1.081s] [34mcolcon.colcon_core.shell[0m [1;30mLevel 1[0m create_environment_hook('first_slam', 'pythonpath')
[1.081s] [34mcolcon.colcon_core.shell[0m [1;30mINFO[0m Creating environment hook '/home/demarco/Mapping2026/SLAM/install/first_slam/share/first_slam/hook/pythonpath.ps1'
[1.081s] [34mcolcon.colcon_core.shell[0m [1;30mINFO[0m Creating environment descriptor '/home/demarco/Mapping2026/SLAM/install/first_slam/share/first_slam/hook/pythonpath.dsv'
[1.081s] [34mcolcon.colcon_core.shell[0m [1;30mINFO[0m Creating environment hook '/home/demarco/Mapping2026/SLAM/install/first_slam/share/first_slam/hook/pythonpath.sh'
[1.082s] [34mcolcon.colcon_core.environment[0m [1;30mLevel 1[0m checking '/home/demarco/Mapping2026/SLAM/install/first_slam/bin'
[1.082s] [34mcolcon.colcon_core.environment[0m [1;30mLevel 1[0m create_environment_scripts_only(first_slam)
[1.082s] [34mcolcon.colcon_core.shell[0m [1;30mINFO[0m Creating package script '/home/demarco/Mapping2026/SLAM/install/first_slam/share/first_slam/package.ps1'
[1.083s] [34mcolcon.colcon_core.shell[0m [1;30mINFO[0m Creating package descriptor '/home/demarco/Mapping2026/SLAM/install/first_slam/share/first_slam/package.dsv'
[1.083s] [34mcolcon.colcon_core.shell[0m [1;30mINFO[0m Creating package script '/home/demarco/Mapping2026/SLAM/install/first_slam/share/first_slam/package.sh'
[1.084s] [34mcolcon.colcon_core.shell[0m [1;30mINFO[0m Creating package script '/home/demarco/Mapping2026/SLAM/install/first_slam/share/first_slam/package.bash'
[1.084s] [34mcolcon.colcon_core.shell[0m [1;30mINFO[0m Creating package script '/home/demarco/Mapping2026/SLAM/install/first_slam/share/first_slam/package.zsh'
[1.084s] [34mcolcon.colcon_core.environment[0m [1;30mLevel 1[0m create_file_with_runtime_dependencies(/home/demarco/Mapping2026/SLAM/install/first_slam/share/colcon-core/packages/first_slam)
[1.085s] [34mcolcon.colcon_core.environment[0m [1;30mLevel 1[0m checking '/home/demarco/Mapping2026/SLAM/install/simulator_comunication' for CMake module files
[1.086s] [34mcolcon.colcon_core.event_handler.log_command[0m [1;30mDEBUG[0m [32mInvoked command in '/home/demarco/Mapping2026/SLAM/SLAM/src/simulator_comunication' returned '0': PYTHONPATH=/home/demarco/Mapping2026/SLAM/build/simulator_comunication/prefix_override:/usr/lib/python3/dist-packages/colcon_core/task/python/colcon_distutils_commands:/home/demarco/Mapping2026/SLAM/install/simulator_comunication/lib/python3.10/site-packages:${PYTHONPATH} /usr/bin/python3 -W ignore:setup.py install is deprecated -W ignore:easy_install command is deprecated setup.py egg_info --egg-base ../../../build/simulator_comunication build --build-base /home/demarco/Mapping2026/SLAM/build/simulator_comunication/build install --record /home/demarco/Mapping2026/SLAM/build/simulator_comunication/install.log --install-scripts $base/lib/simulator_comunication --single-version-externally-managed install_data[0m
[1.086s] [34mcolcon.colcon_core.environment[0m [1;30mLevel 1[0m checking '/home/demarco/Mapping2026/SLAM/install/simulator_comunication' for CMake config files
[1.086s] [34mcolcon.colcon_core.environment[0m [1;30mLevel 1[0m checking '/home/demarco/Mapping2026/SLAM/install/simulator_comunication/lib'
[1.086s] [34mcolcon.colcon_core.environment[0m [1;30mLevel 1[0m checking '/home/demarco/Mapping2026/SLAM/install/simulator_comunication/bin'
[1.086s] [34mcolcon.colcon_core.environment[0m [1;30mLevel 1[0m checking '/home/demarco/Mapping2026/SLAM/install/simulator_comunication/lib/pkgconfig/simulator_comunication.pc'
[1.087s] [34mcolcon.colcon_core.environment[0m [1;30mLevel 1[0m checking '/home/demarco/Mapping2026/SLAM/install/simulator_comunication/lib/python3.10/site-packages'
[1.087s] [34mcolcon.colcon_core.shell[0m [1;30mLevel 1[0m create_environment_hook('simulator_comunication', 'pythonpath')
[1.087s] [34mcolcon.colcon_core.shell[0m [1;30mINFO[0m Creating environment hook '/home/demarco/Mapping2026/SLAM/install/simulator_comunication/share/simulator_comunication/hook/pythonpath.ps1'
[1.087s] [34mcolcon.colcon_core.shell[0m [1;30mINFO[0m Creating environment descriptor '/home/demarco/Mapping2026/SLAM/install/simulator_comunication/share/simulator_comunication/hook/pythonpath.dsv'
[1.087s] [34mcolcon.colcon_core.shell[0m [1;30mINFO[0m Creating environment hook '/home/demarco/Mapping2026/SLAM/install/simulator_comunication/share/simulator_comunication/hook/pythonpath.sh'
[1.088s] [34mcolcon.colcon_core.environment[0m [1;30mLevel 1[0m checking '/home/demarco/Mapping2026/SLAM/install/simulator_comunication/bin'
[1.088s] [34mcolcon.colcon_core.environment[0m [1;30mLevel 1[0m create_environment_scripts_only(simulator_comunication)
[1.088s] [34mcolcon.colcon_core.shell[0m [1;30mINFO[0m Creating package script '/home/demarco/Mapping2026/SLAM/install/simulator_comunication/share/simulator_comunication/package.ps1'
[1.089s] [34mcolcon.colcon_core.shell[0m [1;30mINFO[0m Creating package descriptor '/home/demarco/Mapping2026/SLAM/install/simulator_comunication/share/simulator_comunication/package.dsv'
[1.089s] [34mcolcon.colcon_core.shell[0m [1;30mINFO[0m Creating package script '/home/demarco/Mapping2026/SLAM/install/simulator_comunication/share/simulator_comunication/package.sh'
[1.089s] [34mcolcon.colcon_core.shell[0m [1;30mINFO[0m Creating package script '/home/demarco/Mapping2026/SLAM/install/simulator_comunication/share/simulator_comunication/package.bash'
[1.090s] [34mcolcon.colcon_core.shell[0m [1;30mINFO[0m Creating package script '/home/demarco/Mapping2026/SLAM/install/simulator_comunication/share/simulator_comunication/package.zsh'
[1.090s] [34mcolcon.colcon_core.environment[0m [1;30mLevel 1[0m create_file_with_runtime_dependencies(/home/demarco/Mapping2026/SLAM/install/simulator_comunication/share/colcon-core/packages/simulator_comunication)
[1.090s] [34mcolcon.colcon_parallel_executor.executor.parallel[0m [1;30mDEBUG[0m [32mclosing loop[0m
[1.090s] [34mcolcon.colcon_parallel_executor.executor.parallel[0m [1;30mDEBUG[0m [32mloop closed[0m
[1.090s] [34mcolcon.colcon_parallel_executor.executor.parallel[0m [1;30mDEBUG[0m [32mrun_until_complete finished with '0'[0m
[1.090s] [34mcolcon.colcon_core.event_reactor[0m [1;30mDEBUG[0m [32mjoining thread[0m
[1.094s] [34mcolcon.colcon_core.plugin_system[0m [1;30mINFO[0m Skipping extension 'colcon_notification.desktop_notification.terminal_notifier': Not used on non-Darwin systems
[1.094s] [34mcolcon.colcon_core.plugin_system[0m [1;30mINFO[0m Skipping extension 'colcon_notification.desktop_notification.win32': Not used on non-Windows systems
[1.094s] [34mcolcon.colcon_notification.desktop_notification[0m [1;30mINFO[0m Sending desktop notification using 'notify2'
[1.101s] [34mcolcon.colcon_core.event_reactor[0m [1;30mDEBUG[0m [32mjoined thread[0m
[1.101s] [34mcolcon.colcon_core.shell[0m [1;30mINFO[0m Creating prefix script '/home/demarco/Mapping2026/SLAM/install/local_setup.ps1'
[1.102s] [34mcolcon.colcon_core.shell[0m [1;30mINFO[0m Creating prefix util module '/home/demarco/Mapping2026/SLAM/install/_local_setup_util_ps1.py'
[1.102s] [34mcolcon.colcon_core.shell[0m [1;30mINFO[0m Creating prefix chain script '/home/demarco/Mapping2026/SLAM/install/setup.ps1'
[1.103s] [34mcolcon.colcon_core.shell[0m [1;30mINFO[0m Creating prefix script '/home/demarco/Mapping2026/SLAM/install/local_setup.sh'
[1.103s] [34mcolcon.colcon_core.shell[0m [1;30mINFO[0m Creating prefix util module '/home/demarco/Mapping2026/SLAM/install/_local_setup_util_sh.py'
[1.104s] [34mcolcon.colcon_core.shell[0m [1;30mINFO[0m Creating prefix chain script '/home/demarco/Mapping2026/SLAM/install/setup.sh'
[1.105s] [34mcolcon.colcon_core.shell[0m [1;30mINFO[0m Creating prefix script '/home/demarco/Mapping2026/SLAM/install/local_setup.bash'
[1.105s] [34mcolcon.colcon_core.shell[0m [1;30mINFO[0m Creating prefix chain script '/home/demarco/Mapping2026/SLAM/install/setup.bash'
[1.105s] [34mcolcon.colcon_core.shell[0m [1;30mINFO[0m Creating prefix script '/home/demarco/Mapping2026/SLAM/install/local_setup.zsh'
[1.106s] [34mcolcon.colcon_core.shell[0m [1;30mINFO[0m Creating prefix chain script '/home/demarco/Mapping2026/SLAM/install/setup.zsh'
