running egg_info
writing ../../build/first_slam/first_slam.egg-info/PKG-INFO
writing dependency_links to ../../build/first_slam/first_slam.egg-info/dependency_links.txt
writing entry points to ../../build/first_slam/first_slam.egg-info/entry_points.txt
writing requirements to ../../build/first_slam/first_slam.egg-info/requires.txt
writing top-level names to ../../build/first_slam/first_slam.egg-info/top_level.txt
reading manifest file '../../build/first_slam/first_slam.egg-info/SOURCES.txt'
writing manifest file '../../build/first_slam/first_slam.egg-info/SOURCES.txt'
running build
running build_py
copying first_slam/slam_node.py -> /home/felipe_capovilla/Documents/E-Racing/Mapping/SLAM/build/first_slam/build/lib/first_slam
running install
running install_lib
copying /home/felipe_capovilla/Documents/E-Racing/Mapping/SLAM/build/first_slam/build/lib/first_slam/slam_node.py -> /home/felipe_capovilla/Documents/E-Racing/Mapping/SLAM/install/first_slam/lib/python3.10/site-packages/first_slam
byte-compiling /home/felipe_capovilla/Documents/E-Racing/Mapping/SLAM/install/first_slam/lib/python3.10/site-packages/first_slam/slam_node.py to slam_node.cpython-310.pyc
running install_data
running install_egg_info
removing '/home/felipe_capovilla/Documents/E-Racing/Mapping/SLAM/install/first_slam/lib/python3.10/site-packages/first_slam-0.0.0-py3.10.egg-info' (and everything under it)
Copying ../../build/first_slam/first_slam.egg-info to /home/felipe_capovilla/Documents/E-Racing/Mapping/SLAM/install/first_slam/lib/python3.10/site-packages/first_slam-0.0.0-py3.10.egg-info
running install_scripts
writing list of installed files to '/home/felipe_capovilla/Documents/E-Racing/Mapping/SLAM/build/first_slam/install.log'
