[0.416s] Invoking command in '/home/felipe_capovilla/Documents/E-Racing/Mapping/SLAM/src/first_slam': PYTHONPATH=/home/felipe_capovilla/Documents/E-Racing/Mapping/SLAM/build/first_slam/prefix_override:/usr/lib/python3/dist-packages/colcon_core/task/python/colcon_distutils_commands:/home/felipe_capovilla/Documents/E-Racing/Mapping/SLAM/install/first_slam/lib/python3.10/site-packages:${PYTHONPATH} /usr/bin/python3 -W ignore:setup.py install is deprecated -W ignore:easy_install command is deprecated setup.py egg_info --egg-base ../../build/first_slam build --build-base /home/felipe_capovilla/Documents/E-Racing/Mapping/SLAM/build/first_slam/build install --record /home/felipe_capovilla/Documents/E-Racing/Mapping/SLAM/build/first_slam/install.log --single-version-externally-managed install_data
[0.523s] running egg_info
[0.523s] creating ../../build/first_slam/first_slam.egg-info
[0.524s] writing ../../build/first_slam/first_slam.egg-info/PKG-INFO
[0.524s] writing dependency_links to ../../build/first_slam/first_slam.egg-info/dependency_links.txt
[0.524s] writing entry points to ../../build/first_slam/first_slam.egg-info/entry_points.txt
[0.524s] writing requirements to ../../build/first_slam/first_slam.egg-info/requires.txt
[0.524s] writing top-level names to ../../build/first_slam/first_slam.egg-info/top_level.txt
[0.524s] writing manifest file '../../build/first_slam/first_slam.egg-info/SOURCES.txt'
[0.525s] reading manifest file '../../build/first_slam/first_slam.egg-info/SOURCES.txt'
[0.525s] writing manifest file '../../build/first_slam/first_slam.egg-info/SOURCES.txt'
[0.525s] running build
[0.525s] running build_py
[0.525s] creating /home/felipe_capovilla/Documents/E-Racing/Mapping/SLAM/build/first_slam/build
[0.525s] creating /home/felipe_capovilla/Documents/E-Racing/Mapping/SLAM/build/first_slam/build/lib
[0.525s] creating /home/felipe_capovilla/Documents/E-Racing/Mapping/SLAM/build/first_slam/build/lib/first_slam
[0.525s] copying first_slam/slam_node.py -> /home/felipe_capovilla/Documents/E-Racing/Mapping/SLAM/build/first_slam/build/lib/first_slam
[0.525s] copying first_slam/__init__.py -> /home/felipe_capovilla/Documents/E-Racing/Mapping/SLAM/build/first_slam/build/lib/first_slam
[0.525s] running install
[0.525s] running install_lib
[0.526s] creating /home/felipe_capovilla/Documents/E-Racing/Mapping/SLAM/install/first_slam/lib/python3.10/site-packages/first_slam
[0.526s] copying /home/felipe_capovilla/Documents/E-Racing/Mapping/SLAM/build/first_slam/build/lib/first_slam/slam_node.py -> /home/felipe_capovilla/Documents/E-Racing/Mapping/SLAM/install/first_slam/lib/python3.10/site-packages/first_slam
[0.526s] copying /home/felipe_capovilla/Documents/E-Racing/Mapping/SLAM/build/first_slam/build/lib/first_slam/__init__.py -> /home/felipe_capovilla/Documents/E-Racing/Mapping/SLAM/install/first_slam/lib/python3.10/site-packages/first_slam
[0.526s] byte-compiling /home/felipe_capovilla/Documents/E-Racing/Mapping/SLAM/install/first_slam/lib/python3.10/site-packages/first_slam/slam_node.py to slam_node.cpython-310.pyc
[0.526s] byte-compiling /home/felipe_capovilla/Documents/E-Racing/Mapping/SLAM/install/first_slam/lib/python3.10/site-packages/first_slam/__init__.py to __init__.cpython-310.pyc
[0.526s] running install_data
[0.526s] creating /home/felipe_capovilla/Documents/E-Racing/Mapping/SLAM/install/first_slam/share/ament_index
[0.526s] creating /home/felipe_capovilla/Documents/E-Racing/Mapping/SLAM/install/first_slam/share/ament_index/resource_index
[0.526s] creating /home/felipe_capovilla/Documents/E-Racing/Mapping/SLAM/install/first_slam/share/ament_index/resource_index/packages
[0.526s] copying resource/first_slam -> /home/felipe_capovilla/Documents/E-Racing/Mapping/SLAM/install/first_slam/share/ament_index/resource_index/packages
[0.526s] copying package.xml -> /home/felipe_capovilla/Documents/E-Racing/Mapping/SLAM/install/first_slam/share/first_slam
[0.526s] running install_egg_info
[0.527s] Copying ../../build/first_slam/first_slam.egg-info to /home/felipe_capovilla/Documents/E-Racing/Mapping/SLAM/install/first_slam/lib/python3.10/site-packages/first_slam-0.0.0-py3.10.egg-info
[0.527s] running install_scripts
[0.537s] writing list of installed files to '/home/felipe_capovilla/Documents/E-Racing/Mapping/SLAM/build/first_slam/install.log'
[0.553s] Invoked command in '/home/felipe_capovilla/Documents/E-Racing/Mapping/SLAM/src/first_slam' returned '0': PYTHONPATH=/home/felipe_capovilla/Documents/E-Racing/Mapping/SLAM/build/first_slam/prefix_override:/usr/lib/python3/dist-packages/colcon_core/task/python/colcon_distutils_commands:/home/felipe_capovilla/Documents/E-Racing/Mapping/SLAM/install/first_slam/lib/python3.10/site-packages:${PYTHONPATH} /usr/bin/python3 -W ignore:setup.py install is deprecated -W ignore:easy_install command is deprecated setup.py egg_info --egg-base ../../build/first_slam build --build-base /home/felipe_capovilla/Documents/E-Racing/Mapping/SLAM/build/first_slam/build install --record /home/felipe_capovilla/Documents/E-Racing/Mapping/SLAM/build/first_slam/install.log --single-version-externally-managed install_data
