[0.707s] Invoking command in '/home/demarco/Mapping2026/Pipeline/src/autonomous_vehicle': PYTHONPATH=/home/demarco/Mapping2026/Pipeline/build/autonomous_vehicle/prefix_override:/usr/lib/python3/dist-packages/colcon_core/task/python/colcon_distutils_commands:/home/demarco/Mapping2026/Pipeline/install/autonomous_vehicle/lib/python3.10/site-packages:${PYTHONPATH} /usr/bin/python3 -W ignore:setup.py install is deprecated -W ignore:easy_install command is deprecated setup.py egg_info --egg-base ../../build/autonomous_vehicle build --build-base /home/demarco/Mapping2026/Pipeline/build/autonomous_vehicle/build install --record /home/demarco/Mapping2026/Pipeline/build/autonomous_vehicle/install.log --install-scripts $base/lib/autonomous_vehicle --single-version-externally-managed install_data
[0.867s] running egg_info
[0.876s] writing ../../build/autonomous_vehicle/autonomous_vehicle.egg-info/PKG-INFO
[0.876s] writing dependency_links to ../../build/autonomous_vehicle/autonomous_vehicle.egg-info/dependency_links.txt
[0.876s] writing entry points to ../../build/autonomous_vehicle/autonomous_vehicle.egg-info/entry_points.txt
[0.876s] writing requirements to ../../build/autonomous_vehicle/autonomous_vehicle.egg-info/requires.txt
[0.876s] writing top-level names to ../../build/autonomous_vehicle/autonomous_vehicle.egg-info/top_level.txt
[0.896s] reading manifest file '../../build/autonomous_vehicle/autonomous_vehicle.egg-info/SOURCES.txt'
[0.898s] writing manifest file '../../build/autonomous_vehicle/autonomous_vehicle.egg-info/SOURCES.txt'
[0.898s] running build
[0.898s] running build_py
[0.898s] copying autonomous_vehicle/perception.py -> /home/demarco/Mapping2026/Pipeline/build/autonomous_vehicle/build/lib/autonomous_vehicle
[0.898s] copying autonomous_vehicle/pathPlanning.py -> /home/demarco/Mapping2026/Pipeline/build/autonomous_vehicle/build/lib/autonomous_vehicle
[0.898s] copying autonomous_vehicle/carNode.py -> /home/demarco/Mapping2026/Pipeline/build/autonomous_vehicle/build/lib/autonomous_vehicle
[0.898s] running install
[0.901s] running install_lib
[0.910s] running install_data
[0.910s] running install_egg_info
[0.919s] removing '/home/demarco/Mapping2026/Pipeline/install/autonomous_vehicle/lib/python3.10/site-packages/autonomous_vehicle-0.0.0-py3.10.egg-info' (and everything under it)
[0.920s] Copying ../../build/autonomous_vehicle/autonomous_vehicle.egg-info to /home/demarco/Mapping2026/Pipeline/install/autonomous_vehicle/lib/python3.10/site-packages/autonomous_vehicle-0.0.0-py3.10.egg-info
[0.921s] running install_scripts
[0.988s] Installing CarNode script to /home/demarco/Mapping2026/Pipeline/install/autonomous_vehicle/lib/autonomous_vehicle
[0.988s] writing list of installed files to '/home/demarco/Mapping2026/Pipeline/build/autonomous_vehicle/install.log'
[1.014s] Invoked command in '/home/demarco/Mapping2026/Pipeline/src/autonomous_vehicle' returned '0': PYTHONPATH=/home/demarco/Mapping2026/Pipeline/build/autonomous_vehicle/prefix_override:/usr/lib/python3/dist-packages/colcon_core/task/python/colcon_distutils_commands:/home/demarco/Mapping2026/Pipeline/install/autonomous_vehicle/lib/python3.10/site-packages:${PYTHONPATH} /usr/bin/python3 -W ignore:setup.py install is deprecated -W ignore:easy_install command is deprecated setup.py egg_info --egg-base ../../build/autonomous_vehicle build --build-base /home/demarco/Mapping2026/Pipeline/build/autonomous_vehicle/build install --record /home/demarco/Mapping2026/Pipeline/build/autonomous_vehicle/install.log --install-scripts $base/lib/autonomous_vehicle --single-version-externally-managed install_data
