[0.669s] Invoking command in '/home/demarco/Mapping2026/Pipeline/src/autonomous_vehicle': PYTHONPATH=/home/demarco/Mapping2026/Pipeline/build/autonomous_vehicle/prefix_override:/usr/lib/python3/dist-packages/colcon_core/task/python/colcon_distutils_commands:/home/demarco/Mapping2026/Pipeline/install/autonomous_vehicle/lib/python3.10/site-packages:${PYTHONPATH} /usr/bin/python3 -W ignore:setup.py install is deprecated -W ignore:easy_install command is deprecated setup.py egg_info --egg-base ../../build/autonomous_vehicle build --build-base /home/demarco/Mapping2026/Pipeline/build/autonomous_vehicle/build install --record /home/demarco/Mapping2026/Pipeline/build/autonomous_vehicle/install.log --install-scripts $base/lib/autonomous_vehicle --single-version-externally-managed install_data
[0.851s] running egg_info
[0.860s] writing ../../build/autonomous_vehicle/autonomous_vehicle.egg-info/PKG-INFO
[0.869s] writing dependency_links to ../../build/autonomous_vehicle/autonomous_vehicle.egg-info/dependency_links.txt
[0.869s] writing entry points to ../../build/autonomous_vehicle/autonomous_vehicle.egg-info/entry_points.txt
[0.869s] writing requirements to ../../build/autonomous_vehicle/autonomous_vehicle.egg-info/requires.txt
[0.869s] writing top-level names to ../../build/autonomous_vehicle/autonomous_vehicle.egg-info/top_level.txt
[0.890s] reading manifest file '../../build/autonomous_vehicle/autonomous_vehicle.egg-info/SOURCES.txt'
[0.891s] writing manifest file '../../build/autonomous_vehicle/autonomous_vehicle.egg-info/SOURCES.txt'
[0.891s] running build
[0.891s] running build_py
[0.891s] running install
[0.894s] running install_lib
[0.906s] running install_data
[0.906s] running install_egg_info
[0.916s] removing '/home/demarco/Mapping2026/Pipeline/install/autonomous_vehicle/lib/python3.10/site-packages/autonomous_vehicle-0.0.0-py3.10.egg-info' (and everything under it)
[0.916s] Copying ../../build/autonomous_vehicle/autonomous_vehicle.egg-info to /home/demarco/Mapping2026/Pipeline/install/autonomous_vehicle/lib/python3.10/site-packages/autonomous_vehicle-0.0.0-py3.10.egg-info
[0.917s] running install_scripts
[0.992s] Installing CarNode script to /home/demarco/Mapping2026/Pipeline/install/autonomous_vehicle/lib/autonomous_vehicle
[0.992s] writing list of installed files to '/home/demarco/Mapping2026/Pipeline/build/autonomous_vehicle/install.log'
[1.017s] Invoked command in '/home/demarco/Mapping2026/Pipeline/src/autonomous_vehicle' returned '0': PYTHONPATH=/home/demarco/Mapping2026/Pipeline/build/autonomous_vehicle/prefix_override:/usr/lib/python3/dist-packages/colcon_core/task/python/colcon_distutils_commands:/home/demarco/Mapping2026/Pipeline/install/autonomous_vehicle/lib/python3.10/site-packages:${PYTHONPATH} /usr/bin/python3 -W ignore:setup.py install is deprecated -W ignore:easy_install command is deprecated setup.py egg_info --egg-base ../../build/autonomous_vehicle build --build-base /home/demarco/Mapping2026/Pipeline/build/autonomous_vehicle/build install --record /home/demarco/Mapping2026/Pipeline/build/autonomous_vehicle/install.log --install-scripts $base/lib/autonomous_vehicle --single-version-externally-managed install_data
