[0.722s] Invoking command in '/home/demarco/Mapping2026/Pipeline/src/autonomous_vehicle_slam': PYTHONPATH=/home/demarco/Mapping2026/Pipeline/build/autonomous_vehicle_slam/prefix_override:/usr/lib/python3/dist-packages/colcon_core/task/python/colcon_distutils_commands:/home/demarco/Mapping2026/Pipeline/install/autonomous_vehicle_slam/lib/python3.10/site-packages:${PYTHONPATH} /usr/bin/python3 -W ignore:setup.py install is deprecated -W ignore:easy_install command is deprecated setup.py egg_info --egg-base ../../build/autonomous_vehicle_slam build --build-base /home/demarco/Mapping2026/Pipeline/build/autonomous_vehicle_slam/build install --record /home/demarco/Mapping2026/Pipeline/build/autonomous_vehicle_slam/install.log --install-scripts $base/lib/autonomous_vehicle_slam --single-version-externally-managed install_data
[0.918s] running egg_info
[0.928s] writing ../../build/autonomous_vehicle_slam/autonomous_vehicle_slam.egg-info/PKG-INFO
[0.928s] writing dependency_links to ../../build/autonomous_vehicle_slam/autonomous_vehicle_slam.egg-info/dependency_links.txt
[0.928s] writing entry points to ../../build/autonomous_vehicle_slam/autonomous_vehicle_slam.egg-info/entry_points.txt
[0.928s] writing requirements to ../../build/autonomous_vehicle_slam/autonomous_vehicle_slam.egg-info/requires.txt
[0.929s] writing top-level names to ../../build/autonomous_vehicle_slam/autonomous_vehicle_slam.egg-info/top_level.txt
[0.951s] reading manifest file '../../build/autonomous_vehicle_slam/autonomous_vehicle_slam.egg-info/SOURCES.txt'
[0.952s] writing manifest file '../../build/autonomous_vehicle_slam/autonomous_vehicle_slam.egg-info/SOURCES.txt'
[0.953s] running build
[0.953s] running build_py
[0.954s] running install
[0.956s] running install_lib
[0.970s] running install_data
[0.970s] running install_egg_info
[0.981s] removing '/home/demarco/Mapping2026/Pipeline/install/autonomous_vehicle_slam/lib/python3.10/site-packages/autonomous_vehicle_slam-0.0.0-py3.10.egg-info' (and everything under it)
[0.981s] Copying ../../build/autonomous_vehicle_slam/autonomous_vehicle_slam.egg-info to /home/demarco/Mapping2026/Pipeline/install/autonomous_vehicle_slam/lib/python3.10/site-packages/autonomous_vehicle_slam-0.0.0-py3.10.egg-info
[0.982s] running install_scripts
[1.060s] Installing CarNodeSlam script to /home/demarco/Mapping2026/Pipeline/install/autonomous_vehicle_slam/lib/autonomous_vehicle_slam
[1.060s] writing list of installed files to '/home/demarco/Mapping2026/Pipeline/build/autonomous_vehicle_slam/install.log'
[1.084s] Invoked command in '/home/demarco/Mapping2026/Pipeline/src/autonomous_vehicle_slam' returned '0': PYTHONPATH=/home/demarco/Mapping2026/Pipeline/build/autonomous_vehicle_slam/prefix_override:/usr/lib/python3/dist-packages/colcon_core/task/python/colcon_distutils_commands:/home/demarco/Mapping2026/Pipeline/install/autonomous_vehicle_slam/lib/python3.10/site-packages:${PYTHONPATH} /usr/bin/python3 -W ignore:setup.py install is deprecated -W ignore:easy_install command is deprecated setup.py egg_info --egg-base ../../build/autonomous_vehicle_slam build --build-base /home/demarco/Mapping2026/Pipeline/build/autonomous_vehicle_slam/build install --record /home/demarco/Mapping2026/Pipeline/build/autonomous_vehicle_slam/install.log --install-scripts $base/lib/autonomous_vehicle_slam --single-version-externally-managed install_data
