[0.110s] DEBUG:colcon:Command line arguments: ['/usr/bin/colcon', 'build']
[0.110s] DEBUG:colcon:Parsed command line arguments: Namespace(log_base=None, log_level=None, verb_name='build', build_base='build', install_base='install', merge_install=False, symlink_install=False, test_result_base=None, continue_on_error=False, executor='parallel', parallel_workers=12, event_handlers=None, ignore_user_meta=False, metas=['./colcon.meta'], base_paths=['.'], packages_ignore=None, packages_ignore_regex=None, paths=None, packages_up_to=None, packages_up_to_regex=None, packages_above=None, packages_above_and_dependencies=None, packages_above_depth=None, packages_select_by_dep=None, packages_skip_by_dep=None, packages_skip_up_to=None, packages_select_build_failed=False, packages_skip_build_finished=False, packages_select_test_failures=False, packages_skip_test_passed=False, packages_select=None, packages_skip=None, packages_select_regex=None, packages_skip_regex=None, packages_start=None, packages_end=None, allow_overriding=[], cmake_args=None, cmake_target=None, cmake_target_skip_unavailable=False, cmake_clean_cache=False, cmake_clean_first=False, cmake_force_configure=False, ament_cmake_args=None, catkin_cmake_args=None, catkin_skip_building_tests=False, mixin_files=None, mixin=None, verb_parser=<colcon_mixin.mixin.mixin_argument.MixinArgumentDecorator object at 0x716a94f778b0>, verb_extension=<colcon_core.verb.build.BuildVerb object at 0x716a94f77340>, main=<bound method BuildVerb.main of <colcon_core.verb.build.BuildVerb object at 0x716a94f77340>>, mixin_verb=('build',))
[0.141s] Level 1:colcon.colcon_core.package_discovery:discover_packages(colcon_meta) check parameters
[0.141s] Level 1:colcon.colcon_core.package_discovery:discover_packages(recursive) check parameters
[0.141s] Level 1:colcon.colcon_core.package_discovery:discover_packages(ignore) check parameters
[0.141s] Level 1:colcon.colcon_core.package_discovery:discover_packages(path) check parameters
[0.141s] Level 1:colcon.colcon_core.package_discovery:discover_packages(colcon_meta) discover
[0.141s] Level 1:colcon.colcon_core.package_discovery:discover_packages(recursive) discover
[0.141s] INFO:colcon.colcon_core.package_discovery:Crawling recursively for packages in '/home/demarco/Mapping2026/Pipeline'
[0.141s] Level 1:colcon.colcon_core.package_identification:_identify(.) by extensions ['ignore', 'ignore_ament_install']
[0.142s] Level 1:colcon.colcon_core.package_identification:_identify(.) by extension 'ignore'
[0.142s] Level 1:colcon.colcon_core.package_identification:_identify(.) by extension 'ignore_ament_install'
[0.142s] Level 1:colcon.colcon_core.package_identification:_identify(.) by extensions ['colcon_pkg']
[0.142s] Level 1:colcon.colcon_core.package_identification:_identify(.) by extension 'colcon_pkg'
[0.142s] Level 1:colcon.colcon_core.package_identification:_identify(.) by extensions ['colcon_meta']
[0.142s] Level 1:colcon.colcon_core.package_identification:_identify(.) by extension 'colcon_meta'
[0.142s] Level 1:colcon.colcon_core.package_identification:_identify(.) by extensions ['ros']
[0.142s] Level 1:colcon.colcon_core.package_identification:_identify(.) by extension 'ros'
[0.170s] Level 1:colcon.colcon_core.package_identification:_identify(.) by extensions ['cmake', 'python']
[0.170s] Level 1:colcon.colcon_core.package_identification:_identify(.) by extension 'cmake'
[0.170s] Level 1:colcon.colcon_core.package_identification:_identify(.) by extension 'python'
[0.170s] Level 1:colcon.colcon_core.package_identification:_identify(.) by extensions ['python_setup_py']
[0.170s] Level 1:colcon.colcon_core.package_identification:_identify(.) by extension 'python_setup_py'
[0.170s] Level 1:colcon.colcon_core.package_identification:_identify(build) by extensions ['ignore', 'ignore_ament_install']
[0.170s] Level 1:colcon.colcon_core.package_identification:_identify(build) by extension 'ignore'
[0.170s] Level 1:colcon.colcon_core.package_identification:_identify(build) ignored
[0.170s] Level 1:colcon.colcon_core.package_identification:_identify(install) by extensions ['ignore', 'ignore_ament_install']
[0.170s] Level 1:colcon.colcon_core.package_identification:_identify(install) by extension 'ignore'
[0.170s] Level 1:colcon.colcon_core.package_identification:_identify(install) ignored
[0.170s] Level 1:colcon.colcon_core.package_identification:_identify(log) by extensions ['ignore', 'ignore_ament_install']
[0.170s] Level 1:colcon.colcon_core.package_identification:_identify(log) by extension 'ignore'
[0.170s] Level 1:colcon.colcon_core.package_identification:_identify(log) ignored
[0.170s] Level 1:colcon.colcon_core.package_identification:_identify(src) by extensions ['ignore', 'ignore_ament_install']
[0.170s] Level 1:colcon.colcon_core.package_identification:_identify(src) by extension 'ignore'
[0.170s] Level 1:colcon.colcon_core.package_identification:_identify(src) by extension 'ignore_ament_install'
[0.171s] Level 1:colcon.colcon_core.package_identification:_identify(src) by extensions ['colcon_pkg']
[0.171s] Level 1:colcon.colcon_core.package_identification:_identify(src) by extension 'colcon_pkg'
[0.171s] Level 1:colcon.colcon_core.package_identification:_identify(src) by extensions ['colcon_meta']
[0.171s] Level 1:colcon.colcon_core.package_identification:_identify(src) by extension 'colcon_meta'
[0.171s] Level 1:colcon.colcon_core.package_identification:_identify(src) by extensions ['ros']
[0.171s] Level 1:colcon.colcon_core.package_identification:_identify(src) by extension 'ros'
[0.171s] Level 1:colcon.colcon_core.package_identification:_identify(src) by extensions ['cmake', 'python']
[0.171s] Level 1:colcon.colcon_core.package_identification:_identify(src) by extension 'cmake'
[0.171s] Level 1:colcon.colcon_core.package_identification:_identify(src) by extension 'python'
[0.171s] Level 1:colcon.colcon_core.package_identification:_identify(src) by extensions ['python_setup_py']
[0.171s] Level 1:colcon.colcon_core.package_identification:_identify(src) by extension 'python_setup_py'
[0.171s] Level 1:colcon.colcon_core.package_identification:_identify(src/autonomous_vehicle) by extensions ['ignore', 'ignore_ament_install']
[0.171s] Level 1:colcon.colcon_core.package_identification:_identify(src/autonomous_vehicle) by extension 'ignore'
[0.171s] Level 1:colcon.colcon_core.package_identification:_identify(src/autonomous_vehicle) by extension 'ignore_ament_install'
[0.171s] Level 1:colcon.colcon_core.package_identification:_identify(src/autonomous_vehicle) by extensions ['colcon_pkg']
[0.171s] Level 1:colcon.colcon_core.package_identification:_identify(src/autonomous_vehicle) by extension 'colcon_pkg'
[0.171s] Level 1:colcon.colcon_core.package_identification:_identify(src/autonomous_vehicle) by extensions ['colcon_meta']
[0.171s] Level 1:colcon.colcon_core.package_identification:_identify(src/autonomous_vehicle) by extension 'colcon_meta'
[0.171s] Level 1:colcon.colcon_core.package_identification:_identify(src/autonomous_vehicle) by extensions ['ros']
[0.171s] Level 1:colcon.colcon_core.package_identification:_identify(src/autonomous_vehicle) by extension 'ros'
[0.173s] DEBUG:colcon.colcon_core.package_identification:Package 'src/autonomous_vehicle' with type 'ros.ament_python' and name 'autonomous_vehicle'
[0.173s] Level 1:colcon.colcon_core.package_identification:_identify(src/autonomous_vehicle_slam) by extensions ['ignore', 'ignore_ament_install']
[0.173s] Level 1:colcon.colcon_core.package_identification:_identify(src/autonomous_vehicle_slam) by extension 'ignore'
[0.173s] Level 1:colcon.colcon_core.package_identification:_identify(src/autonomous_vehicle_slam) by extension 'ignore_ament_install'
[0.173s] Level 1:colcon.colcon_core.package_identification:_identify(src/autonomous_vehicle_slam) by extensions ['colcon_pkg']
[0.173s] Level 1:colcon.colcon_core.package_identification:_identify(src/autonomous_vehicle_slam) by extension 'colcon_pkg'
[0.173s] Level 1:colcon.colcon_core.package_identification:_identify(src/autonomous_vehicle_slam) by extensions ['colcon_meta']
[0.173s] Level 1:colcon.colcon_core.package_identification:_identify(src/autonomous_vehicle_slam) by extension 'colcon_meta'
[0.173s] Level 1:colcon.colcon_core.package_identification:_identify(src/autonomous_vehicle_slam) by extensions ['ros']
[0.173s] Level 1:colcon.colcon_core.package_identification:_identify(src/autonomous_vehicle_slam) by extension 'ros'
[0.173s] DEBUG:colcon.colcon_core.package_identification:Package 'src/autonomous_vehicle_slam' with type 'ros.ament_python' and name 'autonomous_vehicle_slam'
[0.173s] Level 1:colcon.colcon_core.package_identification:_identify(src/build) by extensions ['ignore', 'ignore_ament_install']
[0.173s] Level 1:colcon.colcon_core.package_identification:_identify(src/build) by extension 'ignore'
[0.173s] Level 1:colcon.colcon_core.package_identification:_identify(src/build) ignored
[0.174s] Level 1:colcon.colcon_core.package_identification:_identify(src/install) by extensions ['ignore', 'ignore_ament_install']
[0.174s] Level 1:colcon.colcon_core.package_identification:_identify(src/install) by extension 'ignore'
[0.174s] Level 1:colcon.colcon_core.package_identification:_identify(src/install) ignored
[0.174s] Level 1:colcon.colcon_core.package_identification:_identify(src/log) by extensions ['ignore', 'ignore_ament_install']
[0.174s] Level 1:colcon.colcon_core.package_identification:_identify(src/log) by extension 'ignore'
[0.174s] Level 1:colcon.colcon_core.package_identification:_identify(src/log) ignored
[0.174s] Level 1:colcon.colcon_core.package_discovery:discover_packages(recursive) using defaults
[0.174s] Level 1:colcon.colcon_core.package_discovery:discover_packages(ignore) discover
[0.174s] Level 1:colcon.colcon_core.package_discovery:discover_packages(ignore) using defaults
[0.174s] Level 1:colcon.colcon_core.package_discovery:discover_packages(path) discover
[0.174s] Level 1:colcon.colcon_core.package_discovery:discover_packages(path) using defaults
[0.189s] Level 1:colcon.colcon_core.package_discovery:discover_packages(prefix_path) check parameters
[0.189s] Level 1:colcon.colcon_core.package_discovery:discover_packages(prefix_path) discover
[0.190s] DEBUG:colcon.colcon_installed_package_information.package_discovery:Found 2 installed packages in /home/demarco/Mapping2026/Pipeline/install
[0.191s] DEBUG:colcon.colcon_installed_package_information.package_discovery:Found 274 installed packages in /opt/ros/humble
[0.191s] Level 1:colcon.colcon_core.package_discovery:discover_packages(prefix_path) using defaults
[0.223s] Level 5:colcon.colcon_core.verb:set package 'autonomous_vehicle' build argument 'cmake_args' from command line to 'None'
[0.223s] Level 5:colcon.colcon_core.verb:set package 'autonomous_vehicle' build argument 'cmake_target' from command line to 'None'
[0.223s] Level 5:colcon.colcon_core.verb:set package 'autonomous_vehicle' build argument 'cmake_target_skip_unavailable' from command line to 'False'
[0.223s] Level 5:colcon.colcon_core.verb:set package 'autonomous_vehicle' build argument 'cmake_clean_cache' from command line to 'False'
[0.223s] Level 5:colcon.colcon_core.verb:set package 'autonomous_vehicle' build argument 'cmake_clean_first' from command line to 'False'
[0.223s] Level 5:colcon.colcon_core.verb:set package 'autonomous_vehicle' build argument 'cmake_force_configure' from command line to 'False'
[0.223s] Level 5:colcon.colcon_core.verb:set package 'autonomous_vehicle' build argument 'ament_cmake_args' from command line to 'None'
[0.223s] Level 5:colcon.colcon_core.verb:set package 'autonomous_vehicle' build argument 'catkin_cmake_args' from command line to 'None'
[0.223s] Level 5:colcon.colcon_core.verb:set package 'autonomous_vehicle' build argument 'catkin_skip_building_tests' from command line to 'False'
[0.223s] DEBUG:colcon.colcon_core.verb:Building package 'autonomous_vehicle' with the following arguments: {'ament_cmake_args': None, 'build_base': '/home/demarco/Mapping2026/Pipeline/build/autonomous_vehicle', 'catkin_cmake_args': None, 'catkin_skip_building_tests': False, 'cmake_args': None, 'cmake_clean_cache': False, 'cmake_clean_first': False, 'cmake_force_configure': False, 'cmake_target': None, 'cmake_target_skip_unavailable': False, 'install_base': '/home/demarco/Mapping2026/Pipeline/install/autonomous_vehicle', 'merge_install': False, 'path': '/home/demarco/Mapping2026/Pipeline/src/autonomous_vehicle', 'symlink_install': False, 'test_result_base': None}
[0.223s] Level 5:colcon.colcon_core.verb:set package 'autonomous_vehicle_slam' build argument 'cmake_args' from command line to 'None'
[0.224s] Level 5:colcon.colcon_core.verb:set package 'autonomous_vehicle_slam' build argument 'cmake_target' from command line to 'None'
[0.224s] Level 5:colcon.colcon_core.verb:set package 'autonomous_vehicle_slam' build argument 'cmake_target_skip_unavailable' from command line to 'False'
[0.224s] Level 5:colcon.colcon_core.verb:set package 'autonomous_vehicle_slam' build argument 'cmake_clean_cache' from command line to 'False'
[0.224s] Level 5:colcon.colcon_core.verb:set package 'autonomous_vehicle_slam' build argument 'cmake_clean_first' from command line to 'False'
[0.224s] Level 5:colcon.colcon_core.verb:set package 'autonomous_vehicle_slam' build argument 'cmake_force_configure' from command line to 'False'
[0.224s] Level 5:colcon.colcon_core.verb:set package 'autonomous_vehicle_slam' build argument 'ament_cmake_args' from command line to 'None'
[0.224s] Level 5:colcon.colcon_core.verb:set package 'autonomous_vehicle_slam' build argument 'catkin_cmake_args' from command line to 'None'
[0.224s] Level 5:colcon.colcon_core.verb:set package 'autonomous_vehicle_slam' build argument 'catkin_skip_building_tests' from command line to 'False'
[0.224s] DEBUG:colcon.colcon_core.verb:Building package 'autonomous_vehicle_slam' with the following arguments: {'ament_cmake_args': None, 'build_base': '/home/demarco/Mapping2026/Pipeline/build/autonomous_vehicle_slam', 'catkin_cmake_args': None, 'catkin_skip_building_tests': False, 'cmake_args': None, 'cmake_clean_cache': False, 'cmake_clean_first': False, 'cmake_force_configure': False, 'cmake_target': None, 'cmake_target_skip_unavailable': False, 'install_base': '/home/demarco/Mapping2026/Pipeline/install/autonomous_vehicle_slam', 'merge_install': False, 'path': '/home/demarco/Mapping2026/Pipeline/src/autonomous_vehicle_slam', 'symlink_install': False, 'test_result_base': None}
[0.224s] INFO:colcon.colcon_core.executor:Executing jobs using 'parallel' executor
[0.224s] DEBUG:colcon.colcon_parallel_executor.executor.parallel:run_until_complete
[0.225s] INFO:colcon.colcon_ros.task.ament_python.build:Building ROS package in '/home/demarco/Mapping2026/Pipeline/src/autonomous_vehicle' with build type 'ament_python'
[0.225s] Level 1:colcon.colcon_core.shell:create_environment_hook('autonomous_vehicle', 'ament_prefix_path')
[0.226s] INFO:colcon.colcon_core.plugin_system:Skipping extension 'colcon_core.shell.bat': Not used on non-Windows systems
[0.226s] INFO:colcon.colcon_core.shell:Creating environment hook '/home/demarco/Mapping2026/Pipeline/install/autonomous_vehicle/share/autonomous_vehicle/hook/ament_prefix_path.ps1'
[0.226s] INFO:colcon.colcon_core.shell:Creating environment descriptor '/home/demarco/Mapping2026/Pipeline/install/autonomous_vehicle/share/autonomous_vehicle/hook/ament_prefix_path.dsv'
[0.227s] INFO:colcon.colcon_core.shell:Creating environment hook '/home/demarco/Mapping2026/Pipeline/install/autonomous_vehicle/share/autonomous_vehicle/hook/ament_prefix_path.sh'
[0.227s] INFO:colcon.colcon_core.shell:Skip shell extension 'powershell' for command environment: Not usable outside of PowerShell
[0.227s] DEBUG:colcon.colcon_core.shell:Skip shell extension 'dsv' for command environment
[0.229s] INFO:colcon.colcon_ros.task.ament_python.build:Building ROS package in '/home/demarco/Mapping2026/Pipeline/src/autonomous_vehicle_slam' with build type 'ament_python'
[0.229s] Level 1:colcon.colcon_core.shell:create_environment_hook('autonomous_vehicle_slam', 'ament_prefix_path')
[0.230s] INFO:colcon.colcon_core.shell:Creating environment hook '/home/demarco/Mapping2026/Pipeline/install/autonomous_vehicle_slam/share/autonomous_vehicle_slam/hook/ament_prefix_path.ps1'
[0.230s] INFO:colcon.colcon_core.shell:Creating environment descriptor '/home/demarco/Mapping2026/Pipeline/install/autonomous_vehicle_slam/share/autonomous_vehicle_slam/hook/ament_prefix_path.dsv'
[0.230s] INFO:colcon.colcon_core.shell:Creating environment hook '/home/demarco/Mapping2026/Pipeline/install/autonomous_vehicle_slam/share/autonomous_vehicle_slam/hook/ament_prefix_path.sh'
[0.231s] INFO:colcon.colcon_core.shell:Skip shell extension 'powershell' for command environment: Not usable outside of PowerShell
[0.231s] DEBUG:colcon.colcon_core.shell:Skip shell extension 'dsv' for command environment
[0.396s] INFO:colcon.colcon_core.task.python.build:Building Python package in '/home/demarco/Mapping2026/Pipeline/src/autonomous_vehicle'
[0.396s] INFO:colcon.colcon_core.shell:Skip shell extension 'powershell' for command environment: Not usable outside of PowerShell
[0.396s] DEBUG:colcon.colcon_core.shell:Skip shell extension 'dsv' for command environment
[0.550s] INFO:colcon.colcon_core.task.python.build:Building Python package in '/home/demarco/Mapping2026/Pipeline/src/autonomous_vehicle_slam'
[0.551s] INFO:colcon.colcon_core.shell:Skip shell extension 'powershell' for command environment: Not usable outside of PowerShell
[0.551s] DEBUG:colcon.colcon_core.shell:Skip shell extension 'dsv' for command environment
[0.939s] DEBUG:colcon.colcon_core.task.python.build:Available setuptools commands: bdist_dumb, saveopts, sdist, install_scripts, dist_info, rotate, build, build_clib, bdist_egg, develop, check, clean, install_headers, symlink_data, easy_install, install_lib, build_py, install_data, bdist_wheel, editable_wheel, bdist, install, alias, build_scripts, bdist_rpm, build_ext, setopt, install_egg_info, egg_info
[0.941s] DEBUG:colcon.colcon_core.event_handler.log_command:Invoking command in '/home/demarco/Mapping2026/Pipeline/src/autonomous_vehicle': PYTHONPATH=/home/demarco/Mapping2026/Pipeline/build/autonomous_vehicle/prefix_override:/usr/lib/python3/dist-packages/colcon_core/task/python/colcon_distutils_commands:/home/demarco/Mapping2026/Pipeline/install/autonomous_vehicle/lib/python3.10/site-packages:${PYTHONPATH} /usr/bin/python3 -W ignore:setup.py install is deprecated -W ignore:easy_install command is deprecated setup.py egg_info --egg-base ../../build/autonomous_vehicle build --build-base /home/demarco/Mapping2026/Pipeline/build/autonomous_vehicle/build install --record /home/demarco/Mapping2026/Pipeline/build/autonomous_vehicle/install.log --install-scripts $base/lib/autonomous_vehicle --single-version-externally-managed install_data
[0.949s] DEBUG:colcon.colcon_core.task.python.build:Available setuptools commands: bdist_dumb, saveopts, sdist, install_scripts, dist_info, rotate, build, build_clib, bdist_egg, develop, check, clean, install_headers, symlink_data, easy_install, install_lib, build_py, install_data, bdist_wheel, editable_wheel, bdist, install, alias, build_scripts, bdist_rpm, build_ext, setopt, install_egg_info, egg_info
[0.952s] DEBUG:colcon.colcon_core.event_handler.log_command:Invoking command in '/home/demarco/Mapping2026/Pipeline/src/autonomous_vehicle_slam': PYTHONPATH=/home/demarco/Mapping2026/Pipeline/build/autonomous_vehicle_slam/prefix_override:/usr/lib/python3/dist-packages/colcon_core/task/python/colcon_distutils_commands:/home/demarco/Mapping2026/Pipeline/install/autonomous_vehicle_slam/lib/python3.10/site-packages:${PYTHONPATH} /usr/bin/python3 -W ignore:setup.py install is deprecated -W ignore:easy_install command is deprecated setup.py egg_info --egg-base ../../build/autonomous_vehicle_slam build --build-base /home/demarco/Mapping2026/Pipeline/build/autonomous_vehicle_slam/build install --record /home/demarco/Mapping2026/Pipeline/build/autonomous_vehicle_slam/install.log --install-scripts $base/lib/autonomous_vehicle_slam --single-version-externally-managed install_data
[1.286s] DEBUG:colcon.colcon_core.event_handler.log_command:Invoked command in '/home/demarco/Mapping2026/Pipeline/src/autonomous_vehicle' returned '0': PYTHONPATH=/home/demarco/Mapping2026/Pipeline/build/autonomous_vehicle/prefix_override:/usr/lib/python3/dist-packages/colcon_core/task/python/colcon_distutils_commands:/home/demarco/Mapping2026/Pipeline/install/autonomous_vehicle/lib/python3.10/site-packages:${PYTHONPATH} /usr/bin/python3 -W ignore:setup.py install is deprecated -W ignore:easy_install command is deprecated setup.py egg_info --egg-base ../../build/autonomous_vehicle build --build-base /home/demarco/Mapping2026/Pipeline/build/autonomous_vehicle/build install --record /home/demarco/Mapping2026/Pipeline/build/autonomous_vehicle/install.log --install-scripts $base/lib/autonomous_vehicle --single-version-externally-managed install_data
[1.287s] Level 1:colcon.colcon_core.environment:checking '/home/demarco/Mapping2026/Pipeline/install/autonomous_vehicle' for CMake module files
[1.287s] Level 1:colcon.colcon_core.environment:checking '/home/demarco/Mapping2026/Pipeline/install/autonomous_vehicle' for CMake config files
[1.288s] Level 1:colcon.colcon_core.environment:checking '/home/demarco/Mapping2026/Pipeline/install/autonomous_vehicle/lib'
[1.288s] Level 1:colcon.colcon_core.environment:checking '/home/demarco/Mapping2026/Pipeline/install/autonomous_vehicle/bin'
[1.288s] Level 1:colcon.colcon_core.environment:checking '/home/demarco/Mapping2026/Pipeline/install/autonomous_vehicle/lib/pkgconfig/autonomous_vehicle.pc'
[1.288s] Level 1:colcon.colcon_core.environment:checking '/home/demarco/Mapping2026/Pipeline/install/autonomous_vehicle/lib/python3.10/site-packages'
[1.288s] Level 1:colcon.colcon_core.shell:create_environment_hook('autonomous_vehicle', 'pythonpath')
[1.289s] INFO:colcon.colcon_core.shell:Creating environment hook '/home/demarco/Mapping2026/Pipeline/install/autonomous_vehicle/share/autonomous_vehicle/hook/pythonpath.ps1'
[1.289s] INFO:colcon.colcon_core.shell:Creating environment descriptor '/home/demarco/Mapping2026/Pipeline/install/autonomous_vehicle/share/autonomous_vehicle/hook/pythonpath.dsv'
[1.290s] INFO:colcon.colcon_core.shell:Creating environment hook '/home/demarco/Mapping2026/Pipeline/install/autonomous_vehicle/share/autonomous_vehicle/hook/pythonpath.sh'
[1.290s] Level 1:colcon.colcon_core.environment:checking '/home/demarco/Mapping2026/Pipeline/install/autonomous_vehicle/bin'
[1.290s] Level 1:colcon.colcon_core.environment:create_environment_scripts_only(autonomous_vehicle)
[1.291s] INFO:colcon.colcon_core.shell:Creating package script '/home/demarco/Mapping2026/Pipeline/install/autonomous_vehicle/share/autonomous_vehicle/package.ps1'
[1.291s] INFO:colcon.colcon_core.shell:Creating package descriptor '/home/demarco/Mapping2026/Pipeline/install/autonomous_vehicle/share/autonomous_vehicle/package.dsv'
[1.292s] INFO:colcon.colcon_core.shell:Creating package script '/home/demarco/Mapping2026/Pipeline/install/autonomous_vehicle/share/autonomous_vehicle/package.sh'
[1.292s] INFO:colcon.colcon_core.shell:Creating package script '/home/demarco/Mapping2026/Pipeline/install/autonomous_vehicle/share/autonomous_vehicle/package.bash'
[1.293s] INFO:colcon.colcon_core.shell:Creating package script '/home/demarco/Mapping2026/Pipeline/install/autonomous_vehicle/share/autonomous_vehicle/package.zsh'
[1.293s] Level 1:colcon.colcon_core.environment:create_file_with_runtime_dependencies(/home/demarco/Mapping2026/Pipeline/install/autonomous_vehicle/share/colcon-core/packages/autonomous_vehicle)
[1.313s] Level 1:colcon.colcon_core.environment:checking '/home/demarco/Mapping2026/Pipeline/install/autonomous_vehicle_slam' for CMake module files
[1.314s] DEBUG:colcon.colcon_core.event_handler.log_command:Invoked command in '/home/demarco/Mapping2026/Pipeline/src/autonomous_vehicle_slam' returned '0': PYTHONPATH=/home/demarco/Mapping2026/Pipeline/build/autonomous_vehicle_slam/prefix_override:/usr/lib/python3/dist-packages/colcon_core/task/python/colcon_distutils_commands:/home/demarco/Mapping2026/Pipeline/install/autonomous_vehicle_slam/lib/python3.10/site-packages:${PYTHONPATH} /usr/bin/python3 -W ignore:setup.py install is deprecated -W ignore:easy_install command is deprecated setup.py egg_info --egg-base ../../build/autonomous_vehicle_slam build --build-base /home/demarco/Mapping2026/Pipeline/build/autonomous_vehicle_slam/build install --record /home/demarco/Mapping2026/Pipeline/build/autonomous_vehicle_slam/install.log --install-scripts $base/lib/autonomous_vehicle_slam --single-version-externally-managed install_data
[1.314s] Level 1:colcon.colcon_core.environment:checking '/home/demarco/Mapping2026/Pipeline/install/autonomous_vehicle_slam' for CMake config files
[1.314s] Level 1:colcon.colcon_core.environment:checking '/home/demarco/Mapping2026/Pipeline/install/autonomous_vehicle_slam/lib'
[1.314s] Level 1:colcon.colcon_core.environment:checking '/home/demarco/Mapping2026/Pipeline/install/autonomous_vehicle_slam/bin'
[1.314s] Level 1:colcon.colcon_core.environment:checking '/home/demarco/Mapping2026/Pipeline/install/autonomous_vehicle_slam/lib/pkgconfig/autonomous_vehicle_slam.pc'
[1.314s] Level 1:colcon.colcon_core.environment:checking '/home/demarco/Mapping2026/Pipeline/install/autonomous_vehicle_slam/lib/python3.10/site-packages'
[1.314s] Level 1:colcon.colcon_core.shell:create_environment_hook('autonomous_vehicle_slam', 'pythonpath')
[1.315s] INFO:colcon.colcon_core.shell:Creating environment hook '/home/demarco/Mapping2026/Pipeline/install/autonomous_vehicle_slam/share/autonomous_vehicle_slam/hook/pythonpath.ps1'
[1.315s] INFO:colcon.colcon_core.shell:Creating environment descriptor '/home/demarco/Mapping2026/Pipeline/install/autonomous_vehicle_slam/share/autonomous_vehicle_slam/hook/pythonpath.dsv'
[1.315s] INFO:colcon.colcon_core.shell:Creating environment hook '/home/demarco/Mapping2026/Pipeline/install/autonomous_vehicle_slam/share/autonomous_vehicle_slam/hook/pythonpath.sh'
[1.316s] Level 1:colcon.colcon_core.environment:checking '/home/demarco/Mapping2026/Pipeline/install/autonomous_vehicle_slam/bin'
[1.316s] Level 1:colcon.colcon_core.environment:create_environment_scripts_only(autonomous_vehicle_slam)
[1.316s] INFO:colcon.colcon_core.shell:Creating package script '/home/demarco/Mapping2026/Pipeline/install/autonomous_vehicle_slam/share/autonomous_vehicle_slam/package.ps1'
[1.316s] INFO:colcon.colcon_core.shell:Creating package descriptor '/home/demarco/Mapping2026/Pipeline/install/autonomous_vehicle_slam/share/autonomous_vehicle_slam/package.dsv'
[1.316s] INFO:colcon.colcon_core.shell:Creating package script '/home/demarco/Mapping2026/Pipeline/install/autonomous_vehicle_slam/share/autonomous_vehicle_slam/package.sh'
[1.317s] INFO:colcon.colcon_core.shell:Creating package script '/home/demarco/Mapping2026/Pipeline/install/autonomous_vehicle_slam/share/autonomous_vehicle_slam/package.bash'
[1.317s] INFO:colcon.colcon_core.shell:Creating package script '/home/demarco/Mapping2026/Pipeline/install/autonomous_vehicle_slam/share/autonomous_vehicle_slam/package.zsh'
[1.317s] Level 1:colcon.colcon_core.environment:create_file_with_runtime_dependencies(/home/demarco/Mapping2026/Pipeline/install/autonomous_vehicle_slam/share/colcon-core/packages/autonomous_vehicle_slam)
[1.317s] DEBUG:colcon.colcon_parallel_executor.executor.parallel:closing loop
[1.317s] DEBUG:colcon.colcon_parallel_executor.executor.parallel:loop closed
[1.317s] DEBUG:colcon.colcon_parallel_executor.executor.parallel:run_until_complete finished with '0'
[1.317s] DEBUG:colcon.colcon_core.event_reactor:joining thread
[1.322s] INFO:colcon.colcon_core.plugin_system:Skipping extension 'colcon_notification.desktop_notification.terminal_notifier': Not used on non-Darwin systems
[1.322s] INFO:colcon.colcon_core.plugin_system:Skipping extension 'colcon_notification.desktop_notification.win32': Not used on non-Windows systems
[1.322s] INFO:colcon.colcon_notification.desktop_notification:Sending desktop notification using 'notify2'
[1.334s] DEBUG:colcon.colcon_core.event_reactor:joined thread
[1.334s] INFO:colcon.colcon_core.shell:Creating prefix script '/home/demarco/Mapping2026/Pipeline/install/local_setup.ps1'
[1.335s] INFO:colcon.colcon_core.shell:Creating prefix util module '/home/demarco/Mapping2026/Pipeline/install/_local_setup_util_ps1.py'
[1.336s] INFO:colcon.colcon_core.shell:Creating prefix chain script '/home/demarco/Mapping2026/Pipeline/install/setup.ps1'
[1.336s] INFO:colcon.colcon_core.shell:Creating prefix script '/home/demarco/Mapping2026/Pipeline/install/local_setup.sh'
[1.337s] INFO:colcon.colcon_core.shell:Creating prefix util module '/home/demarco/Mapping2026/Pipeline/install/_local_setup_util_sh.py'
[1.337s] INFO:colcon.colcon_core.shell:Creating prefix chain script '/home/demarco/Mapping2026/Pipeline/install/setup.sh'
[1.338s] INFO:colcon.colcon_core.shell:Creating prefix script '/home/demarco/Mapping2026/Pipeline/install/local_setup.bash'
[1.338s] INFO:colcon.colcon_core.shell:Creating prefix chain script '/home/demarco/Mapping2026/Pipeline/install/setup.bash'
[1.338s] INFO:colcon.colcon_core.shell:Creating prefix script '/home/demarco/Mapping2026/Pipeline/install/local_setup.zsh'
[1.339s] INFO:colcon.colcon_core.shell:Creating prefix chain script '/home/demarco/Mapping2026/Pipeline/install/setup.zsh'
