[0.075s] DEBUG:colcon:Command line arguments: ['/usr/bin/colcon', 'build']
[0.075s] DEBUG:colcon:Parsed command line arguments: Namespace(log_base=None, log_level=None, verb_name='build', build_base='build', install_base='install', merge_install=False, symlink_install=False, test_result_base=None, continue_on_error=False, executor='parallel', parallel_workers=12, event_handlers=None, ignore_user_meta=False, metas=['./colcon.meta'], base_paths=['.'], packages_ignore=None, packages_ignore_regex=None, paths=None, packages_up_to=None, packages_up_to_regex=None, packages_above=None, packages_above_and_dependencies=None, packages_above_depth=None, packages_select_by_dep=None, packages_skip_by_dep=None, packages_skip_up_to=None, packages_select_build_failed=False, packages_skip_build_finished=False, packages_select_test_failures=False, packages_skip_test_passed=False, packages_select=None, packages_skip=None, packages_select_regex=None, packages_skip_regex=None, packages_start=None, packages_end=None, allow_overriding=[], cmake_args=None, cmake_target=None, cmake_target_skip_unavailable=False, cmake_clean_cache=False, cmake_clean_first=False, cmake_force_configure=False, ament_cmake_args=None, catkin_cmake_args=None, catkin_skip_building_tests=False, mixin_files=None, mixin=None, verb_parser=<colcon_mixin.mixin.mixin_argument.MixinArgumentDecorator object at 0x73f4d2957850>, verb_extension=<colcon_core.verb.build.BuildVerb object at 0x73f4d29572e0>, main=<bound method BuildVerb.main of <colcon_core.verb.build.BuildVerb object at 0x73f4d29572e0>>, mixin_verb=('build',))
[0.109s] Level 1:colcon.colcon_core.package_discovery:discover_packages(colcon_meta) check parameters
[0.109s] Level 1:colcon.colcon_core.package_discovery:discover_packages(recursive) check parameters
[0.109s] Level 1:colcon.colcon_core.package_discovery:discover_packages(ignore) check parameters
[0.109s] Level 1:colcon.colcon_core.package_discovery:discover_packages(path) check parameters
[0.109s] Level 1:colcon.colcon_core.package_discovery:discover_packages(colcon_meta) discover
[0.109s] Level 1:colcon.colcon_core.package_discovery:discover_packages(recursive) discover
[0.109s] INFO:colcon.colcon_core.package_discovery:Crawling recursively for packages in '/home/demarco/Mapping2026/SLAM'
[0.109s] Level 1:colcon.colcon_core.package_identification:_identify(.) by extensions ['ignore', 'ignore_ament_install']
[0.109s] Level 1:colcon.colcon_core.package_identification:_identify(.) by extension 'ignore'
[0.109s] Level 1:colcon.colcon_core.package_identification:_identify(.) by extension 'ignore_ament_install'
[0.109s] Level 1:colcon.colcon_core.package_identification:_identify(.) by extensions ['colcon_pkg']
[0.109s] Level 1:colcon.colcon_core.package_identification:_identify(.) by extension 'colcon_pkg'
[0.109s] Level 1:colcon.colcon_core.package_identification:_identify(.) by extensions ['colcon_meta']
[0.109s] Level 1:colcon.colcon_core.package_identification:_identify(.) by extension 'colcon_meta'
[0.109s] Level 1:colcon.colcon_core.package_identification:_identify(.) by extensions ['ros']
[0.109s] Level 1:colcon.colcon_core.package_identification:_identify(.) by extension 'ros'
[0.130s] Level 1:colcon.colcon_core.package_identification:_identify(.) by extensions ['cmake', 'python']
[0.130s] Level 1:colcon.colcon_core.package_identification:_identify(.) by extension 'cmake'
[0.130s] Level 1:colcon.colcon_core.package_identification:_identify(.) by extension 'python'
[0.130s] Level 1:colcon.colcon_core.package_identification:_identify(.) by extensions ['python_setup_py']
[0.130s] Level 1:colcon.colcon_core.package_identification:_identify(.) by extension 'python_setup_py'
[0.130s] Level 1:colcon.colcon_core.package_identification:_identify(SLAM) by extensions ['ignore', 'ignore_ament_install']
[0.130s] Level 1:colcon.colcon_core.package_identification:_identify(SLAM) by extension 'ignore'
[0.130s] Level 1:colcon.colcon_core.package_identification:_identify(SLAM) by extension 'ignore_ament_install'
[0.130s] Level 1:colcon.colcon_core.package_identification:_identify(SLAM) by extensions ['colcon_pkg']
[0.130s] Level 1:colcon.colcon_core.package_identification:_identify(SLAM) by extension 'colcon_pkg'
[0.130s] Level 1:colcon.colcon_core.package_identification:_identify(SLAM) by extensions ['colcon_meta']
[0.130s] Level 1:colcon.colcon_core.package_identification:_identify(SLAM) by extension 'colcon_meta'
[0.130s] Level 1:colcon.colcon_core.package_identification:_identify(SLAM) by extensions ['ros']
[0.130s] Level 1:colcon.colcon_core.package_identification:_identify(SLAM) by extension 'ros'
[0.130s] Level 1:colcon.colcon_core.package_identification:_identify(SLAM) by extensions ['cmake', 'python']
[0.130s] Level 1:colcon.colcon_core.package_identification:_identify(SLAM) by extension 'cmake'
[0.130s] Level 1:colcon.colcon_core.package_identification:_identify(SLAM) by extension 'python'
[0.130s] Level 1:colcon.colcon_core.package_identification:_identify(SLAM) by extensions ['python_setup_py']
[0.130s] Level 1:colcon.colcon_core.package_identification:_identify(SLAM) by extension 'python_setup_py'
[0.130s] Level 1:colcon.colcon_core.package_identification:_identify(SLAM/build) by extensions ['ignore', 'ignore_ament_install']
[0.130s] Level 1:colcon.colcon_core.package_identification:_identify(SLAM/build) by extension 'ignore'
[0.130s] Level 1:colcon.colcon_core.package_identification:_identify(SLAM/build) ignored
[0.131s] Level 1:colcon.colcon_core.package_identification:_identify(SLAM/install) by extensions ['ignore', 'ignore_ament_install']
[0.131s] Level 1:colcon.colcon_core.package_identification:_identify(SLAM/install) by extension 'ignore'
[0.131s] Level 1:colcon.colcon_core.package_identification:_identify(SLAM/install) ignored
[0.131s] Level 1:colcon.colcon_core.package_identification:_identify(SLAM/log) by extensions ['ignore', 'ignore_ament_install']
[0.131s] Level 1:colcon.colcon_core.package_identification:_identify(SLAM/log) by extension 'ignore'
[0.131s] Level 1:colcon.colcon_core.package_identification:_identify(SLAM/log) ignored
[0.131s] Level 1:colcon.colcon_core.package_identification:_identify(SLAM/src) by extensions ['ignore', 'ignore_ament_install']
[0.131s] Level 1:colcon.colcon_core.package_identification:_identify(SLAM/src) by extension 'ignore'
[0.131s] Level 1:colcon.colcon_core.package_identification:_identify(SLAM/src) by extension 'ignore_ament_install'
[0.131s] Level 1:colcon.colcon_core.package_identification:_identify(SLAM/src) by extensions ['colcon_pkg']
[0.131s] Level 1:colcon.colcon_core.package_identification:_identify(SLAM/src) by extension 'colcon_pkg'
[0.131s] Level 1:colcon.colcon_core.package_identification:_identify(SLAM/src) by extensions ['colcon_meta']
[0.131s] Level 1:colcon.colcon_core.package_identification:_identify(SLAM/src) by extension 'colcon_meta'
[0.131s] Level 1:colcon.colcon_core.package_identification:_identify(SLAM/src) by extensions ['ros']
[0.131s] Level 1:colcon.colcon_core.package_identification:_identify(SLAM/src) by extension 'ros'
[0.131s] Level 1:colcon.colcon_core.package_identification:_identify(SLAM/src) by extensions ['cmake', 'python']
[0.131s] Level 1:colcon.colcon_core.package_identification:_identify(SLAM/src) by extension 'cmake'
[0.131s] Level 1:colcon.colcon_core.package_identification:_identify(SLAM/src) by extension 'python'
[0.131s] Level 1:colcon.colcon_core.package_identification:_identify(SLAM/src) by extensions ['python_setup_py']
[0.131s] Level 1:colcon.colcon_core.package_identification:_identify(SLAM/src) by extension 'python_setup_py'
[0.131s] Level 1:colcon.colcon_core.package_identification:_identify(SLAM/src/first_slam) by extensions ['ignore', 'ignore_ament_install']
[0.131s] Level 1:colcon.colcon_core.package_identification:_identify(SLAM/src/first_slam) by extension 'ignore'
[0.131s] Level 1:colcon.colcon_core.package_identification:_identify(SLAM/src/first_slam) by extension 'ignore_ament_install'
[0.131s] Level 1:colcon.colcon_core.package_identification:_identify(SLAM/src/first_slam) by extensions ['colcon_pkg']
[0.131s] Level 1:colcon.colcon_core.package_identification:_identify(SLAM/src/first_slam) by extension 'colcon_pkg'
[0.132s] Level 1:colcon.colcon_core.package_identification:_identify(SLAM/src/first_slam) by extensions ['colcon_meta']
[0.132s] Level 1:colcon.colcon_core.package_identification:_identify(SLAM/src/first_slam) by extension 'colcon_meta'
[0.132s] Level 1:colcon.colcon_core.package_identification:_identify(SLAM/src/first_slam) by extensions ['ros']
[0.132s] Level 1:colcon.colcon_core.package_identification:_identify(SLAM/src/first_slam) by extension 'ros'
[0.134s] DEBUG:colcon.colcon_core.package_identification:Package 'SLAM/src/first_slam' with type 'ros.ament_python' and name 'first_slam'
[0.134s] Level 1:colcon.colcon_core.package_identification:_identify(SLAM/src/simulator_comunication) by extensions ['ignore', 'ignore_ament_install']
[0.134s] Level 1:colcon.colcon_core.package_identification:_identify(SLAM/src/simulator_comunication) by extension 'ignore'
[0.134s] Level 1:colcon.colcon_core.package_identification:_identify(SLAM/src/simulator_comunication) by extension 'ignore_ament_install'
[0.134s] Level 1:colcon.colcon_core.package_identification:_identify(SLAM/src/simulator_comunication) by extensions ['colcon_pkg']
[0.134s] Level 1:colcon.colcon_core.package_identification:_identify(SLAM/src/simulator_comunication) by extension 'colcon_pkg'
[0.134s] Level 1:colcon.colcon_core.package_identification:_identify(SLAM/src/simulator_comunication) by extensions ['colcon_meta']
[0.134s] Level 1:colcon.colcon_core.package_identification:_identify(SLAM/src/simulator_comunication) by extension 'colcon_meta'
[0.134s] Level 1:colcon.colcon_core.package_identification:_identify(SLAM/src/simulator_comunication) by extensions ['ros']
[0.134s] Level 1:colcon.colcon_core.package_identification:_identify(SLAM/src/simulator_comunication) by extension 'ros'
[0.134s] DEBUG:colcon.colcon_core.package_identification:Package 'SLAM/src/simulator_comunication' with type 'ros.ament_python' and name 'simulator_comunication'
[0.134s] Level 1:colcon.colcon_core.package_identification:_identify(build) by extensions ['ignore', 'ignore_ament_install']
[0.134s] Level 1:colcon.colcon_core.package_identification:_identify(build) by extension 'ignore'
[0.134s] Level 1:colcon.colcon_core.package_identification:_identify(build) ignored
[0.135s] Level 1:colcon.colcon_core.package_identification:_identify(install) by extensions ['ignore', 'ignore_ament_install']
[0.135s] Level 1:colcon.colcon_core.package_identification:_identify(install) by extension 'ignore'
[0.135s] Level 1:colcon.colcon_core.package_identification:_identify(install) ignored
[0.135s] Level 1:colcon.colcon_core.package_identification:_identify(log) by extensions ['ignore', 'ignore_ament_install']
[0.135s] Level 1:colcon.colcon_core.package_identification:_identify(log) by extension 'ignore'
[0.135s] Level 1:colcon.colcon_core.package_identification:_identify(log) ignored
[0.135s] Level 1:colcon.colcon_core.package_discovery:discover_packages(recursive) using defaults
[0.135s] Level 1:colcon.colcon_core.package_discovery:discover_packages(ignore) discover
[0.135s] Level 1:colcon.colcon_core.package_discovery:discover_packages(ignore) using defaults
[0.135s] Level 1:colcon.colcon_core.package_discovery:discover_packages(path) discover
[0.135s] Level 1:colcon.colcon_core.package_discovery:discover_packages(path) using defaults
[0.150s] Level 1:colcon.colcon_core.package_discovery:discover_packages(prefix_path) check parameters
[0.150s] Level 1:colcon.colcon_core.package_discovery:discover_packages(prefix_path) discover
[0.151s] DEBUG:colcon.colcon_installed_package_information.package_discovery:Found 2 installed packages in /home/demarco/Mapping2026/SLAM/install
[0.152s] DEBUG:colcon.colcon_installed_package_information.package_discovery:Found 275 installed packages in /opt/ros/humble
[0.153s] Level 1:colcon.colcon_core.package_discovery:discover_packages(prefix_path) using defaults
[0.186s] Level 5:colcon.colcon_core.verb:set package 'first_slam' build argument 'cmake_args' from command line to 'None'
[0.186s] Level 5:colcon.colcon_core.verb:set package 'first_slam' build argument 'cmake_target' from command line to 'None'
[0.186s] Level 5:colcon.colcon_core.verb:set package 'first_slam' build argument 'cmake_target_skip_unavailable' from command line to 'False'
[0.186s] Level 5:colcon.colcon_core.verb:set package 'first_slam' build argument 'cmake_clean_cache' from command line to 'False'
[0.186s] Level 5:colcon.colcon_core.verb:set package 'first_slam' build argument 'cmake_clean_first' from command line to 'False'
[0.186s] Level 5:colcon.colcon_core.verb:set package 'first_slam' build argument 'cmake_force_configure' from command line to 'False'
[0.186s] Level 5:colcon.colcon_core.verb:set package 'first_slam' build argument 'ament_cmake_args' from command line to 'None'
[0.186s] Level 5:colcon.colcon_core.verb:set package 'first_slam' build argument 'catkin_cmake_args' from command line to 'None'
[0.186s] Level 5:colcon.colcon_core.verb:set package 'first_slam' build argument 'catkin_skip_building_tests' from command line to 'False'
[0.187s] DEBUG:colcon.colcon_core.verb:Building package 'first_slam' with the following arguments: {'ament_cmake_args': None, 'build_base': '/home/demarco/Mapping2026/SLAM/build/first_slam', 'catkin_cmake_args': None, 'catkin_skip_building_tests': False, 'cmake_args': None, 'cmake_clean_cache': False, 'cmake_clean_first': False, 'cmake_force_configure': False, 'cmake_target': None, 'cmake_target_skip_unavailable': False, 'install_base': '/home/demarco/Mapping2026/SLAM/install/first_slam', 'merge_install': False, 'path': '/home/demarco/Mapping2026/SLAM/SLAM/src/first_slam', 'symlink_install': False, 'test_result_base': None}
[0.187s] Level 5:colcon.colcon_core.verb:set package 'simulator_comunication' build argument 'cmake_args' from command line to 'None'
[0.187s] Level 5:colcon.colcon_core.verb:set package 'simulator_comunication' build argument 'cmake_target' from command line to 'None'
[0.187s] Level 5:colcon.colcon_core.verb:set package 'simulator_comunication' build argument 'cmake_target_skip_unavailable' from command line to 'False'
[0.187s] Level 5:colcon.colcon_core.verb:set package 'simulator_comunication' build argument 'cmake_clean_cache' from command line to 'False'
[0.187s] Level 5:colcon.colcon_core.verb:set package 'simulator_comunication' build argument 'cmake_clean_first' from command line to 'False'
[0.187s] Level 5:colcon.colcon_core.verb:set package 'simulator_comunication' build argument 'cmake_force_configure' from command line to 'False'
[0.187s] Level 5:colcon.colcon_core.verb:set package 'simulator_comunication' build argument 'ament_cmake_args' from command line to 'None'
[0.187s] Level 5:colcon.colcon_core.verb:set package 'simulator_comunication' build argument 'catkin_cmake_args' from command line to 'None'
[0.187s] Level 5:colcon.colcon_core.verb:set package 'simulator_comunication' build argument 'catkin_skip_building_tests' from command line to 'False'
[0.187s] DEBUG:colcon.colcon_core.verb:Building package 'simulator_comunication' with the following arguments: {'ament_cmake_args': None, 'build_base': '/home/demarco/Mapping2026/SLAM/build/simulator_comunication', 'catkin_cmake_args': None, 'catkin_skip_building_tests': False, 'cmake_args': None, 'cmake_clean_cache': False, 'cmake_clean_first': False, 'cmake_force_configure': False, 'cmake_target': None, 'cmake_target_skip_unavailable': False, 'install_base': '/home/demarco/Mapping2026/SLAM/install/simulator_comunication', 'merge_install': False, 'path': '/home/demarco/Mapping2026/SLAM/SLAM/src/simulator_comunication', 'symlink_install': False, 'test_result_base': None}
[0.187s] INFO:colcon.colcon_core.executor:Executing jobs using 'parallel' executor
[0.188s] DEBUG:colcon.colcon_parallel_executor.executor.parallel:run_until_complete
[0.188s] INFO:colcon.colcon_ros.task.ament_python.build:Building ROS package in '/home/demarco/Mapping2026/SLAM/SLAM/src/first_slam' with build type 'ament_python'
[0.188s] Level 1:colcon.colcon_core.shell:create_environment_hook('first_slam', 'ament_prefix_path')
[0.189s] INFO:colcon.colcon_core.plugin_system:Skipping extension 'colcon_core.shell.bat': Not used on non-Windows systems
[0.190s] INFO:colcon.colcon_core.shell:Creating environment hook '/home/demarco/Mapping2026/SLAM/install/first_slam/share/first_slam/hook/ament_prefix_path.ps1'
[0.190s] INFO:colcon.colcon_core.shell:Creating environment descriptor '/home/demarco/Mapping2026/SLAM/install/first_slam/share/first_slam/hook/ament_prefix_path.dsv'
[0.191s] INFO:colcon.colcon_core.shell:Creating environment hook '/home/demarco/Mapping2026/SLAM/install/first_slam/share/first_slam/hook/ament_prefix_path.sh'
[0.191s] INFO:colcon.colcon_core.shell:Skip shell extension 'powershell' for command environment: Not usable outside of PowerShell
[0.191s] DEBUG:colcon.colcon_core.shell:Skip shell extension 'dsv' for command environment
[0.193s] INFO:colcon.colcon_ros.task.ament_python.build:Building ROS package in '/home/demarco/Mapping2026/SLAM/SLAM/src/simulator_comunication' with build type 'ament_python'
[0.193s] Level 1:colcon.colcon_core.shell:create_environment_hook('simulator_comunication', 'ament_prefix_path')
[0.193s] INFO:colcon.colcon_core.shell:Creating environment hook '/home/demarco/Mapping2026/SLAM/install/simulator_comunication/share/simulator_comunication/hook/ament_prefix_path.ps1'
[0.194s] INFO:colcon.colcon_core.shell:Creating environment descriptor '/home/demarco/Mapping2026/SLAM/install/simulator_comunication/share/simulator_comunication/hook/ament_prefix_path.dsv'
[0.194s] INFO:colcon.colcon_core.shell:Creating environment hook '/home/demarco/Mapping2026/SLAM/install/simulator_comunication/share/simulator_comunication/hook/ament_prefix_path.sh'
[0.194s] INFO:colcon.colcon_core.shell:Skip shell extension 'powershell' for command environment: Not usable outside of PowerShell
[0.195s] DEBUG:colcon.colcon_core.shell:Skip shell extension 'dsv' for command environment
[0.347s] INFO:colcon.colcon_core.task.python.build:Building Python package in '/home/demarco/Mapping2026/SLAM/SLAM/src/first_slam'
[0.347s] INFO:colcon.colcon_core.shell:Skip shell extension 'powershell' for command environment: Not usable outside of PowerShell
[0.348s] DEBUG:colcon.colcon_core.shell:Skip shell extension 'dsv' for command environment
[0.498s] INFO:colcon.colcon_core.task.python.build:Building Python package in '/home/demarco/Mapping2026/SLAM/SLAM/src/simulator_comunication'
[0.498s] INFO:colcon.colcon_core.shell:Skip shell extension 'powershell' for command environment: Not usable outside of PowerShell
[0.498s] DEBUG:colcon.colcon_core.shell:Skip shell extension 'dsv' for command environment
[0.897s] DEBUG:colcon.colcon_core.task.python.build:Available setuptools commands: symlink_data, dist_info, install_headers, editable_wheel, clean, install_egg_info, build_clib, install_lib, install, alias, rotate, build_scripts, build_ext, install_data, bdist, bdist_wheel, sdist, check, develop, egg_info, bdist_egg, build, easy_install, install_scripts, bdist_dumb, saveopts, build_py, setopt, bdist_rpm
[0.900s] DEBUG:colcon.colcon_core.event_handler.log_command:Invoking command in '/home/demarco/Mapping2026/SLAM/SLAM/src/first_slam': PYTHONPATH=/home/demarco/Mapping2026/SLAM/build/first_slam/prefix_override:/usr/lib/python3/dist-packages/colcon_core/task/python/colcon_distutils_commands:/home/demarco/Mapping2026/SLAM/install/first_slam/lib/python3.10/site-packages:${PYTHONPATH} /usr/bin/python3 -W ignore:setup.py install is deprecated -W ignore:easy_install command is deprecated setup.py egg_info --egg-base ../../../build/first_slam build --build-base /home/demarco/Mapping2026/SLAM/build/first_slam/build install --record /home/demarco/Mapping2026/SLAM/build/first_slam/install.log --install-scripts $base/lib/first_slam --single-version-externally-managed install_data
[0.914s] DEBUG:colcon.colcon_core.task.python.build:Available setuptools commands: symlink_data, dist_info, install_headers, editable_wheel, clean, install_egg_info, build_clib, install_lib, install, alias, rotate, build_scripts, build_ext, install_data, bdist, bdist_wheel, sdist, check, develop, egg_info, bdist_egg, build, easy_install, install_scripts, bdist_dumb, saveopts, build_py, setopt, bdist_rpm
[0.916s] DEBUG:colcon.colcon_core.event_handler.log_command:Invoking command in '/home/demarco/Mapping2026/SLAM/SLAM/src/simulator_comunication': PYTHONPATH=/home/demarco/Mapping2026/SLAM/build/simulator_comunication/prefix_override:/usr/lib/python3/dist-packages/colcon_core/task/python/colcon_distutils_commands:/home/demarco/Mapping2026/SLAM/install/simulator_comunication/lib/python3.10/site-packages:${PYTHONPATH} /usr/bin/python3 -W ignore:setup.py install is deprecated -W ignore:easy_install command is deprecated setup.py egg_info --egg-base ../../../build/simulator_comunication build --build-base /home/demarco/Mapping2026/SLAM/build/simulator_comunication/build install --record /home/demarco/Mapping2026/SLAM/build/simulator_comunication/install.log --install-scripts $base/lib/simulator_comunication --single-version-externally-managed install_data
[1.240s] DEBUG:colcon.colcon_core.event_handler.log_command:Invoked command in '/home/demarco/Mapping2026/SLAM/SLAM/src/first_slam' returned '0': PYTHONPATH=/home/demarco/Mapping2026/SLAM/build/first_slam/prefix_override:/usr/lib/python3/dist-packages/colcon_core/task/python/colcon_distutils_commands:/home/demarco/Mapping2026/SLAM/install/first_slam/lib/python3.10/site-packages:${PYTHONPATH} /usr/bin/python3 -W ignore:setup.py install is deprecated -W ignore:easy_install command is deprecated setup.py egg_info --egg-base ../../../build/first_slam build --build-base /home/demarco/Mapping2026/SLAM/build/first_slam/build install --record /home/demarco/Mapping2026/SLAM/build/first_slam/install.log --install-scripts $base/lib/first_slam --single-version-externally-managed install_data
[1.242s] Level 1:colcon.colcon_core.environment:checking '/home/demarco/Mapping2026/SLAM/install/first_slam' for CMake module files
[1.242s] Level 1:colcon.colcon_core.environment:checking '/home/demarco/Mapping2026/SLAM/install/first_slam' for CMake config files
[1.243s] Level 1:colcon.colcon_core.environment:checking '/home/demarco/Mapping2026/SLAM/install/first_slam/lib'
[1.243s] Level 1:colcon.colcon_core.environment:checking '/home/demarco/Mapping2026/SLAM/install/first_slam/bin'
[1.243s] Level 1:colcon.colcon_core.environment:checking '/home/demarco/Mapping2026/SLAM/install/first_slam/lib/pkgconfig/first_slam.pc'
[1.243s] Level 1:colcon.colcon_core.environment:checking '/home/demarco/Mapping2026/SLAM/install/first_slam/lib/python3.10/site-packages'
[1.243s] Level 1:colcon.colcon_core.shell:create_environment_hook('first_slam', 'pythonpath')
[1.243s] INFO:colcon.colcon_core.shell:Creating environment hook '/home/demarco/Mapping2026/SLAM/install/first_slam/share/first_slam/hook/pythonpath.ps1'
[1.244s] INFO:colcon.colcon_core.shell:Creating environment descriptor '/home/demarco/Mapping2026/SLAM/install/first_slam/share/first_slam/hook/pythonpath.dsv'
[1.244s] INFO:colcon.colcon_core.shell:Creating environment hook '/home/demarco/Mapping2026/SLAM/install/first_slam/share/first_slam/hook/pythonpath.sh'
[1.245s] Level 1:colcon.colcon_core.environment:checking '/home/demarco/Mapping2026/SLAM/install/first_slam/bin'
[1.245s] Level 1:colcon.colcon_core.environment:create_environment_scripts_only(first_slam)
[1.245s] INFO:colcon.colcon_core.shell:Creating package script '/home/demarco/Mapping2026/SLAM/install/first_slam/share/first_slam/package.ps1'
[1.246s] INFO:colcon.colcon_core.shell:Creating package descriptor '/home/demarco/Mapping2026/SLAM/install/first_slam/share/first_slam/package.dsv'
[1.246s] INFO:colcon.colcon_core.shell:Creating package script '/home/demarco/Mapping2026/SLAM/install/first_slam/share/first_slam/package.sh'
[1.247s] INFO:colcon.colcon_core.shell:Creating package script '/home/demarco/Mapping2026/SLAM/install/first_slam/share/first_slam/package.bash'
[1.247s] INFO:colcon.colcon_core.shell:Creating package script '/home/demarco/Mapping2026/SLAM/install/first_slam/share/first_slam/package.zsh'
[1.248s] Level 1:colcon.colcon_core.environment:create_file_with_runtime_dependencies(/home/demarco/Mapping2026/SLAM/install/first_slam/share/colcon-core/packages/first_slam)
[1.260s] Level 1:colcon.colcon_core.environment:checking '/home/demarco/Mapping2026/SLAM/install/simulator_comunication' for CMake module files
[1.261s] DEBUG:colcon.colcon_core.event_handler.log_command:Invoked command in '/home/demarco/Mapping2026/SLAM/SLAM/src/simulator_comunication' returned '0': PYTHONPATH=/home/demarco/Mapping2026/SLAM/build/simulator_comunication/prefix_override:/usr/lib/python3/dist-packages/colcon_core/task/python/colcon_distutils_commands:/home/demarco/Mapping2026/SLAM/install/simulator_comunication/lib/python3.10/site-packages:${PYTHONPATH} /usr/bin/python3 -W ignore:setup.py install is deprecated -W ignore:easy_install command is deprecated setup.py egg_info --egg-base ../../../build/simulator_comunication build --build-base /home/demarco/Mapping2026/SLAM/build/simulator_comunication/build install --record /home/demarco/Mapping2026/SLAM/build/simulator_comunication/install.log --install-scripts $base/lib/simulator_comunication --single-version-externally-managed install_data
[1.261s] Level 1:colcon.colcon_core.environment:checking '/home/demarco/Mapping2026/SLAM/install/simulator_comunication' for CMake config files
[1.262s] Level 1:colcon.colcon_core.environment:checking '/home/demarco/Mapping2026/SLAM/install/simulator_comunication/lib'
[1.262s] Level 1:colcon.colcon_core.environment:checking '/home/demarco/Mapping2026/SLAM/install/simulator_comunication/bin'
[1.262s] Level 1:colcon.colcon_core.environment:checking '/home/demarco/Mapping2026/SLAM/install/simulator_comunication/lib/pkgconfig/simulator_comunication.pc'
[1.262s] Level 1:colcon.colcon_core.environment:checking '/home/demarco/Mapping2026/SLAM/install/simulator_comunication/lib/python3.10/site-packages'
[1.262s] Level 1:colcon.colcon_core.shell:create_environment_hook('simulator_comunication', 'pythonpath')
[1.262s] INFO:colcon.colcon_core.shell:Creating environment hook '/home/demarco/Mapping2026/SLAM/install/simulator_comunication/share/simulator_comunication/hook/pythonpath.ps1'
[1.263s] INFO:colcon.colcon_core.shell:Creating environment descriptor '/home/demarco/Mapping2026/SLAM/install/simulator_comunication/share/simulator_comunication/hook/pythonpath.dsv'
[1.263s] INFO:colcon.colcon_core.shell:Creating environment hook '/home/demarco/Mapping2026/SLAM/install/simulator_comunication/share/simulator_comunication/hook/pythonpath.sh'
[1.264s] Level 1:colcon.colcon_core.environment:checking '/home/demarco/Mapping2026/SLAM/install/simulator_comunication/bin'
[1.264s] Level 1:colcon.colcon_core.environment:create_environment_scripts_only(simulator_comunication)
[1.264s] INFO:colcon.colcon_core.shell:Creating package script '/home/demarco/Mapping2026/SLAM/install/simulator_comunication/share/simulator_comunication/package.ps1'
[1.265s] INFO:colcon.colcon_core.shell:Creating package descriptor '/home/demarco/Mapping2026/SLAM/install/simulator_comunication/share/simulator_comunication/package.dsv'
[1.265s] INFO:colcon.colcon_core.shell:Creating package script '/home/demarco/Mapping2026/SLAM/install/simulator_comunication/share/simulator_comunication/package.sh'
[1.265s] INFO:colcon.colcon_core.shell:Creating package script '/home/demarco/Mapping2026/SLAM/install/simulator_comunication/share/simulator_comunication/package.bash'
[1.265s] INFO:colcon.colcon_core.shell:Creating package script '/home/demarco/Mapping2026/SLAM/install/simulator_comunication/share/simulator_comunication/package.zsh'
[1.266s] Level 1:colcon.colcon_core.environment:create_file_with_runtime_dependencies(/home/demarco/Mapping2026/SLAM/install/simulator_comunication/share/colcon-core/packages/simulator_comunication)
[1.266s] DEBUG:colcon.colcon_parallel_executor.executor.parallel:closing loop
[1.266s] DEBUG:colcon.colcon_parallel_executor.executor.parallel:loop closed
[1.266s] DEBUG:colcon.colcon_parallel_executor.executor.parallel:run_until_complete finished with '0'
[1.266s] DEBUG:colcon.colcon_core.event_reactor:joining thread
[1.270s] INFO:colcon.colcon_core.plugin_system:Skipping extension 'colcon_notification.desktop_notification.terminal_notifier': Not used on non-Darwin systems
[1.270s] INFO:colcon.colcon_core.plugin_system:Skipping extension 'colcon_notification.desktop_notification.win32': Not used on non-Windows systems
[1.270s] INFO:colcon.colcon_notification.desktop_notification:Sending desktop notification using 'notify2'
[1.279s] DEBUG:colcon.colcon_core.event_reactor:joined thread
[1.280s] INFO:colcon.colcon_core.shell:Creating prefix script '/home/demarco/Mapping2026/SLAM/install/local_setup.ps1'
[1.281s] INFO:colcon.colcon_core.shell:Creating prefix util module '/home/demarco/Mapping2026/SLAM/install/_local_setup_util_ps1.py'
[1.282s] INFO:colcon.colcon_core.shell:Creating prefix chain script '/home/demarco/Mapping2026/SLAM/install/setup.ps1'
[1.283s] INFO:colcon.colcon_core.shell:Creating prefix script '/home/demarco/Mapping2026/SLAM/install/local_setup.sh'
[1.283s] INFO:colcon.colcon_core.shell:Creating prefix util module '/home/demarco/Mapping2026/SLAM/install/_local_setup_util_sh.py'
[1.284s] INFO:colcon.colcon_core.shell:Creating prefix chain script '/home/demarco/Mapping2026/SLAM/install/setup.sh'
[1.285s] INFO:colcon.colcon_core.shell:Creating prefix script '/home/demarco/Mapping2026/SLAM/install/local_setup.bash'
[1.285s] INFO:colcon.colcon_core.shell:Creating prefix chain script '/home/demarco/Mapping2026/SLAM/install/setup.bash'
[1.286s] INFO:colcon.colcon_core.shell:Creating prefix script '/home/demarco/Mapping2026/SLAM/install/local_setup.zsh'
[1.287s] INFO:colcon.colcon_core.shell:Creating prefix chain script '/home/demarco/Mapping2026/SLAM/install/setup.zsh'
