[0.559s] Invoking command in '/home/demarco/Mapping2026/Pipeline/src/autonomous_vehicle_slam': PYTHONPATH=/home/demarco/Mapping2026/Pipeline/build/autonomous_vehicle_slam/prefix_override:/usr/lib/python3/dist-packages/colcon_core/task/python/colcon_distutils_commands:/home/demarco/Mapping2026/Pipeline/install/autonomous_vehicle_slam/lib/python3.10/site-packages:${PYTHONPATH} /usr/bin/python3 -W ignore:setup.py install is deprecated -W ignore:easy_install command is deprecated setup.py egg_info --egg-base ../../build/autonomous_vehicle_slam build --build-base /home/demarco/Mapping2026/Pipeline/build/autonomous_vehicle_slam/build install --record /home/demarco/Mapping2026/Pipeline/build/autonomous_vehicle_slam/install.log --install-scripts $base/lib/autonomous_vehicle_slam --single-version-externally-managed install_data
[0.706s] running egg_info
[0.714s] writing ../../build/autonomous_vehicle_slam/autonomous_vehicle_slam.egg-info/PKG-INFO
[0.715s] writing dependency_links to ../../build/autonomous_vehicle_slam/autonomous_vehicle_slam.egg-info/dependency_links.txt
[0.715s] writing entry points to ../../build/autonomous_vehicle_slam/autonomous_vehicle_slam.egg-info/entry_points.txt
[0.715s] writing requirements to ../../build/autonomous_vehicle_slam/autonomous_vehicle_slam.egg-info/requires.txt
[0.715s] writing top-level names to ../../build/autonomous_vehicle_slam/autonomous_vehicle_slam.egg-info/top_level.txt
[0.733s] reading manifest file '../../build/autonomous_vehicle_slam/autonomous_vehicle_slam.egg-info/SOURCES.txt'
[0.734s] writing manifest file '../../build/autonomous_vehicle_slam/autonomous_vehicle_slam.egg-info/SOURCES.txt'
[0.734s] running build
[0.734s] running build_py
[0.735s] running install
[0.737s] running install_lib
[0.746s] running install_data
[0.746s] running install_egg_info
[0.755s] removing '/home/demarco/Mapping2026/Pipeline/install/autonomous_vehicle_slam/lib/python3.10/site-packages/autonomous_vehicle_slam-0.0.0-py3.10.egg-info' (and everything under it)
[0.755s] Copying ../../build/autonomous_vehicle_slam/autonomous_vehicle_slam.egg-info to /home/demarco/Mapping2026/Pipeline/install/autonomous_vehicle_slam/lib/python3.10/site-packages/autonomous_vehicle_slam-0.0.0-py3.10.egg-info
[0.756s] running install_scripts
[0.818s] Installing CarNodeSlam script to /home/demarco/Mapping2026/Pipeline/install/autonomous_vehicle_slam/lib/autonomous_vehicle_slam
[0.818s] writing list of installed files to '/home/demarco/Mapping2026/Pipeline/build/autonomous_vehicle_slam/install.log'
[0.848s] Invoked command in '/home/demarco/Mapping2026/Pipeline/src/autonomous_vehicle_slam' returned '0': PYTHONPATH=/home/demarco/Mapping2026/Pipeline/build/autonomous_vehicle_slam/prefix_override:/usr/lib/python3/dist-packages/colcon_core/task/python/colcon_distutils_commands:/home/demarco/Mapping2026/Pipeline/install/autonomous_vehicle_slam/lib/python3.10/site-packages:${PYTHONPATH} /usr/bin/python3 -W ignore:setup.py install is deprecated -W ignore:easy_install command is deprecated setup.py egg_info --egg-base ../../build/autonomous_vehicle_slam build --build-base /home/demarco/Mapping2026/Pipeline/build/autonomous_vehicle_slam/build install --record /home/demarco/Mapping2026/Pipeline/build/autonomous_vehicle_slam/install.log --install-scripts $base/lib/autonomous_vehicle_slam --single-version-externally-managed install_data
