[0.166s] DEBUG:colcon:Command line arguments: ['/usr/bin/colcon', 'build']
[0.166s] DEBUG:colcon:Parsed command line arguments: Namespace(log_base=None, log_level=None, verb_name='build', build_base='build', install_base='install', merge_install=False, symlink_install=False, test_result_base=None, continue_on_error=False, executor='parallel', parallel_workers=12, event_handlers=None, ignore_user_meta=False, metas=['./colcon.meta'], base_paths=['.'], packages_ignore=None, packages_ignore_regex=None, paths=None, packages_up_to=None, packages_up_to_regex=None, packages_above=None, packages_above_and_dependencies=None, packages_above_depth=None, packages_select_by_dep=None, packages_skip_by_dep=None, packages_skip_up_to=None, packages_select_build_failed=False, packages_skip_build_finished=False, packages_select_test_failures=False, packages_skip_test_passed=False, packages_select=None, packages_skip=None, packages_select_regex=None, packages_skip_regex=None, packages_start=None, packages_end=None, allow_overriding=[], cmake_args=None, cmake_target=None, cmake_target_skip_unavailable=False, cmake_clean_cache=False, cmake_clean_first=False, cmake_force_configure=False, ament_cmake_args=None, catkin_cmake_args=None, catkin_skip_building_tests=False, mixin_files=None, mixin=None, verb_parser=<colcon_mixin.mixin.mixin_argument.MixinArgumentDecorator object at 0x7e70547e38b0>, verb_extension=<colcon_core.verb.build.BuildVerb object at 0x7e70547e3340>, main=<bound method BuildVerb.main of <colcon_core.verb.build.BuildVerb object at 0x7e70547e3340>>, mixin_verb=('build',))
[0.219s] Level 1:colcon.colcon_core.package_discovery:discover_packages(colcon_meta) check parameters
[0.219s] Level 1:colcon.colcon_core.package_discovery:discover_packages(recursive) check parameters
[0.219s] Level 1:colcon.colcon_core.package_discovery:discover_packages(ignore) check parameters
[0.219s] Level 1:colcon.colcon_core.package_discovery:discover_packages(path) check parameters
[0.219s] Level 1:colcon.colcon_core.package_discovery:discover_packages(colcon_meta) discover
[0.219s] Level 1:colcon.colcon_core.package_discovery:discover_packages(recursive) discover
[0.219s] INFO:colcon.colcon_core.package_discovery:Crawling recursively for packages in '/home/demarco/Mapping2026/Pipeline'
[0.219s] Level 1:colcon.colcon_core.package_identification:_identify(.) by extensions ['ignore', 'ignore_ament_install']
[0.219s] Level 1:colcon.colcon_core.package_identification:_identify(.) by extension 'ignore'
[0.219s] Level 1:colcon.colcon_core.package_identification:_identify(.) by extension 'ignore_ament_install'
[0.219s] Level 1:colcon.colcon_core.package_identification:_identify(.) by extensions ['colcon_pkg']
[0.219s] Level 1:colcon.colcon_core.package_identification:_identify(.) by extension 'colcon_pkg'
[0.220s] Level 1:colcon.colcon_core.package_identification:_identify(.) by extensions ['colcon_meta']
[0.220s] Level 1:colcon.colcon_core.package_identification:_identify(.) by extension 'colcon_meta'
[0.220s] Level 1:colcon.colcon_core.package_identification:_identify(.) by extensions ['ros']
[0.220s] Level 1:colcon.colcon_core.package_identification:_identify(.) by extension 'ros'
[0.249s] Level 1:colcon.colcon_core.package_identification:_identify(.) by extensions ['cmake', 'python']
[0.249s] Level 1:colcon.colcon_core.package_identification:_identify(.) by extension 'cmake'
[0.249s] Level 1:colcon.colcon_core.package_identification:_identify(.) by extension 'python'
[0.249s] Level 1:colcon.colcon_core.package_identification:_identify(.) by extensions ['python_setup_py']
[0.249s] Level 1:colcon.colcon_core.package_identification:_identify(.) by extension 'python_setup_py'
[0.249s] Level 1:colcon.colcon_core.package_identification:_identify(build) by extensions ['ignore', 'ignore_ament_install']
[0.249s] Level 1:colcon.colcon_core.package_identification:_identify(build) by extension 'ignore'
[0.250s] Level 1:colcon.colcon_core.package_identification:_identify(build) ignored
[0.250s] Level 1:colcon.colcon_core.package_identification:_identify(install) by extensions ['ignore', 'ignore_ament_install']
[0.250s] Level 1:colcon.colcon_core.package_identification:_identify(install) by extension 'ignore'
[0.250s] Level 1:colcon.colcon_core.package_identification:_identify(install) ignored
[0.250s] Level 1:colcon.colcon_core.package_identification:_identify(log) by extensions ['ignore', 'ignore_ament_install']
[0.250s] Level 1:colcon.colcon_core.package_identification:_identify(log) by extension 'ignore'
[0.250s] Level 1:colcon.colcon_core.package_identification:_identify(log) ignored
[0.250s] Level 1:colcon.colcon_core.package_identification:_identify(src) by extensions ['ignore', 'ignore_ament_install']
[0.250s] Level 1:colcon.colcon_core.package_identification:_identify(src) by extension 'ignore'
[0.250s] Level 1:colcon.colcon_core.package_identification:_identify(src) by extension 'ignore_ament_install'
[0.250s] Level 1:colcon.colcon_core.package_identification:_identify(src) by extensions ['colcon_pkg']
[0.250s] Level 1:colcon.colcon_core.package_identification:_identify(src) by extension 'colcon_pkg'
[0.250s] Level 1:colcon.colcon_core.package_identification:_identify(src) by extensions ['colcon_meta']
[0.250s] Level 1:colcon.colcon_core.package_identification:_identify(src) by extension 'colcon_meta'
[0.250s] Level 1:colcon.colcon_core.package_identification:_identify(src) by extensions ['ros']
[0.250s] Level 1:colcon.colcon_core.package_identification:_identify(src) by extension 'ros'
[0.250s] Level 1:colcon.colcon_core.package_identification:_identify(src) by extensions ['cmake', 'python']
[0.250s] Level 1:colcon.colcon_core.package_identification:_identify(src) by extension 'cmake'
[0.250s] Level 1:colcon.colcon_core.package_identification:_identify(src) by extension 'python'
[0.250s] Level 1:colcon.colcon_core.package_identification:_identify(src) by extensions ['python_setup_py']
[0.250s] Level 1:colcon.colcon_core.package_identification:_identify(src) by extension 'python_setup_py'
[0.250s] Level 1:colcon.colcon_core.package_identification:_identify(src/autonomous_vehicle) by extensions ['ignore', 'ignore_ament_install']
[0.250s] Level 1:colcon.colcon_core.package_identification:_identify(src/autonomous_vehicle) by extension 'ignore'
[0.250s] Level 1:colcon.colcon_core.package_identification:_identify(src/autonomous_vehicle) by extension 'ignore_ament_install'
[0.250s] Level 1:colcon.colcon_core.package_identification:_identify(src/autonomous_vehicle) by extensions ['colcon_pkg']
[0.250s] Level 1:colcon.colcon_core.package_identification:_identify(src/autonomous_vehicle) by extension 'colcon_pkg'
[0.251s] Level 1:colcon.colcon_core.package_identification:_identify(src/autonomous_vehicle) by extensions ['colcon_meta']
[0.251s] Level 1:colcon.colcon_core.package_identification:_identify(src/autonomous_vehicle) by extension 'colcon_meta'
[0.251s] Level 1:colcon.colcon_core.package_identification:_identify(src/autonomous_vehicle) by extensions ['ros']
[0.251s] Level 1:colcon.colcon_core.package_identification:_identify(src/autonomous_vehicle) by extension 'ros'
[0.253s] DEBUG:colcon.colcon_core.package_identification:Package 'src/autonomous_vehicle' with type 'ros.ament_python' and name 'autonomous_vehicle'
[0.253s] Level 1:colcon.colcon_core.package_identification:_identify(src/autonomous_vehicle_slam) by extensions ['ignore', 'ignore_ament_install']
[0.253s] Level 1:colcon.colcon_core.package_identification:_identify(src/autonomous_vehicle_slam) by extension 'ignore'
[0.253s] Level 1:colcon.colcon_core.package_identification:_identify(src/autonomous_vehicle_slam) by extension 'ignore_ament_install'
[0.253s] Level 1:colcon.colcon_core.package_identification:_identify(src/autonomous_vehicle_slam) by extensions ['colcon_pkg']
[0.253s] Level 1:colcon.colcon_core.package_identification:_identify(src/autonomous_vehicle_slam) by extension 'colcon_pkg'
[0.253s] Level 1:colcon.colcon_core.package_identification:_identify(src/autonomous_vehicle_slam) by extensions ['colcon_meta']
[0.253s] Level 1:colcon.colcon_core.package_identification:_identify(src/autonomous_vehicle_slam) by extension 'colcon_meta'
[0.253s] Level 1:colcon.colcon_core.package_identification:_identify(src/autonomous_vehicle_slam) by extensions ['ros']
[0.253s] Level 1:colcon.colcon_core.package_identification:_identify(src/autonomous_vehicle_slam) by extension 'ros'
[0.254s] DEBUG:colcon.colcon_core.package_identification:Package 'src/autonomous_vehicle_slam' with type 'ros.ament_python' and name 'autonomous_vehicle_slam'
[0.254s] Level 1:colcon.colcon_core.package_identification:_identify(src/build) by extensions ['ignore', 'ignore_ament_install']
[0.254s] Level 1:colcon.colcon_core.package_identification:_identify(src/build) by extension 'ignore'
[0.254s] Level 1:colcon.colcon_core.package_identification:_identify(src/build) ignored
[0.254s] Level 1:colcon.colcon_core.package_identification:_identify(src/install) by extensions ['ignore', 'ignore_ament_install']
[0.254s] Level 1:colcon.colcon_core.package_identification:_identify(src/install) by extension 'ignore'
[0.254s] Level 1:colcon.colcon_core.package_identification:_identify(src/install) ignored
[0.254s] Level 1:colcon.colcon_core.package_identification:_identify(src/log) by extensions ['ignore', 'ignore_ament_install']
[0.254s] Level 1:colcon.colcon_core.package_identification:_identify(src/log) by extension 'ignore'
[0.254s] Level 1:colcon.colcon_core.package_identification:_identify(src/log) ignored
[0.254s] Level 1:colcon.colcon_core.package_discovery:discover_packages(recursive) using defaults
[0.254s] Level 1:colcon.colcon_core.package_discovery:discover_packages(ignore) discover
[0.254s] Level 1:colcon.colcon_core.package_discovery:discover_packages(ignore) using defaults
[0.254s] Level 1:colcon.colcon_core.package_discovery:discover_packages(path) discover
[0.254s] Level 1:colcon.colcon_core.package_discovery:discover_packages(path) using defaults
[0.278s] Level 1:colcon.colcon_core.package_discovery:discover_packages(prefix_path) check parameters
[0.278s] Level 1:colcon.colcon_core.package_discovery:discover_packages(prefix_path) discover
[0.282s] DEBUG:colcon.colcon_installed_package_information.package_discovery:Found 2 installed packages in /home/demarco/Mapping2026/Pipeline/install
[0.283s] DEBUG:colcon.colcon_installed_package_information.package_discovery:Found 274 installed packages in /opt/ros/humble
[0.285s] Level 1:colcon.colcon_core.package_discovery:discover_packages(prefix_path) using defaults
[0.376s] Level 5:colcon.colcon_core.verb:set package 'autonomous_vehicle' build argument 'cmake_args' from command line to 'None'
[0.377s] Level 5:colcon.colcon_core.verb:set package 'autonomous_vehicle' build argument 'cmake_target' from command line to 'None'
[0.377s] Level 5:colcon.colcon_core.verb:set package 'autonomous_vehicle' build argument 'cmake_target_skip_unavailable' from command line to 'False'
[0.377s] Level 5:colcon.colcon_core.verb:set package 'autonomous_vehicle' build argument 'cmake_clean_cache' from command line to 'False'
[0.377s] Level 5:colcon.colcon_core.verb:set package 'autonomous_vehicle' build argument 'cmake_clean_first' from command line to 'False'
[0.377s] Level 5:colcon.colcon_core.verb:set package 'autonomous_vehicle' build argument 'cmake_force_configure' from command line to 'False'
[0.377s] Level 5:colcon.colcon_core.verb:set package 'autonomous_vehicle' build argument 'ament_cmake_args' from command line to 'None'
[0.377s] Level 5:colcon.colcon_core.verb:set package 'autonomous_vehicle' build argument 'catkin_cmake_args' from command line to 'None'
[0.377s] Level 5:colcon.colcon_core.verb:set package 'autonomous_vehicle' build argument 'catkin_skip_building_tests' from command line to 'False'
[0.377s] DEBUG:colcon.colcon_core.verb:Building package 'autonomous_vehicle' with the following arguments: {'ament_cmake_args': None, 'build_base': '/home/demarco/Mapping2026/Pipeline/build/autonomous_vehicle', 'catkin_cmake_args': None, 'catkin_skip_building_tests': False, 'cmake_args': None, 'cmake_clean_cache': False, 'cmake_clean_first': False, 'cmake_force_configure': False, 'cmake_target': None, 'cmake_target_skip_unavailable': False, 'install_base': '/home/demarco/Mapping2026/Pipeline/install/autonomous_vehicle', 'merge_install': False, 'path': '/home/demarco/Mapping2026/Pipeline/src/autonomous_vehicle', 'symlink_install': False, 'test_result_base': None}
[0.377s] Level 5:colcon.colcon_core.verb:set package 'autonomous_vehicle_slam' build argument 'cmake_args' from command line to 'None'
[0.377s] Level 5:colcon.colcon_core.verb:set package 'autonomous_vehicle_slam' build argument 'cmake_target' from command line to 'None'
[0.377s] Level 5:colcon.colcon_core.verb:set package 'autonomous_vehicle_slam' build argument 'cmake_target_skip_unavailable' from command line to 'False'
[0.377s] Level 5:colcon.colcon_core.verb:set package 'autonomous_vehicle_slam' build argument 'cmake_clean_cache' from command line to 'False'
[0.377s] Level 5:colcon.colcon_core.verb:set package 'autonomous_vehicle_slam' build argument 'cmake_clean_first' from command line to 'False'
[0.377s] Level 5:colcon.colcon_core.verb:set package 'autonomous_vehicle_slam' build argument 'cmake_force_configure' from command line to 'False'
[0.377s] Level 5:colcon.colcon_core.verb:set package 'autonomous_vehicle_slam' build argument 'ament_cmake_args' from command line to 'None'
[0.377s] Level 5:colcon.colcon_core.verb:set package 'autonomous_vehicle_slam' build argument 'catkin_cmake_args' from command line to 'None'
[0.377s] Level 5:colcon.colcon_core.verb:set package 'autonomous_vehicle_slam' build argument 'catkin_skip_building_tests' from command line to 'False'
[0.377s] DEBUG:colcon.colcon_core.verb:Building package 'autonomous_vehicle_slam' with the following arguments: {'ament_cmake_args': None, 'build_base': '/home/demarco/Mapping2026/Pipeline/build/autonomous_vehicle_slam', 'catkin_cmake_args': None, 'catkin_skip_building_tests': False, 'cmake_args': None, 'cmake_clean_cache': False, 'cmake_clean_first': False, 'cmake_force_configure': False, 'cmake_target': None, 'cmake_target_skip_unavailable': False, 'install_base': '/home/demarco/Mapping2026/Pipeline/install/autonomous_vehicle_slam', 'merge_install': False, 'path': '/home/demarco/Mapping2026/Pipeline/src/autonomous_vehicle_slam', 'symlink_install': False, 'test_result_base': None}
[0.378s] INFO:colcon.colcon_core.executor:Executing jobs using 'parallel' executor
[0.379s] DEBUG:colcon.colcon_parallel_executor.executor.parallel:run_until_complete
[0.379s] INFO:colcon.colcon_ros.task.ament_python.build:Building ROS package in '/home/demarco/Mapping2026/Pipeline/src/autonomous_vehicle' with build type 'ament_python'
[0.379s] Level 1:colcon.colcon_core.shell:create_environment_hook('autonomous_vehicle', 'ament_prefix_path')
[0.382s] INFO:colcon.colcon_core.plugin_system:Skipping extension 'colcon_core.shell.bat': Not used on non-Windows systems
[0.382s] INFO:colcon.colcon_core.shell:Creating environment hook '/home/demarco/Mapping2026/Pipeline/install/autonomous_vehicle/share/autonomous_vehicle/hook/ament_prefix_path.ps1'
[0.382s] INFO:colcon.colcon_core.shell:Creating environment descriptor '/home/demarco/Mapping2026/Pipeline/install/autonomous_vehicle/share/autonomous_vehicle/hook/ament_prefix_path.dsv'
[0.383s] INFO:colcon.colcon_core.shell:Creating environment hook '/home/demarco/Mapping2026/Pipeline/install/autonomous_vehicle/share/autonomous_vehicle/hook/ament_prefix_path.sh'
[0.384s] INFO:colcon.colcon_core.shell:Skip shell extension 'powershell' for command environment: Not usable outside of PowerShell
[0.384s] DEBUG:colcon.colcon_core.shell:Skip shell extension 'dsv' for command environment
[0.387s] INFO:colcon.colcon_ros.task.ament_python.build:Building ROS package in '/home/demarco/Mapping2026/Pipeline/src/autonomous_vehicle_slam' with build type 'ament_python'
[0.387s] Level 1:colcon.colcon_core.shell:create_environment_hook('autonomous_vehicle_slam', 'ament_prefix_path')
[0.387s] INFO:colcon.colcon_core.shell:Creating environment hook '/home/demarco/Mapping2026/Pipeline/install/autonomous_vehicle_slam/share/autonomous_vehicle_slam/hook/ament_prefix_path.ps1'
[0.388s] INFO:colcon.colcon_core.shell:Creating environment descriptor '/home/demarco/Mapping2026/Pipeline/install/autonomous_vehicle_slam/share/autonomous_vehicle_slam/hook/ament_prefix_path.dsv'
[0.388s] INFO:colcon.colcon_core.shell:Creating environment hook '/home/demarco/Mapping2026/Pipeline/install/autonomous_vehicle_slam/share/autonomous_vehicle_slam/hook/ament_prefix_path.sh'
[0.388s] INFO:colcon.colcon_core.shell:Skip shell extension 'powershell' for command environment: Not usable outside of PowerShell
[0.388s] DEBUG:colcon.colcon_core.shell:Skip shell extension 'dsv' for command environment
[0.562s] INFO:colcon.colcon_core.task.python.build:Building Python package in '/home/demarco/Mapping2026/Pipeline/src/autonomous_vehicle'
[0.562s] INFO:colcon.colcon_core.shell:Skip shell extension 'powershell' for command environment: Not usable outside of PowerShell
[0.562s] DEBUG:colcon.colcon_core.shell:Skip shell extension 'dsv' for command environment
[0.744s] INFO:colcon.colcon_core.task.python.build:Building Python package in '/home/demarco/Mapping2026/Pipeline/src/autonomous_vehicle_slam'
[0.744s] INFO:colcon.colcon_core.shell:Skip shell extension 'powershell' for command environment: Not usable outside of PowerShell
[0.744s] DEBUG:colcon.colcon_core.shell:Skip shell extension 'dsv' for command environment
[1.190s] DEBUG:colcon.colcon_core.task.python.build:Available setuptools commands: clean, install_data, bdist, easy_install, egg_info, install_headers, install_egg_info, saveopts, alias, install_lib, sdist, editable_wheel, bdist_dumb, develop, build_clib, build_ext, build, bdist_rpm, symlink_data, install, build_scripts, bdist_wheel, dist_info, install_scripts, setopt, bdist_egg, rotate, check, build_py
[1.191s] DEBUG:colcon.colcon_core.event_handler.log_command:Invoking command in '/home/demarco/Mapping2026/Pipeline/src/autonomous_vehicle': PYTHONPATH=/home/demarco/Mapping2026/Pipeline/build/autonomous_vehicle/prefix_override:/usr/lib/python3/dist-packages/colcon_core/task/python/colcon_distutils_commands:/home/demarco/Mapping2026/Pipeline/install/autonomous_vehicle/lib/python3.10/site-packages:${PYTHONPATH} /usr/bin/python3 -W ignore:setup.py install is deprecated -W ignore:easy_install command is deprecated setup.py egg_info --egg-base ../../build/autonomous_vehicle build --build-base /home/demarco/Mapping2026/Pipeline/build/autonomous_vehicle/build install --record /home/demarco/Mapping2026/Pipeline/build/autonomous_vehicle/install.log --install-scripts $base/lib/autonomous_vehicle --single-version-externally-managed install_data
[1.248s] DEBUG:colcon.colcon_core.task.python.build:Available setuptools commands: clean, install_data, bdist, easy_install, egg_info, install_headers, install_egg_info, saveopts, alias, install_lib, sdist, editable_wheel, bdist_dumb, develop, build_clib, build_ext, build, bdist_rpm, symlink_data, install, build_scripts, bdist_wheel, dist_info, install_scripts, setopt, bdist_egg, rotate, check, build_py
[1.250s] DEBUG:colcon.colcon_core.event_handler.log_command:Invoking command in '/home/demarco/Mapping2026/Pipeline/src/autonomous_vehicle_slam': PYTHONPATH=/home/demarco/Mapping2026/Pipeline/build/autonomous_vehicle_slam/prefix_override:/usr/lib/python3/dist-packages/colcon_core/task/python/colcon_distutils_commands:/home/demarco/Mapping2026/Pipeline/install/autonomous_vehicle_slam/lib/python3.10/site-packages:${PYTHONPATH} /usr/bin/python3 -W ignore:setup.py install is deprecated -W ignore:easy_install command is deprecated setup.py egg_info --egg-base ../../build/autonomous_vehicle_slam build --build-base /home/demarco/Mapping2026/Pipeline/build/autonomous_vehicle_slam/build install --record /home/demarco/Mapping2026/Pipeline/build/autonomous_vehicle_slam/install.log --install-scripts $base/lib/autonomous_vehicle_slam --single-version-externally-managed install_data
[1.524s] DEBUG:colcon.colcon_core.event_handler.log_command:Invoked command in '/home/demarco/Mapping2026/Pipeline/src/autonomous_vehicle' returned '0': PYTHONPATH=/home/demarco/Mapping2026/Pipeline/build/autonomous_vehicle/prefix_override:/usr/lib/python3/dist-packages/colcon_core/task/python/colcon_distutils_commands:/home/demarco/Mapping2026/Pipeline/install/autonomous_vehicle/lib/python3.10/site-packages:${PYTHONPATH} /usr/bin/python3 -W ignore:setup.py install is deprecated -W ignore:easy_install command is deprecated setup.py egg_info --egg-base ../../build/autonomous_vehicle build --build-base /home/demarco/Mapping2026/Pipeline/build/autonomous_vehicle/build install --record /home/demarco/Mapping2026/Pipeline/build/autonomous_vehicle/install.log --install-scripts $base/lib/autonomous_vehicle --single-version-externally-managed install_data
[1.528s] Level 1:colcon.colcon_core.environment:checking '/home/demarco/Mapping2026/Pipeline/install/autonomous_vehicle' for CMake module files
[1.528s] Level 1:colcon.colcon_core.environment:checking '/home/demarco/Mapping2026/Pipeline/install/autonomous_vehicle' for CMake config files
[1.529s] Level 1:colcon.colcon_core.environment:checking '/home/demarco/Mapping2026/Pipeline/install/autonomous_vehicle/lib'
[1.529s] Level 1:colcon.colcon_core.environment:checking '/home/demarco/Mapping2026/Pipeline/install/autonomous_vehicle/bin'
[1.529s] Level 1:colcon.colcon_core.environment:checking '/home/demarco/Mapping2026/Pipeline/install/autonomous_vehicle/lib/pkgconfig/autonomous_vehicle.pc'
[1.529s] Level 1:colcon.colcon_core.environment:checking '/home/demarco/Mapping2026/Pipeline/install/autonomous_vehicle/lib/python3.10/site-packages'
[1.529s] Level 1:colcon.colcon_core.shell:create_environment_hook('autonomous_vehicle', 'pythonpath')
[1.529s] INFO:colcon.colcon_core.shell:Creating environment hook '/home/demarco/Mapping2026/Pipeline/install/autonomous_vehicle/share/autonomous_vehicle/hook/pythonpath.ps1'
[1.530s] INFO:colcon.colcon_core.shell:Creating environment descriptor '/home/demarco/Mapping2026/Pipeline/install/autonomous_vehicle/share/autonomous_vehicle/hook/pythonpath.dsv'
[1.530s] INFO:colcon.colcon_core.shell:Creating environment hook '/home/demarco/Mapping2026/Pipeline/install/autonomous_vehicle/share/autonomous_vehicle/hook/pythonpath.sh'
[1.531s] Level 1:colcon.colcon_core.environment:checking '/home/demarco/Mapping2026/Pipeline/install/autonomous_vehicle/bin'
[1.531s] Level 1:colcon.colcon_core.environment:create_environment_scripts_only(autonomous_vehicle)
[1.531s] INFO:colcon.colcon_core.shell:Creating package script '/home/demarco/Mapping2026/Pipeline/install/autonomous_vehicle/share/autonomous_vehicle/package.ps1'
[1.532s] INFO:colcon.colcon_core.shell:Creating package descriptor '/home/demarco/Mapping2026/Pipeline/install/autonomous_vehicle/share/autonomous_vehicle/package.dsv'
[1.533s] INFO:colcon.colcon_core.shell:Creating package script '/home/demarco/Mapping2026/Pipeline/install/autonomous_vehicle/share/autonomous_vehicle/package.sh'
[1.533s] INFO:colcon.colcon_core.shell:Creating package script '/home/demarco/Mapping2026/Pipeline/install/autonomous_vehicle/share/autonomous_vehicle/package.bash'
[1.534s] INFO:colcon.colcon_core.shell:Creating package script '/home/demarco/Mapping2026/Pipeline/install/autonomous_vehicle/share/autonomous_vehicle/package.zsh'
[1.535s] Level 1:colcon.colcon_core.environment:create_file_with_runtime_dependencies(/home/demarco/Mapping2026/Pipeline/install/autonomous_vehicle/share/colcon-core/packages/autonomous_vehicle)
[1.650s] Level 1:colcon.colcon_core.environment:checking '/home/demarco/Mapping2026/Pipeline/install/autonomous_vehicle_slam' for CMake module files
[1.651s] DEBUG:colcon.colcon_core.event_handler.log_command:Invoked command in '/home/demarco/Mapping2026/Pipeline/src/autonomous_vehicle_slam' returned '0': PYTHONPATH=/home/demarco/Mapping2026/Pipeline/build/autonomous_vehicle_slam/prefix_override:/usr/lib/python3/dist-packages/colcon_core/task/python/colcon_distutils_commands:/home/demarco/Mapping2026/Pipeline/install/autonomous_vehicle_slam/lib/python3.10/site-packages:${PYTHONPATH} /usr/bin/python3 -W ignore:setup.py install is deprecated -W ignore:easy_install command is deprecated setup.py egg_info --egg-base ../../build/autonomous_vehicle_slam build --build-base /home/demarco/Mapping2026/Pipeline/build/autonomous_vehicle_slam/build install --record /home/demarco/Mapping2026/Pipeline/build/autonomous_vehicle_slam/install.log --install-scripts $base/lib/autonomous_vehicle_slam --single-version-externally-managed install_data
[1.651s] Level 1:colcon.colcon_core.environment:checking '/home/demarco/Mapping2026/Pipeline/install/autonomous_vehicle_slam' for CMake config files
[1.651s] Level 1:colcon.colcon_core.environment:checking '/home/demarco/Mapping2026/Pipeline/install/autonomous_vehicle_slam/lib'
[1.652s] Level 1:colcon.colcon_core.environment:checking '/home/demarco/Mapping2026/Pipeline/install/autonomous_vehicle_slam/bin'
[1.652s] Level 1:colcon.colcon_core.environment:checking '/home/demarco/Mapping2026/Pipeline/install/autonomous_vehicle_slam/lib/pkgconfig/autonomous_vehicle_slam.pc'
[1.652s] Level 1:colcon.colcon_core.environment:checking '/home/demarco/Mapping2026/Pipeline/install/autonomous_vehicle_slam/lib/python3.10/site-packages'
[1.652s] Level 1:colcon.colcon_core.shell:create_environment_hook('autonomous_vehicle_slam', 'pythonpath')
[1.652s] INFO:colcon.colcon_core.shell:Creating environment hook '/home/demarco/Mapping2026/Pipeline/install/autonomous_vehicle_slam/share/autonomous_vehicle_slam/hook/pythonpath.ps1'
[1.653s] INFO:colcon.colcon_core.shell:Creating environment descriptor '/home/demarco/Mapping2026/Pipeline/install/autonomous_vehicle_slam/share/autonomous_vehicle_slam/hook/pythonpath.dsv'
[1.653s] INFO:colcon.colcon_core.shell:Creating environment hook '/home/demarco/Mapping2026/Pipeline/install/autonomous_vehicle_slam/share/autonomous_vehicle_slam/hook/pythonpath.sh'
[1.654s] Level 1:colcon.colcon_core.environment:checking '/home/demarco/Mapping2026/Pipeline/install/autonomous_vehicle_slam/bin'
[1.654s] Level 1:colcon.colcon_core.environment:create_environment_scripts_only(autonomous_vehicle_slam)
[1.654s] INFO:colcon.colcon_core.shell:Creating package script '/home/demarco/Mapping2026/Pipeline/install/autonomous_vehicle_slam/share/autonomous_vehicle_slam/package.ps1'
[1.655s] INFO:colcon.colcon_core.shell:Creating package descriptor '/home/demarco/Mapping2026/Pipeline/install/autonomous_vehicle_slam/share/autonomous_vehicle_slam/package.dsv'
[1.655s] INFO:colcon.colcon_core.shell:Creating package script '/home/demarco/Mapping2026/Pipeline/install/autonomous_vehicle_slam/share/autonomous_vehicle_slam/package.sh'
[1.656s] INFO:colcon.colcon_core.shell:Creating package script '/home/demarco/Mapping2026/Pipeline/install/autonomous_vehicle_slam/share/autonomous_vehicle_slam/package.bash'
[1.656s] INFO:colcon.colcon_core.shell:Creating package script '/home/demarco/Mapping2026/Pipeline/install/autonomous_vehicle_slam/share/autonomous_vehicle_slam/package.zsh'
[1.656s] Level 1:colcon.colcon_core.environment:create_file_with_runtime_dependencies(/home/demarco/Mapping2026/Pipeline/install/autonomous_vehicle_slam/share/colcon-core/packages/autonomous_vehicle_slam)
[1.656s] DEBUG:colcon.colcon_parallel_executor.executor.parallel:closing loop
[1.656s] DEBUG:colcon.colcon_parallel_executor.executor.parallel:loop closed
[1.656s] DEBUG:colcon.colcon_parallel_executor.executor.parallel:run_until_complete finished with '0'
[1.657s] DEBUG:colcon.colcon_core.event_reactor:joining thread
[1.666s] INFO:colcon.colcon_core.plugin_system:Skipping extension 'colcon_notification.desktop_notification.terminal_notifier': Not used on non-Darwin systems
[1.666s] INFO:colcon.colcon_core.plugin_system:Skipping extension 'colcon_notification.desktop_notification.win32': Not used on non-Windows systems
[1.666s] INFO:colcon.colcon_notification.desktop_notification:Sending desktop notification using 'notify2'
[1.679s] DEBUG:colcon.colcon_core.event_reactor:joined thread
[1.679s] INFO:colcon.colcon_core.shell:Creating prefix script '/home/demarco/Mapping2026/Pipeline/install/local_setup.ps1'
[1.680s] INFO:colcon.colcon_core.shell:Creating prefix util module '/home/demarco/Mapping2026/Pipeline/install/_local_setup_util_ps1.py'
[1.681s] INFO:colcon.colcon_core.shell:Creating prefix chain script '/home/demarco/Mapping2026/Pipeline/install/setup.ps1'
[1.682s] INFO:colcon.colcon_core.shell:Creating prefix script '/home/demarco/Mapping2026/Pipeline/install/local_setup.sh'
[1.683s] INFO:colcon.colcon_core.shell:Creating prefix util module '/home/demarco/Mapping2026/Pipeline/install/_local_setup_util_sh.py'
[1.684s] INFO:colcon.colcon_core.shell:Creating prefix chain script '/home/demarco/Mapping2026/Pipeline/install/setup.sh'
[1.685s] INFO:colcon.colcon_core.shell:Creating prefix script '/home/demarco/Mapping2026/Pipeline/install/local_setup.bash'
[1.685s] INFO:colcon.colcon_core.shell:Creating prefix chain script '/home/demarco/Mapping2026/Pipeline/install/setup.bash'
[1.686s] INFO:colcon.colcon_core.shell:Creating prefix script '/home/demarco/Mapping2026/Pipeline/install/local_setup.zsh'
[1.686s] INFO:colcon.colcon_core.shell:Creating prefix chain script '/home/demarco/Mapping2026/Pipeline/install/setup.zsh'
