/home/demarco/Mapping2026CARRO/Pipeline/install/autonomous_vehicle_slam/lib/python3.10/site-packages/autonomous_vehicle_slam/slam.py
/home/demarco/Mapping2026CARRO/Pipeline/install/autonomous_vehicle_slam/lib/python3.10/site-packages/autonomous_vehicle_slam/globalPlanning.py
/home/demarco/Mapping2026CARRO/Pipeline/install/autonomous_vehicle_slam/lib/python3.10/site-packages/autonomous_vehicle_slam/perception.py
/home/demarco/Mapping2026CARRO/Pipeline/install/autonomous_vehicle_slam/lib/python3.10/site-packages/autonomous_vehicle_slam/control.py
/home/demarco/Mapping2026CARRO/Pipeline/install/autonomous_vehicle_slam/lib/python3.10/site-packages/autonomous_vehicle_slam/__init__.py
/home/demarco/Mapping2026CARRO/Pipeline/install/autonomous_vehicle_slam/lib/python3.10/site-packages/autonomous_vehicle_slam/visualizer.py
/home/demarco/Mapping2026CARRO/Pipeline/install/autonomous_vehicle_slam/lib/python3.10/site-packages/autonomous_vehicle_slam/pathPlanning.py
/home/demarco/Mapping2026CARRO/Pipeline/install/autonomous_vehicle_slam/lib/python3.10/site-packages/autonomous_vehicle_slam/firstLapSim.py
/home/demarco/Mapping2026CARRO/Pipeline/install/autonomous_vehicle_slam/lib/python3.10/site-packages/autonomous_vehicle_slam/mapping.py
/home/demarco/Mapping2026CARRO/Pipeline/install/autonomous_vehicle_slam/lib/python3.10/site-packages/autonomous_vehicle_slam/carNode.py
/home/demarco/Mapping2026CARRO/Pipeline/install/autonomous_vehicle_slam/lib/python3.10/site-packages/autonomous_vehicle_slam/mpc.py
/home/demarco/Mapping2026CARRO/Pipeline/install/autonomous_vehicle_slam/lib/python3.10/site-packages/autonomous_vehicle_slam/__pycache__/slam.cpython-310.pyc
/home/demarco/Mapping2026CARRO/Pipeline/install/autonomous_vehicle_slam/lib/python3.10/site-packages/autonomous_vehicle_slam/__pycache__/globalPlanning.cpython-310.pyc
/home/demarco/Mapping2026CARRO/Pipeline/install/autonomous_vehicle_slam/lib/python3.10/site-packages/autonomous_vehicle_slam/__pycache__/perception.cpython-310.pyc
/home/demarco/Mapping2026CARRO/Pipeline/install/autonomous_vehicle_slam/lib/python3.10/site-packages/autonomous_vehicle_slam/__pycache__/control.cpython-310.pyc
/home/demarco/Mapping2026CARRO/Pipeline/install/autonomous_vehicle_slam/lib/python3.10/site-packages/autonomous_vehicle_slam/__pycache__/__init__.cpython-310.pyc
/home/demarco/Mapping2026CARRO/Pipeline/install/autonomous_vehicle_slam/lib/python3.10/site-packages/autonomous_vehicle_slam/__pycache__/visualizer.cpython-310.pyc
/home/demarco/Mapping2026CARRO/Pipeline/install/autonomous_vehicle_slam/lib/python3.10/site-packages/autonomous_vehicle_slam/__pycache__/pathPlanning.cpython-310.pyc
/home/demarco/Mapping2026CARRO/Pipeline/install/autonomous_vehicle_slam/lib/python3.10/site-packages/autonomous_vehicle_slam/__pycache__/firstLapSim.cpython-310.pyc
/home/demarco/Mapping2026CARRO/Pipeline/install/autonomous_vehicle_slam/lib/python3.10/site-packages/autonomous_vehicle_slam/__pycache__/mapping.cpython-310.pyc
/home/demarco/Mapping2026CARRO/Pipeline/install/autonomous_vehicle_slam/lib/python3.10/site-packages/autonomous_vehicle_slam/__pycache__/carNode.cpython-310.pyc
/home/demarco/Mapping2026CARRO/Pipeline/install/autonomous_vehicle_slam/lib/python3.10/site-packages/autonomous_vehicle_slam/__pycache__/mpc.cpython-310.pyc
/home/demarco/Mapping2026CARRO/Pipeline/install/autonomous_vehicle_slam/share/ament_index/resource_index/packages/autonomous_vehicle_slam
/home/demarco/Mapping2026CARRO/Pipeline/install/autonomous_vehicle_slam/share/autonomous_vehicle_slam/package.xml
/home/demarco/Mapping2026CARRO/Pipeline/install/autonomous_vehicle_slam/lib/python3.10/site-packages/autonomous_vehicle_slam-0.0.0-py3.10.egg-info/entry_points.txt
/home/demarco/Mapping2026CARRO/Pipeline/install/autonomous_vehicle_slam/lib/python3.10/site-packages/autonomous_vehicle_slam-0.0.0-py3.10.egg-info/PKG-INFO
/home/demarco/Mapping2026CARRO/Pipeline/install/autonomous_vehicle_slam/lib/python3.10/site-packages/autonomous_vehicle_slam-0.0.0-py3.10.egg-info/dependency_links.txt
/home/demarco/Mapping2026CARRO/Pipeline/install/autonomous_vehicle_slam/lib/python3.10/site-packages/autonomous_vehicle_slam-0.0.0-py3.10.egg-info/SOURCES.txt
/home/demarco/Mapping2026CARRO/Pipeline/install/autonomous_vehicle_slam/lib/python3.10/site-packages/autonomous_vehicle_slam-0.0.0-py3.10.egg-info/zip-safe
/home/demarco/Mapping2026CARRO/Pipeline/install/autonomous_vehicle_slam/lib/python3.10/site-packages/autonomous_vehicle_slam-0.0.0-py3.10.egg-info/top_level.txt
/home/demarco/Mapping2026CARRO/Pipeline/install/autonomous_vehicle_slam/lib/python3.10/site-packages/autonomous_vehicle_slam-0.0.0-py3.10.egg-info/requires.txt
/home/demarco/Mapping2026CARRO/Pipeline/install/autonomous_vehicle_slam/lib/autonomous_vehicle_slam/CarNodeSlam
