[0.401s] Invoking command in '/home/demarco/Mapping2026CARRO/Pipeline/src/autonomous_vehicle': PYTHONPATH=/home/demarco/Mapping2026CARRO/Pipeline/build/autonomous_vehicle/prefix_override:/usr/lib/python3/dist-packages/colcon_core/task/python/colcon_distutils_commands:/home/demarco/Mapping2026CARRO/Pipeline/install/autonomous_vehicle/lib/python3.10/site-packages:${PYTHONPATH} /usr/bin/python3 -W ignore:setup.py install is deprecated -W ignore:easy_install command is deprecated setup.py egg_info --egg-base ../../build/autonomous_vehicle build --build-base /home/demarco/Mapping2026CARRO/Pipeline/build/autonomous_vehicle/build install --record /home/demarco/Mapping2026CARRO/Pipeline/build/autonomous_vehicle/install.log --install-scripts $base/lib/autonomous_vehicle --single-version-externally-managed install_data
[0.535s] running egg_info
[0.542s] writing ../../build/autonomous_vehicle/autonomous_vehicle.egg-info/PKG-INFO
[0.543s] writing dependency_links to ../../build/autonomous_vehicle/autonomous_vehicle.egg-info/dependency_links.txt
[0.543s] writing entry points to ../../build/autonomous_vehicle/autonomous_vehicle.egg-info/entry_points.txt
[0.543s] writing requirements to ../../build/autonomous_vehicle/autonomous_vehicle.egg-info/requires.txt
[0.543s] writing top-level names to ../../build/autonomous_vehicle/autonomous_vehicle.egg-info/top_level.txt
[0.560s] reading manifest file '../../build/autonomous_vehicle/autonomous_vehicle.egg-info/SOURCES.txt'
[0.561s] writing manifest file '../../build/autonomous_vehicle/autonomous_vehicle.egg-info/SOURCES.txt'
[0.561s] running build
[0.561s] running build_py
[0.561s] copying autonomous_vehicle/pathPlanning.py -> /home/demarco/Mapping2026CARRO/Pipeline/build/autonomous_vehicle/build/lib/autonomous_vehicle
[0.561s] copying autonomous_vehicle/carNode.py -> /home/demarco/Mapping2026CARRO/Pipeline/build/autonomous_vehicle/build/lib/autonomous_vehicle
[0.561s] running install
[0.564s] running install_lib
[0.571s] copying /home/demarco/Mapping2026CARRO/Pipeline/build/autonomous_vehicle/build/lib/autonomous_vehicle/carNode.py -> /home/demarco/Mapping2026CARRO/Pipeline/install/autonomous_vehicle/lib/python3.10/site-packages/autonomous_vehicle
[0.572s] byte-compiling /home/demarco/Mapping2026CARRO/Pipeline/install/autonomous_vehicle/lib/python3.10/site-packages/autonomous_vehicle/carNode.py to carNode.cpython-310.pyc
[0.573s] running install_data
[0.573s] running install_egg_info
[0.581s] removing '/home/demarco/Mapping2026CARRO/Pipeline/install/autonomous_vehicle/lib/python3.10/site-packages/autonomous_vehicle-0.0.0-py3.10.egg-info' (and everything under it)
[0.581s] Copying ../../build/autonomous_vehicle/autonomous_vehicle.egg-info to /home/demarco/Mapping2026CARRO/Pipeline/install/autonomous_vehicle/lib/python3.10/site-packages/autonomous_vehicle-0.0.0-py3.10.egg-info
[0.582s] running install_scripts
[0.639s] Installing CarNode script to /home/demarco/Mapping2026CARRO/Pipeline/install/autonomous_vehicle/lib/autonomous_vehicle
[0.640s] writing list of installed files to '/home/demarco/Mapping2026CARRO/Pipeline/build/autonomous_vehicle/install.log'
[0.656s] Invoked command in '/home/demarco/Mapping2026CARRO/Pipeline/src/autonomous_vehicle' returned '0': PYTHONPATH=/home/demarco/Mapping2026CARRO/Pipeline/build/autonomous_vehicle/prefix_override:/usr/lib/python3/dist-packages/colcon_core/task/python/colcon_distutils_commands:/home/demarco/Mapping2026CARRO/Pipeline/install/autonomous_vehicle/lib/python3.10/site-packages:${PYTHONPATH} /usr/bin/python3 -W ignore:setup.py install is deprecated -W ignore:easy_install command is deprecated setup.py egg_info --egg-base ../../build/autonomous_vehicle build --build-base /home/demarco/Mapping2026CARRO/Pipeline/build/autonomous_vehicle/build install --record /home/demarco/Mapping2026CARRO/Pipeline/build/autonomous_vehicle/install.log --install-scripts $base/lib/autonomous_vehicle --single-version-externally-managed install_data
