[0.399s] Invoking command in '/home/felipe_capovilla/Documents/E-Racing/Mapping/SLAM/src/simulator_comunication': PYTHONPATH=/home/felipe_capovilla/Documents/E-Racing/Mapping/SLAM/build/simulator_comunication/prefix_override:/usr/lib/python3/dist-packages/colcon_core/task/python/colcon_distutils_commands:/home/felipe_capovilla/Documents/E-Racing/Mapping/SLAM/install/simulator_comunication/lib/python3.10/site-packages:${PYTHONPATH} /usr/bin/python3 -W ignore:setup.py install is deprecated -W ignore:easy_install command is deprecated setup.py egg_info --egg-base ../../build/simulator_comunication build --build-base /home/felipe_capovilla/Documents/E-Racing/Mapping/SLAM/build/simulator_comunication/build install --record /home/felipe_capovilla/Documents/E-Racing/Mapping/SLAM/build/simulator_comunication/install.log --single-version-externally-managed install_data
[0.500s] running egg_info
[0.500s] writing ../../build/simulator_comunication/simulator_comunication.egg-info/PKG-INFO
[0.500s] writing dependency_links to ../../build/simulator_comunication/simulator_comunication.egg-info/dependency_links.txt
[0.500s] writing entry points to ../../build/simulator_comunication/simulator_comunication.egg-info/entry_points.txt
[0.501s] writing requirements to ../../build/simulator_comunication/simulator_comunication.egg-info/requires.txt
[0.501s] writing top-level names to ../../build/simulator_comunication/simulator_comunication.egg-info/top_level.txt
[0.501s] reading manifest file '../../build/simulator_comunication/simulator_comunication.egg-info/SOURCES.txt'
[0.502s] writing manifest file '../../build/simulator_comunication/simulator_comunication.egg-info/SOURCES.txt'
[0.502s] running build
[0.502s] running build_py
[0.502s] running install
[0.502s] running install_lib
[0.503s] running install_data
[0.503s] running install_egg_info
[0.503s] removing '/home/felipe_capovilla/Documents/E-Racing/Mapping/SLAM/install/simulator_comunication/lib/python3.10/site-packages/simulator_comunication-0.0.0-py3.10.egg-info' (and everything under it)
[0.503s] Copying ../../build/simulator_comunication/simulator_comunication.egg-info to /home/felipe_capovilla/Documents/E-Racing/Mapping/SLAM/install/simulator_comunication/lib/python3.10/site-packages/simulator_comunication-0.0.0-py3.10.egg-info
[0.504s] running install_scripts
[0.513s] Installing fsdsNode script to /home/felipe_capovilla/Documents/E-Racing/Mapping/SLAM/install/simulator_comunication/lib/simulator_comunication
[0.513s] writing list of installed files to '/home/felipe_capovilla/Documents/E-Racing/Mapping/SLAM/build/simulator_comunication/install.log'
[0.533s] Invoked command in '/home/felipe_capovilla/Documents/E-Racing/Mapping/SLAM/src/simulator_comunication' returned '0': PYTHONPATH=/home/felipe_capovilla/Documents/E-Racing/Mapping/SLAM/build/simulator_comunication/prefix_override:/usr/lib/python3/dist-packages/colcon_core/task/python/colcon_distutils_commands:/home/felipe_capovilla/Documents/E-Racing/Mapping/SLAM/install/simulator_comunication/lib/python3.10/site-packages:${PYTHONPATH} /usr/bin/python3 -W ignore:setup.py install is deprecated -W ignore:easy_install command is deprecated setup.py egg_info --egg-base ../../build/simulator_comunication build --build-base /home/felipe_capovilla/Documents/E-Racing/Mapping/SLAM/build/simulator_comunication/build install --record /home/felipe_capovilla/Documents/E-Racing/Mapping/SLAM/build/simulator_comunication/install.log --single-version-externally-managed install_data
