[0.551s] Invoking command in '/home/demarco/Mapping2026CARRO/Pipeline/src/autonomous_vehicle': PYTHONPATH=/home/demarco/Mapping2026CARRO/Pipeline/build/autonomous_vehicle/prefix_override:/usr/lib/python3/dist-packages/colcon_core/task/python/colcon_distutils_commands:/home/demarco/Mapping2026CARRO/Pipeline/install/autonomous_vehicle/lib/python3.10/site-packages:${PYTHONPATH} /usr/bin/python3 -W ignore:setup.py install is deprecated -W ignore:easy_install command is deprecated setup.py egg_info --egg-base ../../build/autonomous_vehicle build --build-base /home/demarco/Mapping2026CARRO/Pipeline/build/autonomous_vehicle/build install --record /home/demarco/Mapping2026CARRO/Pipeline/build/autonomous_vehicle/install.log --install-scripts $base/lib/autonomous_vehicle --single-version-externally-managed install_data
[0.690s] running egg_info
[0.697s] writing ../../build/autonomous_vehicle/autonomous_vehicle.egg-info/PKG-INFO
[0.698s] writing dependency_links to ../../build/autonomous_vehicle/autonomous_vehicle.egg-info/dependency_links.txt
[0.698s] writing entry points to ../../build/autonomous_vehicle/autonomous_vehicle.egg-info/entry_points.txt
[0.698s] writing requirements to ../../build/autonomous_vehicle/autonomous_vehicle.egg-info/requires.txt
[0.698s] writing top-level names to ../../build/autonomous_vehicle/autonomous_vehicle.egg-info/top_level.txt
[0.715s] reading manifest file '../../build/autonomous_vehicle/autonomous_vehicle.egg-info/SOURCES.txt'
[0.716s] writing manifest file '../../build/autonomous_vehicle/autonomous_vehicle.egg-info/SOURCES.txt'
[0.716s] running build
[0.716s] running build_py
[0.716s] copying autonomous_vehicle/pathPlanning.py -> /home/demarco/Mapping2026CARRO/Pipeline/build/autonomous_vehicle/build/lib/autonomous_vehicle
[0.716s] copying autonomous_vehicle/carNode.py -> /home/demarco/Mapping2026CARRO/Pipeline/build/autonomous_vehicle/build/lib/autonomous_vehicle
[0.716s] running install
[0.719s] running install_lib
[0.727s] running install_data
[0.728s] running install_egg_info
[0.737s] removing '/home/demarco/Mapping2026CARRO/Pipeline/install/autonomous_vehicle/lib/python3.10/site-packages/autonomous_vehicle-0.0.0-py3.10.egg-info' (and everything under it)
[0.737s] Copying ../../build/autonomous_vehicle/autonomous_vehicle.egg-info to /home/demarco/Mapping2026CARRO/Pipeline/install/autonomous_vehicle/lib/python3.10/site-packages/autonomous_vehicle-0.0.0-py3.10.egg-info
[0.737s] running install_scripts
[0.796s] Installing CarNode script to /home/demarco/Mapping2026CARRO/Pipeline/install/autonomous_vehicle/lib/autonomous_vehicle
[0.797s] writing list of installed files to '/home/demarco/Mapping2026CARRO/Pipeline/build/autonomous_vehicle/install.log'
[0.817s] Invoked command in '/home/demarco/Mapping2026CARRO/Pipeline/src/autonomous_vehicle' returned '0': PYTHONPATH=/home/demarco/Mapping2026CARRO/Pipeline/build/autonomous_vehicle/prefix_override:/usr/lib/python3/dist-packages/colcon_core/task/python/colcon_distutils_commands:/home/demarco/Mapping2026CARRO/Pipeline/install/autonomous_vehicle/lib/python3.10/site-packages:${PYTHONPATH} /usr/bin/python3 -W ignore:setup.py install is deprecated -W ignore:easy_install command is deprecated setup.py egg_info --egg-base ../../build/autonomous_vehicle build --build-base /home/demarco/Mapping2026CARRO/Pipeline/build/autonomous_vehicle/build install --record /home/demarco/Mapping2026CARRO/Pipeline/build/autonomous_vehicle/install.log --install-scripts $base/lib/autonomous_vehicle --single-version-externally-managed install_data
