running egg_info
creating ../../../build/first_slam/first_slam.egg-info
writing ../../../build/first_slam/first_slam.egg-info/PKG-INFO
writing dependency_links to ../../../build/first_slam/first_slam.egg-info/dependency_links.txt
writing requirements to ../../../build/first_slam/first_slam.egg-info/requires.txt
writing top-level names to ../../../build/first_slam/first_slam.egg-info/top_level.txt
writing manifest file '../../../build/first_slam/first_slam.egg-info/SOURCES.txt'
reading manifest file '../../../build/first_slam/first_slam.egg-info/SOURCES.txt'
writing manifest file '../../../build/first_slam/first_slam.egg-info/SOURCES.txt'
running build
running build_py
creating /home/demarco/Mapping2026/SLAM/build/first_slam/build/lib/first_slam
copying first_slam/__init__.py -> /home/demarco/Mapping2026/SLAM/build/first_slam/build/lib/first_slam
copying first_slam/slam_node.py -> /home/demarco/Mapping2026/SLAM/build/first_slam/build/lib/first_slam
running install
running install_lib
creating /home/demarco/Mapping2026/SLAM/install/first_slam/lib/python3.10/site-packages/first_slam
copying /home/demarco/Mapping2026/SLAM/build/first_slam/build/lib/first_slam/__init__.py -> /home/demarco/Mapping2026/SLAM/install/first_slam/lib/python3.10/site-packages/first_slam
copying /home/demarco/Mapping2026/SLAM/build/first_slam/build/lib/first_slam/slam_node.py -> /home/demarco/Mapping2026/SLAM/install/first_slam/lib/python3.10/site-packages/first_slam
byte-compiling /home/demarco/Mapping2026/SLAM/install/first_slam/lib/python3.10/site-packages/first_slam/__init__.py to __init__.cpython-310.pyc
byte-compiling /home/demarco/Mapping2026/SLAM/install/first_slam/lib/python3.10/site-packages/first_slam/slam_node.py to slam_node.cpython-310.pyc
running install_data
creating /home/demarco/Mapping2026/SLAM/install/first_slam/share/ament_index/resource_index/packages
copying resource/first_slam -> /home/demarco/Mapping2026/SLAM/install/first_slam/share/ament_index/resource_index/packages
copying package.xml -> /home/demarco/Mapping2026/SLAM/install/first_slam/share/first_slam
running install_egg_info
Copying ../../../build/first_slam/first_slam.egg-info to /home/demarco/Mapping2026/SLAM/install/first_slam/lib/python3.10/site-packages/first_slam-0.0.0-py3.10.egg-info
running install_scripts
writing list of installed files to '/home/demarco/Mapping2026/SLAM/build/first_slam/install.log'
