[0.587s] Invoking command in '/home/demarco/Mapping2026/SLAM/SLAM/src/first_slam': PYTHONPATH=/home/demarco/Mapping2026/SLAM/build/first_slam/prefix_override:/usr/lib/python3/dist-packages/colcon_core/task/python/colcon_distutils_commands:/home/demarco/Mapping2026/SLAM/install/first_slam/lib/python3.10/site-packages:${PYTHONPATH} /usr/bin/python3 -W ignore:setup.py install is deprecated -W ignore:easy_install command is deprecated setup.py egg_info --egg-base ../../../build/first_slam build --build-base /home/demarco/Mapping2026/SLAM/build/first_slam/build install --record /home/demarco/Mapping2026/SLAM/build/first_slam/install.log --install-scripts $base/lib/first_slam --single-version-externally-managed install_data
[0.757s] running egg_info
[0.766s] creating ../../../build/first_slam/first_slam.egg-info
[0.766s] writing ../../../build/first_slam/first_slam.egg-info/PKG-INFO
[0.766s] writing dependency_links to ../../../build/first_slam/first_slam.egg-info/dependency_links.txt
[0.775s] writing requirements to ../../../build/first_slam/first_slam.egg-info/requires.txt
[0.775s] writing top-level names to ../../../build/first_slam/first_slam.egg-info/top_level.txt
[0.775s] writing manifest file '../../../build/first_slam/first_slam.egg-info/SOURCES.txt'
[0.796s] reading manifest file '../../../build/first_slam/first_slam.egg-info/SOURCES.txt'
[0.797s] writing manifest file '../../../build/first_slam/first_slam.egg-info/SOURCES.txt'
[0.797s] running build
[0.797s] running build_py
[0.797s] creating /home/demarco/Mapping2026/SLAM/build/first_slam/build/lib/first_slam
[0.797s] copying first_slam/__init__.py -> /home/demarco/Mapping2026/SLAM/build/first_slam/build/lib/first_slam
[0.797s] copying first_slam/slam_node.py -> /home/demarco/Mapping2026/SLAM/build/first_slam/build/lib/first_slam
[0.797s] running install
[0.800s] running install_lib
[0.810s] creating /home/demarco/Mapping2026/SLAM/install/first_slam/lib/python3.10/site-packages/first_slam
[0.810s] copying /home/demarco/Mapping2026/SLAM/build/first_slam/build/lib/first_slam/__init__.py -> /home/demarco/Mapping2026/SLAM/install/first_slam/lib/python3.10/site-packages/first_slam
[0.810s] copying /home/demarco/Mapping2026/SLAM/build/first_slam/build/lib/first_slam/slam_node.py -> /home/demarco/Mapping2026/SLAM/install/first_slam/lib/python3.10/site-packages/first_slam
[0.810s] byte-compiling /home/demarco/Mapping2026/SLAM/install/first_slam/lib/python3.10/site-packages/first_slam/__init__.py to __init__.cpython-310.pyc
[0.810s] byte-compiling /home/demarco/Mapping2026/SLAM/install/first_slam/lib/python3.10/site-packages/first_slam/slam_node.py to slam_node.cpython-310.pyc
[0.811s] running install_data
[0.811s] creating /home/demarco/Mapping2026/SLAM/install/first_slam/share/ament_index/resource_index/packages
[0.811s] copying resource/first_slam -> /home/demarco/Mapping2026/SLAM/install/first_slam/share/ament_index/resource_index/packages
[0.811s] copying package.xml -> /home/demarco/Mapping2026/SLAM/install/first_slam/share/first_slam
[0.812s] running install_egg_info
[0.822s] Copying ../../../build/first_slam/first_slam.egg-info to /home/demarco/Mapping2026/SLAM/install/first_slam/lib/python3.10/site-packages/first_slam-0.0.0-py3.10.egg-info
[0.822s] running install_scripts
[0.891s] writing list of installed files to '/home/demarco/Mapping2026/SLAM/build/first_slam/install.log'
[0.915s] Invoked command in '/home/demarco/Mapping2026/SLAM/SLAM/src/first_slam' returned '0': PYTHONPATH=/home/demarco/Mapping2026/SLAM/build/first_slam/prefix_override:/usr/lib/python3/dist-packages/colcon_core/task/python/colcon_distutils_commands:/home/demarco/Mapping2026/SLAM/install/first_slam/lib/python3.10/site-packages:${PYTHONPATH} /usr/bin/python3 -W ignore:setup.py install is deprecated -W ignore:easy_install command is deprecated setup.py egg_info --egg-base ../../../build/first_slam build --build-base /home/demarco/Mapping2026/SLAM/build/first_slam/build install --record /home/demarco/Mapping2026/SLAM/build/first_slam/install.log --install-scripts $base/lib/first_slam --single-version-externally-managed install_data
