[0.526s] Invoking command in '/home/demarco/Mapping2026/SLAM/SLAM/src/simulator_comunication': PYTHONPATH=/home/demarco/Mapping2026/SLAM/build/simulator_comunication/prefix_override:/usr/lib/python3/dist-packages/colcon_core/task/python/colcon_distutils_commands:/home/demarco/Mapping2026/SLAM/install/simulator_comunication/lib/python3.10/site-packages:${PYTHONPATH} /usr/bin/python3 -W ignore:setup.py install is deprecated -W ignore:easy_install command is deprecated setup.py egg_info --egg-base ../../../build/simulator_comunication build --build-base /home/demarco/Mapping2026/SLAM/build/simulator_comunication/build install --record /home/demarco/Mapping2026/SLAM/build/simulator_comunication/install.log --install-scripts $base/lib/simulator_comunication --single-version-externally-managed install_data
[0.668s] running egg_info
[0.675s] writing ../../../build/simulator_comunication/simulator_comunication.egg-info/PKG-INFO
[0.675s] writing dependency_links to ../../../build/simulator_comunication/simulator_comunication.egg-info/dependency_links.txt
[0.675s] writing entry points to ../../../build/simulator_comunication/simulator_comunication.egg-info/entry_points.txt
[0.676s] writing requirements to ../../../build/simulator_comunication/simulator_comunication.egg-info/requires.txt
[0.676s] writing top-level names to ../../../build/simulator_comunication/simulator_comunication.egg-info/top_level.txt
[0.692s] reading manifest file '../../../build/simulator_comunication/simulator_comunication.egg-info/SOURCES.txt'
[0.693s] writing manifest file '../../../build/simulator_comunication/simulator_comunication.egg-info/SOURCES.txt'
[0.693s] running build
[0.693s] running build_py
[0.693s] copying simulator_comunication/main.py -> /home/demarco/Mapping2026/SLAM/build/simulator_comunication/build/lib/simulator_comunication
[0.694s] running install
[0.696s] running install_lib
[0.704s] running install_data
[0.704s] running install_egg_info
[0.713s] removing '/home/demarco/Mapping2026/SLAM/install/simulator_comunication/lib/python3.10/site-packages/simulator_comunication-0.0.0-py3.10.egg-info' (and everything under it)
[0.713s] Copying ../../../build/simulator_comunication/simulator_comunication.egg-info to /home/demarco/Mapping2026/SLAM/install/simulator_comunication/lib/python3.10/site-packages/simulator_comunication-0.0.0-py3.10.egg-info
[0.714s] running install_scripts
[0.772s] Installing fsdsNode script to /home/demarco/Mapping2026/SLAM/install/simulator_comunication/lib/simulator_comunication
[0.772s] writing list of installed files to '/home/demarco/Mapping2026/SLAM/build/simulator_comunication/install.log'
[0.790s] Invoked command in '/home/demarco/Mapping2026/SLAM/SLAM/src/simulator_comunication' returned '0': PYTHONPATH=/home/demarco/Mapping2026/SLAM/build/simulator_comunication/prefix_override:/usr/lib/python3/dist-packages/colcon_core/task/python/colcon_distutils_commands:/home/demarco/Mapping2026/SLAM/install/simulator_comunication/lib/python3.10/site-packages:${PYTHONPATH} /usr/bin/python3 -W ignore:setup.py install is deprecated -W ignore:easy_install command is deprecated setup.py egg_info --egg-base ../../../build/simulator_comunication build --build-base /home/demarco/Mapping2026/SLAM/build/simulator_comunication/build install --record /home/demarco/Mapping2026/SLAM/build/simulator_comunication/install.log --install-scripts $base/lib/simulator_comunication --single-version-externally-managed install_data
