[0.081s] [34mcolcon[0m [1;30mDEBUG[0m [32mCommand line arguments: ['/usr/bin/colcon', 'build'][0m
[0.081s] [34mcolcon[0m [1;30mDEBUG[0m [32mParsed command line arguments: Namespace(log_base=None, log_level=None, verb_name='build', build_base='build', install_base='install', merge_install=False, symlink_install=False, test_result_base=None, continue_on_error=False, executor='parallel', parallel_workers=12, event_handlers=None, ignore_user_meta=False, metas=['./colcon.meta'], base_paths=['.'], packages_ignore=None, packages_ignore_regex=None, paths=None, packages_up_to=None, packages_up_to_regex=None, packages_above=None, packages_above_and_dependencies=None, packages_above_depth=None, packages_select_by_dep=None, packages_skip_by_dep=None, packages_skip_up_to=None, packages_select_build_failed=False, packages_skip_build_finished=False, packages_select_test_failures=False, packages_skip_test_passed=False, packages_select=None, packages_skip=None, packages_select_regex=None, packages_skip_regex=None, packages_start=None, packages_end=None, allow_overriding=[], cmake_args=None, cmake_target=None, cmake_target_skip_unavailable=False, cmake_clean_cache=False, cmake_clean_first=False, cmake_force_configure=False, ament_cmake_args=None, catkin_cmake_args=None, catkin_skip_building_tests=False, mixin_files=None, mixin=None, verb_parser=<colcon_mixin.mixin.mixin_argument.MixinArgumentDecorator object at 0x7f0036e35bd0>, verb_extension=<colcon_core.verb.build.BuildVerb object at 0x7f0036e35660>, main=<bound method BuildVerb.main of <colcon_core.verb.build.BuildVerb object at 0x7f0036e35660>>, mixin_verb=('build',))[0m
[0.110s] [34mcolcon.colcon_core.package_discovery[0m [1;30mLevel 1[0m discover_packages(colcon_meta) check parameters
[0.110s] [34mcolcon.colcon_core.package_discovery[0m [1;30mLevel 1[0m discover_packages(recursive) check parameters
[0.110s] [34mcolcon.colcon_core.package_discovery[0m [1;30mLevel 1[0m discover_packages(ignore) check parameters
[0.110s] [34mcolcon.colcon_core.package_discovery[0m [1;30mLevel 1[0m discover_packages(path) check parameters
[0.110s] [34mcolcon.colcon_core.package_discovery[0m [1;30mLevel 1[0m discover_packages(colcon_meta) discover
[0.110s] [34mcolcon.colcon_core.package_discovery[0m [1;30mLevel 1[0m discover_packages(recursive) discover
[0.110s] [34mcolcon.colcon_core.package_discovery[0m [1;30mINFO[0m Crawling recursively for packages in '/home/demarco/Mapping2026/Pipeline'
[0.110s] [34mcolcon.colcon_core.package_identification[0m [1;30mLevel 1[0m _identify(.) by extensions ['ignore', 'ignore_ament_install']
[0.110s] [34mcolcon.colcon_core.package_identification[0m [1;30mLevel 1[0m _identify(.) by extension 'ignore'
[0.110s] [34mcolcon.colcon_core.package_identification[0m [1;30mLevel 1[0m _identify(.) by extension 'ignore_ament_install'
[0.110s] [34mcolcon.colcon_core.package_identification[0m [1;30mLevel 1[0m _identify(.) by extensions ['colcon_pkg']
[0.110s] [34mcolcon.colcon_core.package_identification[0m [1;30mLevel 1[0m _identify(.) by extension 'colcon_pkg'
[0.110s] [34mcolcon.colcon_core.package_identification[0m [1;30mLevel 1[0m _identify(.) by extensions ['colcon_meta']
[0.110s] [34mcolcon.colcon_core.package_identification[0m [1;30mLevel 1[0m _identify(.) by extension 'colcon_meta'
[0.110s] [34mcolcon.colcon_core.package_identification[0m [1;30mLevel 1[0m _identify(.) by extensions ['ros']
[0.110s] [34mcolcon.colcon_core.package_identification[0m [1;30mLevel 1[0m _identify(.) by extension 'ros'
[0.131s] [34mcolcon.colcon_core.package_identification[0m [1;30mLevel 1[0m _identify(.) by extensions ['cmake', 'python']
[0.131s] [34mcolcon.colcon_core.package_identification[0m [1;30mLevel 1[0m _identify(.) by extension 'cmake'
[0.131s] [34mcolcon.colcon_core.package_identification[0m [1;30mLevel 1[0m _identify(.) by extension 'python'
[0.131s] [34mcolcon.colcon_core.package_identification[0m [1;30mLevel 1[0m _identify(.) by extensions ['python_setup_py']
[0.131s] [34mcolcon.colcon_core.package_identification[0m [1;30mLevel 1[0m _identify(.) by extension 'python_setup_py'
[0.132s] [34mcolcon.colcon_core.package_identification[0m [1;30mLevel 1[0m _identify(build) by extensions ['ignore', 'ignore_ament_install']
[0.132s] [34mcolcon.colcon_core.package_identification[0m [1;30mLevel 1[0m _identify(build) by extension 'ignore'
[0.132s] [34mcolcon.colcon_core.package_identification[0m [1;30mLevel 1[0m _identify(build) ignored
[0.132s] [34mcolcon.colcon_core.package_identification[0m [1;30mLevel 1[0m _identify(install) by extensions ['ignore', 'ignore_ament_install']
[0.132s] [34mcolcon.colcon_core.package_identification[0m [1;30mLevel 1[0m _identify(install) by extension 'ignore'
[0.132s] [34mcolcon.colcon_core.package_identification[0m [1;30mLevel 1[0m _identify(install) ignored
[0.132s] [34mcolcon.colcon_core.package_identification[0m [1;30mLevel 1[0m _identify(log) by extensions ['ignore', 'ignore_ament_install']
[0.132s] [34mcolcon.colcon_core.package_identification[0m [1;30mLevel 1[0m _identify(log) by extension 'ignore'
[0.132s] [34mcolcon.colcon_core.package_identification[0m [1;30mLevel 1[0m _identify(log) ignored
[0.132s] [34mcolcon.colcon_core.package_identification[0m [1;30mLevel 1[0m _identify(src) by extensions ['ignore', 'ignore_ament_install']
[0.132s] [34mcolcon.colcon_core.package_identification[0m [1;30mLevel 1[0m _identify(src) by extension 'ignore'
[0.132s] [34mcolcon.colcon_core.package_identification[0m [1;30mLevel 1[0m _identify(src) by extension 'ignore_ament_install'
[0.132s] [34mcolcon.colcon_core.package_identification[0m [1;30mLevel 1[0m _identify(src) by extensions ['colcon_pkg']
[0.132s] [34mcolcon.colcon_core.package_identification[0m [1;30mLevel 1[0m _identify(src) by extension 'colcon_pkg'
[0.132s] [34mcolcon.colcon_core.package_identification[0m [1;30mLevel 1[0m _identify(src) by extensions ['colcon_meta']
[0.132s] [34mcolcon.colcon_core.package_identification[0m [1;30mLevel 1[0m _identify(src) by extension 'colcon_meta'
[0.132s] [34mcolcon.colcon_core.package_identification[0m [1;30mLevel 1[0m _identify(src) by extensions ['ros']
[0.132s] [34mcolcon.colcon_core.package_identification[0m [1;30mLevel 1[0m _identify(src) by extension 'ros'
[0.132s] [34mcolcon.colcon_core.package_identification[0m [1;30mLevel 1[0m _identify(src) by extensions ['cmake', 'python']
[0.132s] [34mcolcon.colcon_core.package_identification[0m [1;30mLevel 1[0m _identify(src) by extension 'cmake'
[0.132s] [34mcolcon.colcon_core.package_identification[0m [1;30mLevel 1[0m _identify(src) by extension 'python'
[0.132s] [34mcolcon.colcon_core.package_identification[0m [1;30mLevel 1[0m _identify(src) by extensions ['python_setup_py']
[0.132s] [34mcolcon.colcon_core.package_identification[0m [1;30mLevel 1[0m _identify(src) by extension 'python_setup_py'
[0.132s] [34mcolcon.colcon_core.package_identification[0m [1;30mLevel 1[0m _identify(src/autonomous_vehicle) by extensions ['ignore', 'ignore_ament_install']
[0.132s] [34mcolcon.colcon_core.package_identification[0m [1;30mLevel 1[0m _identify(src/autonomous_vehicle) by extension 'ignore'
[0.132s] [34mcolcon.colcon_core.package_identification[0m [1;30mLevel 1[0m _identify(src/autonomous_vehicle) by extension 'ignore_ament_install'
[0.133s] [34mcolcon.colcon_core.package_identification[0m [1;30mLevel 1[0m _identify(src/autonomous_vehicle) by extensions ['colcon_pkg']
[0.133s] [34mcolcon.colcon_core.package_identification[0m [1;30mLevel 1[0m _identify(src/autonomous_vehicle) by extension 'colcon_pkg'
[0.133s] [34mcolcon.colcon_core.package_identification[0m [1;30mLevel 1[0m _identify(src/autonomous_vehicle) by extensions ['colcon_meta']
[0.133s] [34mcolcon.colcon_core.package_identification[0m [1;30mLevel 1[0m _identify(src/autonomous_vehicle) by extension 'colcon_meta'
[0.133s] [34mcolcon.colcon_core.package_identification[0m [1;30mLevel 1[0m _identify(src/autonomous_vehicle) by extensions ['ros']
[0.133s] [34mcolcon.colcon_core.package_identification[0m [1;30mLevel 1[0m _identify(src/autonomous_vehicle) by extension 'ros'
[0.134s] [34mcolcon.colcon_core.package_identification[0m [1;30mDEBUG[0m [32mPackage 'src/autonomous_vehicle' with type 'ros.ament_python' and name 'autonomous_vehicle'[0m
[0.134s] [34mcolcon.colcon_core.package_identification[0m [1;30mLevel 1[0m _identify(src/autonomous_vehicle_slam) by extensions ['ignore', 'ignore_ament_install']
[0.134s] [34mcolcon.colcon_core.package_identification[0m [1;30mLevel 1[0m _identify(src/autonomous_vehicle_slam) by extension 'ignore'
[0.134s] [34mcolcon.colcon_core.package_identification[0m [1;30mLevel 1[0m _identify(src/autonomous_vehicle_slam) by extension 'ignore_ament_install'
[0.134s] [34mcolcon.colcon_core.package_identification[0m [1;30mLevel 1[0m _identify(src/autonomous_vehicle_slam) by extensions ['colcon_pkg']
[0.134s] [34mcolcon.colcon_core.package_identification[0m [1;30mLevel 1[0m _identify(src/autonomous_vehicle_slam) by extension 'colcon_pkg'
[0.135s] [34mcolcon.colcon_core.package_identification[0m [1;30mLevel 1[0m _identify(src/autonomous_vehicle_slam) by extensions ['colcon_meta']
[0.135s] [34mcolcon.colcon_core.package_identification[0m [1;30mLevel 1[0m _identify(src/autonomous_vehicle_slam) by extension 'colcon_meta'
[0.135s] [34mcolcon.colcon_core.package_identification[0m [1;30mLevel 1[0m _identify(src/autonomous_vehicle_slam) by extensions ['ros']
[0.135s] [34mcolcon.colcon_core.package_identification[0m [1;30mLevel 1[0m _identify(src/autonomous_vehicle_slam) by extension 'ros'
[0.135s] [34mcolcon.colcon_core.package_identification[0m [1;30mDEBUG[0m [32mPackage 'src/autonomous_vehicle_slam' with type 'ros.ament_python' and name 'autonomous_vehicle_slam'[0m
[0.135s] [34mcolcon.colcon_core.package_identification[0m [1;30mLevel 1[0m _identify(src/build) by extensions ['ignore', 'ignore_ament_install']
[0.135s] [34mcolcon.colcon_core.package_identification[0m [1;30mLevel 1[0m _identify(src/build) by extension 'ignore'
[0.135s] [34mcolcon.colcon_core.package_identification[0m [1;30mLevel 1[0m _identify(src/build) ignored
[0.135s] [34mcolcon.colcon_core.package_identification[0m [1;30mLevel 1[0m _identify(src/install) by extensions ['ignore', 'ignore_ament_install']
[0.135s] [34mcolcon.colcon_core.package_identification[0m [1;30mLevel 1[0m _identify(src/install) by extension 'ignore'
[0.135s] [34mcolcon.colcon_core.package_identification[0m [1;30mLevel 1[0m _identify(src/install) ignored
[0.135s] [34mcolcon.colcon_core.package_identification[0m [1;30mLevel 1[0m _identify(src/log) by extensions ['ignore', 'ignore_ament_install']
[0.135s] [34mcolcon.colcon_core.package_identification[0m [1;30mLevel 1[0m _identify(src/log) by extension 'ignore'
[0.135s] [34mcolcon.colcon_core.package_identification[0m [1;30mLevel 1[0m _identify(src/log) ignored
[0.135s] [34mcolcon.colcon_core.package_discovery[0m [1;30mLevel 1[0m discover_packages(recursive) using defaults
[0.135s] [34mcolcon.colcon_core.package_discovery[0m [1;30mLevel 1[0m discover_packages(ignore) discover
[0.135s] [34mcolcon.colcon_core.package_discovery[0m [1;30mLevel 1[0m discover_packages(ignore) using defaults
[0.135s] [34mcolcon.colcon_core.package_discovery[0m [1;30mLevel 1[0m discover_packages(path) discover
[0.135s] [34mcolcon.colcon_core.package_discovery[0m [1;30mLevel 1[0m discover_packages(path) using defaults
[0.146s] [34mcolcon.colcon_core.package_discovery[0m [1;30mLevel 1[0m discover_packages(prefix_path) check parameters
[0.146s] [34mcolcon.colcon_core.package_discovery[0m [1;30mLevel 1[0m discover_packages(prefix_path) discover
[0.147s] [34mcolcon.colcon_installed_package_information.package_discovery[0m [1;30mDEBUG[0m [32mFound 2 installed packages in /home/demarco/Mapping2026/Pipeline/install[0m
[0.148s] [34mcolcon.colcon_installed_package_information.package_discovery[0m [1;30mDEBUG[0m [32mFound 275 installed packages in /opt/ros/humble[0m
[0.149s] [34mcolcon.colcon_core.package_discovery[0m [1;30mLevel 1[0m discover_packages(prefix_path) using defaults
[0.179s] [34mcolcon.colcon_core.verb[0m [1;30mLevel 5[0m set package 'autonomous_vehicle' build argument 'cmake_args' from command line to 'None'
[0.180s] [34mcolcon.colcon_core.verb[0m [1;30mLevel 5[0m set package 'autonomous_vehicle' build argument 'cmake_target' from command line to 'None'
[0.180s] [34mcolcon.colcon_core.verb[0m [1;30mLevel 5[0m set package 'autonomous_vehicle' build argument 'cmake_target_skip_unavailable' from command line to 'False'
[0.180s] [34mcolcon.colcon_core.verb[0m [1;30mLevel 5[0m set package 'autonomous_vehicle' build argument 'cmake_clean_cache' from command line to 'False'
[0.180s] [34mcolcon.colcon_core.verb[0m [1;30mLevel 5[0m set package 'autonomous_vehicle' build argument 'cmake_clean_first' from command line to 'False'
[0.180s] [34mcolcon.colcon_core.verb[0m [1;30mLevel 5[0m set package 'autonomous_vehicle' build argument 'cmake_force_configure' from command line to 'False'
[0.180s] [34mcolcon.colcon_core.verb[0m [1;30mLevel 5[0m set package 'autonomous_vehicle' build argument 'ament_cmake_args' from command line to 'None'
[0.180s] [34mcolcon.colcon_core.verb[0m [1;30mLevel 5[0m set package 'autonomous_vehicle' build argument 'catkin_cmake_args' from command line to 'None'
[0.180s] [34mcolcon.colcon_core.verb[0m [1;30mLevel 5[0m set package 'autonomous_vehicle' build argument 'catkin_skip_building_tests' from command line to 'False'
[0.180s] [34mcolcon.colcon_core.verb[0m [1;30mDEBUG[0m [32mBuilding package 'autonomous_vehicle' with the following arguments: {'ament_cmake_args': None, 'build_base': '/home/demarco/Mapping2026/Pipeline/build/autonomous_vehicle', 'catkin_cmake_args': None, 'catkin_skip_building_tests': False, 'cmake_args': None, 'cmake_clean_cache': False, 'cmake_clean_first': False, 'cmake_force_configure': False, 'cmake_target': None, 'cmake_target_skip_unavailable': False, 'install_base': '/home/demarco/Mapping2026/Pipeline/install/autonomous_vehicle', 'merge_install': False, 'path': '/home/demarco/Mapping2026/Pipeline/src/autonomous_vehicle', 'symlink_install': False, 'test_result_base': None}[0m
[0.180s] [34mcolcon.colcon_core.verb[0m [1;30mLevel 5[0m set package 'autonomous_vehicle_slam' build argument 'cmake_args' from command line to 'None'
[0.180s] [34mcolcon.colcon_core.verb[0m [1;30mLevel 5[0m set package 'autonomous_vehicle_slam' build argument 'cmake_target' from command line to 'None'
[0.180s] [34mcolcon.colcon_core.verb[0m [1;30mLevel 5[0m set package 'autonomous_vehicle_slam' build argument 'cmake_target_skip_unavailable' from command line to 'False'
[0.180s] [34mcolcon.colcon_core.verb[0m [1;30mLevel 5[0m set package 'autonomous_vehicle_slam' build argument 'cmake_clean_cache' from command line to 'False'
[0.180s] [34mcolcon.colcon_core.verb[0m [1;30mLevel 5[0m set package 'autonomous_vehicle_slam' build argument 'cmake_clean_first' from command line to 'False'
[0.180s] [34mcolcon.colcon_core.verb[0m [1;30mLevel 5[0m set package 'autonomous_vehicle_slam' build argument 'cmake_force_configure' from command line to 'False'
[0.180s] [34mcolcon.colcon_core.verb[0m [1;30mLevel 5[0m set package 'autonomous_vehicle_slam' build argument 'ament_cmake_args' from command line to 'None'
[0.180s] [34mcolcon.colcon_core.verb[0m [1;30mLevel 5[0m set package 'autonomous_vehicle_slam' build argument 'catkin_cmake_args' from command line to 'None'
[0.180s] [34mcolcon.colcon_core.verb[0m [1;30mLevel 5[0m set package 'autonomous_vehicle_slam' build argument 'catkin_skip_building_tests' from command line to 'False'
[0.180s] [34mcolcon.colcon_core.verb[0m [1;30mDEBUG[0m [32mBuilding package 'autonomous_vehicle_slam' with the following arguments: {'ament_cmake_args': None, 'build_base': '/home/demarco/Mapping2026/Pipeline/build/autonomous_vehicle_slam', 'catkin_cmake_args': None, 'catkin_skip_building_tests': False, 'cmake_args': None, 'cmake_clean_cache': False, 'cmake_clean_first': False, 'cmake_force_configure': False, 'cmake_target': None, 'cmake_target_skip_unavailable': False, 'install_base': '/home/demarco/Mapping2026/Pipeline/install/autonomous_vehicle_slam', 'merge_install': False, 'path': '/home/demarco/Mapping2026/Pipeline/src/autonomous_vehicle_slam', 'symlink_install': False, 'test_result_base': None}[0m
[0.180s] [34mcolcon.colcon_core.executor[0m [1;30mINFO[0m Executing jobs using 'parallel' executor
[0.181s] [34mcolcon.colcon_parallel_executor.executor.parallel[0m [1;30mDEBUG[0m [32mrun_until_complete[0m
[0.181s] [34mcolcon.colcon_ros.task.ament_python.build[0m [1;30mINFO[0m Building ROS package in '/home/demarco/Mapping2026/Pipeline/src/autonomous_vehicle' with build type 'ament_python'
[0.181s] [34mcolcon.colcon_core.shell[0m [1;30mLevel 1[0m create_environment_hook('autonomous_vehicle', 'ament_prefix_path')
[0.182s] [34mcolcon.colcon_core.plugin_system[0m [1;30mINFO[0m Skipping extension 'colcon_core.shell.bat': Not used on non-Windows systems
[0.182s] [34mcolcon.colcon_core.shell[0m [1;30mINFO[0m Creating environment hook '/home/demarco/Mapping2026/Pipeline/install/autonomous_vehicle/share/autonomous_vehicle/hook/ament_prefix_path.ps1'
[0.183s] [34mcolcon.colcon_core.shell[0m [1;30mINFO[0m Creating environment descriptor '/home/demarco/Mapping2026/Pipeline/install/autonomous_vehicle/share/autonomous_vehicle/hook/ament_prefix_path.dsv'
[0.183s] [34mcolcon.colcon_core.shell[0m [1;30mINFO[0m Creating environment hook '/home/demarco/Mapping2026/Pipeline/install/autonomous_vehicle/share/autonomous_vehicle/hook/ament_prefix_path.sh'
[0.184s] [34mcolcon.colcon_core.shell[0m [1;30mINFO[0m Skip shell extension 'powershell' for command environment: Not usable outside of PowerShell
[0.184s] [34mcolcon.colcon_core.shell[0m [1;30mDEBUG[0m [32mSkip shell extension 'dsv' for command environment[0m
[0.186s] [34mcolcon.colcon_ros.task.ament_python.build[0m [1;30mINFO[0m Building ROS package in '/home/demarco/Mapping2026/Pipeline/src/autonomous_vehicle_slam' with build type 'ament_python'
[0.186s] [34mcolcon.colcon_core.shell[0m [1;30mLevel 1[0m create_environment_hook('autonomous_vehicle_slam', 'ament_prefix_path')
[0.186s] [34mcolcon.colcon_core.shell[0m [1;30mINFO[0m Creating environment hook '/home/demarco/Mapping2026/Pipeline/install/autonomous_vehicle_slam/share/autonomous_vehicle_slam/hook/ament_prefix_path.ps1'
[0.186s] [34mcolcon.colcon_core.shell[0m [1;30mINFO[0m Creating environment descriptor '/home/demarco/Mapping2026/Pipeline/install/autonomous_vehicle_slam/share/autonomous_vehicle_slam/hook/ament_prefix_path.dsv'
[0.187s] [34mcolcon.colcon_core.shell[0m [1;30mINFO[0m Creating environment hook '/home/demarco/Mapping2026/Pipeline/install/autonomous_vehicle_slam/share/autonomous_vehicle_slam/hook/ament_prefix_path.sh'
[0.187s] [34mcolcon.colcon_core.shell[0m [1;30mINFO[0m Skip shell extension 'powershell' for command environment: Not usable outside of PowerShell
[0.187s] [34mcolcon.colcon_core.shell[0m [1;30mDEBUG[0m [32mSkip shell extension 'dsv' for command environment[0m
[0.328s] [34mcolcon.colcon_core.task.python.build[0m [1;30mINFO[0m Building Python package in '/home/demarco/Mapping2026/Pipeline/src/autonomous_vehicle'
[0.328s] [34mcolcon.colcon_core.shell[0m [1;30mINFO[0m Skip shell extension 'powershell' for command environment: Not usable outside of PowerShell
[0.328s] [34mcolcon.colcon_core.shell[0m [1;30mDEBUG[0m [32mSkip shell extension 'dsv' for command environment[0m
[0.463s] [34mcolcon.colcon_core.task.python.build[0m [1;30mINFO[0m Building Python package in '/home/demarco/Mapping2026/Pipeline/src/autonomous_vehicle_slam'
[0.464s] [34mcolcon.colcon_core.shell[0m [1;30mINFO[0m Skip shell extension 'powershell' for command environment: Not usable outside of PowerShell
[0.464s] [34mcolcon.colcon_core.shell[0m [1;30mDEBUG[0m [32mSkip shell extension 'dsv' for command environment[0m
[0.818s] [34mcolcon.colcon_core.task.python.build[0m [1;30mDEBUG[0m [32mAvailable setuptools commands: bdist_dumb, build_ext, sdist, build_clib, install_headers, install_lib, build_py, install_data, build_scripts, develop, symlink_data, bdist, saveopts, bdist_egg, easy_install, setopt, install, install_scripts, alias, check, dist_info, clean, build, bdist_rpm, editable_wheel, rotate, egg_info, install_egg_info, bdist_wheel[0m
[0.820s] [34mcolcon.colcon_core.event_handler.log_command[0m [1;30mDEBUG[0m [32mInvoking command in '/home/demarco/Mapping2026/Pipeline/src/autonomous_vehicle_slam': PYTHONPATH=/home/demarco/Mapping2026/Pipeline/build/autonomous_vehicle_slam/prefix_override:/usr/lib/python3/dist-packages/colcon_core/task/python/colcon_distutils_commands:/home/demarco/Mapping2026/Pipeline/install/autonomous_vehicle_slam/lib/python3.10/site-packages:${PYTHONPATH} /usr/bin/python3 -W ignore:setup.py install is deprecated -W ignore:easy_install command is deprecated setup.py egg_info --egg-base ../../build/autonomous_vehicle_slam build --build-base /home/demarco/Mapping2026/Pipeline/build/autonomous_vehicle_slam/build install --record /home/demarco/Mapping2026/Pipeline/build/autonomous_vehicle_slam/install.log --install-scripts $base/lib/autonomous_vehicle_slam --single-version-externally-managed install_data[0m
[0.821s] [34mcolcon.colcon_core.task.python.build[0m [1;30mDEBUG[0m [32mAvailable setuptools commands: bdist_dumb, build_ext, sdist, build_clib, install_headers, install_lib, build_py, install_data, build_scripts, develop, symlink_data, bdist, saveopts, bdist_egg, easy_install, setopt, install, install_scripts, alias, check, dist_info, clean, build, bdist_rpm, editable_wheel, rotate, egg_info, install_egg_info, bdist_wheel[0m
[0.823s] [34mcolcon.colcon_core.event_handler.log_command[0m [1;30mDEBUG[0m [32mInvoking command in '/home/demarco/Mapping2026/Pipeline/src/autonomous_vehicle': PYTHONPATH=/home/demarco/Mapping2026/Pipeline/build/autonomous_vehicle/prefix_override:/usr/lib/python3/dist-packages/colcon_core/task/python/colcon_distutils_commands:/home/demarco/Mapping2026/Pipeline/install/autonomous_vehicle/lib/python3.10/site-packages:${PYTHONPATH} /usr/bin/python3 -W ignore:setup.py install is deprecated -W ignore:easy_install command is deprecated setup.py egg_info --egg-base ../../build/autonomous_vehicle build --build-base /home/demarco/Mapping2026/Pipeline/build/autonomous_vehicle/build install --record /home/demarco/Mapping2026/Pipeline/build/autonomous_vehicle/install.log --install-scripts $base/lib/autonomous_vehicle --single-version-externally-managed install_data[0m
[1.131s] [34mcolcon.colcon_core.event_handler.log_command[0m [1;30mDEBUG[0m [32mInvoked command in '/home/demarco/Mapping2026/Pipeline/src/autonomous_vehicle_slam' returned '0': PYTHONPATH=/home/demarco/Mapping2026/Pipeline/build/autonomous_vehicle_slam/prefix_override:/usr/lib/python3/dist-packages/colcon_core/task/python/colcon_distutils_commands:/home/demarco/Mapping2026/Pipeline/install/autonomous_vehicle_slam/lib/python3.10/site-packages:${PYTHONPATH} /usr/bin/python3 -W ignore:setup.py install is deprecated -W ignore:easy_install command is deprecated setup.py egg_info --egg-base ../../build/autonomous_vehicle_slam build --build-base /home/demarco/Mapping2026/Pipeline/build/autonomous_vehicle_slam/build install --record /home/demarco/Mapping2026/Pipeline/build/autonomous_vehicle_slam/install.log --install-scripts $base/lib/autonomous_vehicle_slam --single-version-externally-managed install_data[0m
[1.133s] [34mcolcon.colcon_core.environment[0m [1;30mLevel 1[0m checking '/home/demarco/Mapping2026/Pipeline/install/autonomous_vehicle_slam' for CMake module files
[1.133s] [34mcolcon.colcon_core.environment[0m [1;30mLevel 1[0m checking '/home/demarco/Mapping2026/Pipeline/install/autonomous_vehicle_slam' for CMake config files
[1.134s] [34mcolcon.colcon_core.environment[0m [1;30mLevel 1[0m checking '/home/demarco/Mapping2026/Pipeline/install/autonomous_vehicle_slam/lib'
[1.134s] [34mcolcon.colcon_core.environment[0m [1;30mLevel 1[0m checking '/home/demarco/Mapping2026/Pipeline/install/autonomous_vehicle_slam/bin'
[1.134s] [34mcolcon.colcon_core.environment[0m [1;30mLevel 1[0m checking '/home/demarco/Mapping2026/Pipeline/install/autonomous_vehicle_slam/lib/pkgconfig/autonomous_vehicle_slam.pc'
[1.134s] [34mcolcon.colcon_core.environment[0m [1;30mLevel 1[0m checking '/home/demarco/Mapping2026/Pipeline/install/autonomous_vehicle_slam/lib/python3.10/site-packages'
[1.134s] [34mcolcon.colcon_core.shell[0m [1;30mLevel 1[0m create_environment_hook('autonomous_vehicle_slam', 'pythonpath')
[1.134s] [34mcolcon.colcon_core.shell[0m [1;30mINFO[0m Creating environment hook '/home/demarco/Mapping2026/Pipeline/install/autonomous_vehicle_slam/share/autonomous_vehicle_slam/hook/pythonpath.ps1'
[1.135s] [34mcolcon.colcon_core.shell[0m [1;30mINFO[0m Creating environment descriptor '/home/demarco/Mapping2026/Pipeline/install/autonomous_vehicle_slam/share/autonomous_vehicle_slam/hook/pythonpath.dsv'
[1.135s] [34mcolcon.colcon_core.shell[0m [1;30mINFO[0m Creating environment hook '/home/demarco/Mapping2026/Pipeline/install/autonomous_vehicle_slam/share/autonomous_vehicle_slam/hook/pythonpath.sh'
[1.136s] [34mcolcon.colcon_core.environment[0m [1;30mLevel 1[0m checking '/home/demarco/Mapping2026/Pipeline/install/autonomous_vehicle_slam/bin'
[1.136s] [34mcolcon.colcon_core.environment[0m [1;30mLevel 1[0m create_environment_scripts_only(autonomous_vehicle_slam)
[1.136s] [34mcolcon.colcon_core.shell[0m [1;30mINFO[0m Creating package script '/home/demarco/Mapping2026/Pipeline/install/autonomous_vehicle_slam/share/autonomous_vehicle_slam/package.ps1'
[1.137s] [34mcolcon.colcon_core.shell[0m [1;30mINFO[0m Creating package descriptor '/home/demarco/Mapping2026/Pipeline/install/autonomous_vehicle_slam/share/autonomous_vehicle_slam/package.dsv'
[1.137s] [34mcolcon.colcon_core.shell[0m [1;30mINFO[0m Creating package script '/home/demarco/Mapping2026/Pipeline/install/autonomous_vehicle_slam/share/autonomous_vehicle_slam/package.sh'
[1.137s] [34mcolcon.colcon_core.shell[0m [1;30mINFO[0m Creating package script '/home/demarco/Mapping2026/Pipeline/install/autonomous_vehicle_slam/share/autonomous_vehicle_slam/package.bash'
[1.138s] [34mcolcon.colcon_core.shell[0m [1;30mINFO[0m Creating package script '/home/demarco/Mapping2026/Pipeline/install/autonomous_vehicle_slam/share/autonomous_vehicle_slam/package.zsh'
[1.138s] [34mcolcon.colcon_core.environment[0m [1;30mLevel 1[0m create_file_with_runtime_dependencies(/home/demarco/Mapping2026/Pipeline/install/autonomous_vehicle_slam/share/colcon-core/packages/autonomous_vehicle_slam)
[1.162s] [34mcolcon.colcon_core.environment[0m [1;30mLevel 1[0m checking '/home/demarco/Mapping2026/Pipeline/install/autonomous_vehicle' for CMake module files
[1.162s] [34mcolcon.colcon_core.event_handler.log_command[0m [1;30mDEBUG[0m [32mInvoked command in '/home/demarco/Mapping2026/Pipeline/src/autonomous_vehicle' returned '0': PYTHONPATH=/home/demarco/Mapping2026/Pipeline/build/autonomous_vehicle/prefix_override:/usr/lib/python3/dist-packages/colcon_core/task/python/colcon_distutils_commands:/home/demarco/Mapping2026/Pipeline/install/autonomous_vehicle/lib/python3.10/site-packages:${PYTHONPATH} /usr/bin/python3 -W ignore:setup.py install is deprecated -W ignore:easy_install command is deprecated setup.py egg_info --egg-base ../../build/autonomous_vehicle build --build-base /home/demarco/Mapping2026/Pipeline/build/autonomous_vehicle/build install --record /home/demarco/Mapping2026/Pipeline/build/autonomous_vehicle/install.log --install-scripts $base/lib/autonomous_vehicle --single-version-externally-managed install_data[0m
[1.162s] [34mcolcon.colcon_core.environment[0m [1;30mLevel 1[0m checking '/home/demarco/Mapping2026/Pipeline/install/autonomous_vehicle' for CMake config files
[1.163s] [34mcolcon.colcon_core.environment[0m [1;30mLevel 1[0m checking '/home/demarco/Mapping2026/Pipeline/install/autonomous_vehicle/lib'
[1.163s] [34mcolcon.colcon_core.environment[0m [1;30mLevel 1[0m checking '/home/demarco/Mapping2026/Pipeline/install/autonomous_vehicle/bin'
[1.163s] [34mcolcon.colcon_core.environment[0m [1;30mLevel 1[0m checking '/home/demarco/Mapping2026/Pipeline/install/autonomous_vehicle/lib/pkgconfig/autonomous_vehicle.pc'
[1.163s] [34mcolcon.colcon_core.environment[0m [1;30mLevel 1[0m checking '/home/demarco/Mapping2026/Pipeline/install/autonomous_vehicle/lib/python3.10/site-packages'
[1.163s] [34mcolcon.colcon_core.shell[0m [1;30mLevel 1[0m create_environment_hook('autonomous_vehicle', 'pythonpath')
[1.163s] [34mcolcon.colcon_core.shell[0m [1;30mINFO[0m Creating environment hook '/home/demarco/Mapping2026/Pipeline/install/autonomous_vehicle/share/autonomous_vehicle/hook/pythonpath.ps1'
[1.164s] [34mcolcon.colcon_core.shell[0m [1;30mINFO[0m Creating environment descriptor '/home/demarco/Mapping2026/Pipeline/install/autonomous_vehicle/share/autonomous_vehicle/hook/pythonpath.dsv'
[1.164s] [34mcolcon.colcon_core.shell[0m [1;30mINFO[0m Creating environment hook '/home/demarco/Mapping2026/Pipeline/install/autonomous_vehicle/share/autonomous_vehicle/hook/pythonpath.sh'
[1.165s] [34mcolcon.colcon_core.environment[0m [1;30mLevel 1[0m checking '/home/demarco/Mapping2026/Pipeline/install/autonomous_vehicle/bin'
[1.165s] [34mcolcon.colcon_core.environment[0m [1;30mLevel 1[0m create_environment_scripts_only(autonomous_vehicle)
[1.165s] [34mcolcon.colcon_core.shell[0m [1;30mINFO[0m Creating package script '/home/demarco/Mapping2026/Pipeline/install/autonomous_vehicle/share/autonomous_vehicle/package.ps1'
[1.166s] [34mcolcon.colcon_core.shell[0m [1;30mINFO[0m Creating package descriptor '/home/demarco/Mapping2026/Pipeline/install/autonomous_vehicle/share/autonomous_vehicle/package.dsv'
[1.167s] [34mcolcon.colcon_core.shell[0m [1;30mINFO[0m Creating package script '/home/demarco/Mapping2026/Pipeline/install/autonomous_vehicle/share/autonomous_vehicle/package.sh'
[1.167s] [34mcolcon.colcon_core.shell[0m [1;30mINFO[0m Creating package script '/home/demarco/Mapping2026/Pipeline/install/autonomous_vehicle/share/autonomous_vehicle/package.bash'
[1.167s] [34mcolcon.colcon_core.shell[0m [1;30mINFO[0m Creating package script '/home/demarco/Mapping2026/Pipeline/install/autonomous_vehicle/share/autonomous_vehicle/package.zsh'
[1.168s] [34mcolcon.colcon_core.environment[0m [1;30mLevel 1[0m create_file_with_runtime_dependencies(/home/demarco/Mapping2026/Pipeline/install/autonomous_vehicle/share/colcon-core/packages/autonomous_vehicle)
[1.168s] [34mcolcon.colcon_parallel_executor.executor.parallel[0m [1;30mDEBUG[0m [32mclosing loop[0m
[1.168s] [34mcolcon.colcon_parallel_executor.executor.parallel[0m [1;30mDEBUG[0m [32mloop closed[0m
[1.168s] [34mcolcon.colcon_parallel_executor.executor.parallel[0m [1;30mDEBUG[0m [32mrun_until_complete finished with '0'[0m
[1.169s] [34mcolcon.colcon_core.event_reactor[0m [1;30mDEBUG[0m [32mjoining thread[0m
[1.173s] [34mcolcon.colcon_core.plugin_system[0m [1;30mINFO[0m Skipping extension 'colcon_notification.desktop_notification.terminal_notifier': Not used on non-Darwin systems
[1.173s] [34mcolcon.colcon_core.plugin_system[0m [1;30mINFO[0m Skipping extension 'colcon_notification.desktop_notification.win32': Not used on non-Windows systems
[1.173s] [34mcolcon.colcon_notification.desktop_notification[0m [1;30mINFO[0m Sending desktop notification using 'notify2'
[1.182s] [34mcolcon.colcon_core.event_reactor[0m [1;30mDEBUG[0m [32mjoined thread[0m
[1.183s] [34mcolcon.colcon_core.shell[0m [1;30mINFO[0m Creating prefix script '/home/demarco/Mapping2026/Pipeline/install/local_setup.ps1'
[1.184s] [34mcolcon.colcon_core.shell[0m [1;30mINFO[0m Creating prefix util module '/home/demarco/Mapping2026/Pipeline/install/_local_setup_util_ps1.py'
[1.185s] [34mcolcon.colcon_core.shell[0m [1;30mINFO[0m Creating prefix chain script '/home/demarco/Mapping2026/Pipeline/install/setup.ps1'
[1.185s] [34mcolcon.colcon_core.shell[0m [1;30mINFO[0m Creating prefix script '/home/demarco/Mapping2026/Pipeline/install/local_setup.sh'
[1.186s] [34mcolcon.colcon_core.shell[0m [1;30mINFO[0m Creating prefix util module '/home/demarco/Mapping2026/Pipeline/install/_local_setup_util_sh.py'
[1.186s] [34mcolcon.colcon_core.shell[0m [1;30mINFO[0m Creating prefix chain script '/home/demarco/Mapping2026/Pipeline/install/setup.sh'
[1.187s] [34mcolcon.colcon_core.shell[0m [1;30mINFO[0m Creating prefix script '/home/demarco/Mapping2026/Pipeline/install/local_setup.bash'
[1.187s] [34mcolcon.colcon_core.shell[0m [1;30mINFO[0m Creating prefix chain script '/home/demarco/Mapping2026/Pipeline/install/setup.bash'
[1.188s] [34mcolcon.colcon_core.shell[0m [1;30mINFO[0m Creating prefix script '/home/demarco/Mapping2026/Pipeline/install/local_setup.zsh'
[1.188s] [34mcolcon.colcon_core.shell[0m [1;30mINFO[0m Creating prefix chain script '/home/demarco/Mapping2026/Pipeline/install/setup.zsh'
