running egg_info
writing ../../build/autonomous_vehicle/autonomous_vehicle.egg-info/PKG-INFO
writing dependency_links to ../../build/autonomous_vehicle/autonomous_vehicle.egg-info/dependency_links.txt
writing entry points to ../../build/autonomous_vehicle/autonomous_vehicle.egg-info/entry_points.txt
writing requirements to ../../build/autonomous_vehicle/autonomous_vehicle.egg-info/requires.txt
writing top-level names to ../../build/autonomous_vehicle/autonomous_vehicle.egg-info/top_level.txt
reading manifest file '../../build/autonomous_vehicle/autonomous_vehicle.egg-info/SOURCES.txt'
writing manifest file '../../build/autonomous_vehicle/autonomous_vehicle.egg-info/SOURCES.txt'
running build
running build_py
copying autonomous_vehicle/carNode.py -> /home/felipe_capovilla/Documents/E-Racing/FSDS/Codes/Oficial/Pipeline/build/autonomous_vehicle/build/lib/autonomous_vehicle
copying autonomous_vehicle/control.py -> /home/felipe_capovilla/Documents/E-Racing/FSDS/Codes/Oficial/Pipeline/build/autonomous_vehicle/build/lib/autonomous_vehicle
running install
running install_lib
copying /home/felipe_capovilla/Documents/E-Racing/FSDS/Codes/Oficial/Pipeline/build/autonomous_vehicle/build/lib/autonomous_vehicle/carNode.py -> /home/felipe_capovilla/Documents/E-Racing/FSDS/Codes/Oficial/Pipeline/install/autonomous_vehicle/lib/python3.10/site-packages/autonomous_vehicle
copying /home/felipe_capovilla/Documents/E-Racing/FSDS/Codes/Oficial/Pipeline/build/autonomous_vehicle/build/lib/autonomous_vehicle/control.py -> /home/felipe_capovilla/Documents/E-Racing/FSDS/Codes/Oficial/Pipeline/install/autonomous_vehicle/lib/python3.10/site-packages/autonomous_vehicle
byte-compiling /home/felipe_capovilla/Documents/E-Racing/FSDS/Codes/Oficial/Pipeline/install/autonomous_vehicle/lib/python3.10/site-packages/autonomous_vehicle/carNode.py to carNode.cpython-310.pyc
byte-compiling /home/felipe_capovilla/Documents/E-Racing/FSDS/Codes/Oficial/Pipeline/install/autonomous_vehicle/lib/python3.10/site-packages/autonomous_vehicle/control.py to control.cpython-310.pyc
running install_data
running install_egg_info
removing '/home/felipe_capovilla/Documents/E-Racing/FSDS/Codes/Oficial/Pipeline/install/autonomous_vehicle/lib/python3.10/site-packages/autonomous_vehicle-0.0.0-py3.10.egg-info' (and everything under it)
Copying ../../build/autonomous_vehicle/autonomous_vehicle.egg-info to /home/felipe_capovilla/Documents/E-Racing/FSDS/Codes/Oficial/Pipeline/install/autonomous_vehicle/lib/python3.10/site-packages/autonomous_vehicle-0.0.0-py3.10.egg-info
running install_scripts
Installing CarNode script to /home/felipe_capovilla/Documents/E-Racing/FSDS/Codes/Oficial/Pipeline/install/autonomous_vehicle/lib/autonomous_vehicle
writing list of installed files to '/home/felipe_capovilla/Documents/E-Racing/FSDS/Codes/Oficial/Pipeline/build/autonomous_vehicle/install.log'
