[0.397s] Invoking command in '/home/felipe_capovilla/Documents/E-Racing/FSDS/Codes/Oficial/Pipeline/src/autonomous_vehicle': PS1=\[\e]0;\u@\h: \w\a\]${debian_chroot:+($debian_chroot)}\[\033[01;32m\]\u@\h\[\033[00m\]:\[\033[01;34m\]\w\[\033[00m\]\$ PYTHONPATH=/home/felipe_capovilla/Documents/E-Racing/FSDS/Codes/Oficial/Pipeline/build/autonomous_vehicle/prefix_override:/usr/lib/python3/dist-packages/colcon_core/task/python/colcon_distutils_commands:/home/felipe_capovilla/Documents/E-Racing/FSDS/Codes/Oficial/Pipeline/install/autonomous_vehicle/lib/python3.10/site-packages:${PYTHONPATH} /usr/bin/python3 -W ignore:setup.py install is deprecated -W ignore:easy_install command is deprecated setup.py egg_info --egg-base ../../build/autonomous_vehicle build --build-base /home/felipe_capovilla/Documents/E-Racing/FSDS/Codes/Oficial/Pipeline/build/autonomous_vehicle/build install --record /home/felipe_capovilla/Documents/E-Racing/FSDS/Codes/Oficial/Pipeline/build/autonomous_vehicle/install.log --single-version-externally-managed install_data
[0.502s] running egg_info
[0.502s] writing ../../build/autonomous_vehicle/autonomous_vehicle.egg-info/PKG-INFO
[0.502s] writing dependency_links to ../../build/autonomous_vehicle/autonomous_vehicle.egg-info/dependency_links.txt
[0.502s] writing entry points to ../../build/autonomous_vehicle/autonomous_vehicle.egg-info/entry_points.txt
[0.502s] writing requirements to ../../build/autonomous_vehicle/autonomous_vehicle.egg-info/requires.txt
[0.502s] writing top-level names to ../../build/autonomous_vehicle/autonomous_vehicle.egg-info/top_level.txt
[0.503s] reading manifest file '../../build/autonomous_vehicle/autonomous_vehicle.egg-info/SOURCES.txt'
[0.504s] writing manifest file '../../build/autonomous_vehicle/autonomous_vehicle.egg-info/SOURCES.txt'
[0.504s] running build
[0.504s] running build_py
[0.504s] copying autonomous_vehicle/carNode.py -> /home/felipe_capovilla/Documents/E-Racing/FSDS/Codes/Oficial/Pipeline/build/autonomous_vehicle/build/lib/autonomous_vehicle
[0.504s] copying autonomous_vehicle/control.py -> /home/felipe_capovilla/Documents/E-Racing/FSDS/Codes/Oficial/Pipeline/build/autonomous_vehicle/build/lib/autonomous_vehicle
[0.504s] running install
[0.504s] running install_lib
[0.505s] copying /home/felipe_capovilla/Documents/E-Racing/FSDS/Codes/Oficial/Pipeline/build/autonomous_vehicle/build/lib/autonomous_vehicle/carNode.py -> /home/felipe_capovilla/Documents/E-Racing/FSDS/Codes/Oficial/Pipeline/install/autonomous_vehicle/lib/python3.10/site-packages/autonomous_vehicle
[0.505s] copying /home/felipe_capovilla/Documents/E-Racing/FSDS/Codes/Oficial/Pipeline/build/autonomous_vehicle/build/lib/autonomous_vehicle/control.py -> /home/felipe_capovilla/Documents/E-Racing/FSDS/Codes/Oficial/Pipeline/install/autonomous_vehicle/lib/python3.10/site-packages/autonomous_vehicle
[0.505s] byte-compiling /home/felipe_capovilla/Documents/E-Racing/FSDS/Codes/Oficial/Pipeline/install/autonomous_vehicle/lib/python3.10/site-packages/autonomous_vehicle/carNode.py to carNode.cpython-310.pyc
[0.506s] byte-compiling /home/felipe_capovilla/Documents/E-Racing/FSDS/Codes/Oficial/Pipeline/install/autonomous_vehicle/lib/python3.10/site-packages/autonomous_vehicle/control.py to control.cpython-310.pyc
[0.506s] running install_data
[0.506s] running install_egg_info
[0.507s] removing '/home/felipe_capovilla/Documents/E-Racing/FSDS/Codes/Oficial/Pipeline/install/autonomous_vehicle/lib/python3.10/site-packages/autonomous_vehicle-0.0.0-py3.10.egg-info' (and everything under it)
[0.507s] Copying ../../build/autonomous_vehicle/autonomous_vehicle.egg-info to /home/felipe_capovilla/Documents/E-Racing/FSDS/Codes/Oficial/Pipeline/install/autonomous_vehicle/lib/python3.10/site-packages/autonomous_vehicle-0.0.0-py3.10.egg-info
[0.507s] running install_scripts
[0.518s] Installing CarNode script to /home/felipe_capovilla/Documents/E-Racing/FSDS/Codes/Oficial/Pipeline/install/autonomous_vehicle/lib/autonomous_vehicle
[0.518s] writing list of installed files to '/home/felipe_capovilla/Documents/E-Racing/FSDS/Codes/Oficial/Pipeline/build/autonomous_vehicle/install.log'
[0.531s] Invoked command in '/home/felipe_capovilla/Documents/E-Racing/FSDS/Codes/Oficial/Pipeline/src/autonomous_vehicle' returned '0': PS1=\[\e]0;\u@\h: \w\a\]${debian_chroot:+($debian_chroot)}\[\033[01;32m\]\u@\h\[\033[00m\]:\[\033[01;34m\]\w\[\033[00m\]\$ PYTHONPATH=/home/felipe_capovilla/Documents/E-Racing/FSDS/Codes/Oficial/Pipeline/build/autonomous_vehicle/prefix_override:/usr/lib/python3/dist-packages/colcon_core/task/python/colcon_distutils_commands:/home/felipe_capovilla/Documents/E-Racing/FSDS/Codes/Oficial/Pipeline/install/autonomous_vehicle/lib/python3.10/site-packages:${PYTHONPATH} /usr/bin/python3 -W ignore:setup.py install is deprecated -W ignore:easy_install command is deprecated setup.py egg_info --egg-base ../../build/autonomous_vehicle build --build-base /home/felipe_capovilla/Documents/E-Racing/FSDS/Codes/Oficial/Pipeline/build/autonomous_vehicle/build install --record /home/felipe_capovilla/Documents/E-Racing/FSDS/Codes/Oficial/Pipeline/build/autonomous_vehicle/install.log --single-version-externally-managed install_data
