[0.048s] [34mcolcon[0m [1;30mDEBUG[0m [32mCommand line arguments: ['/usr/bin/colcon', 'build'][0m
[0.048s] [34mcolcon[0m [1;30mDEBUG[0m [32mParsed command line arguments: Namespace(log_base=None, log_level=None, verb_name='build', build_base='build', install_base='install', merge_install=False, symlink_install=False, test_result_base=None, continue_on_error=False, executor='parallel', parallel_workers=24, event_handlers=None, ignore_user_meta=False, metas=['./colcon.meta'], base_paths=['.'], packages_ignore=None, packages_ignore_regex=None, paths=None, packages_up_to=None, packages_up_to_regex=None, packages_above=None, packages_above_and_dependencies=None, packages_above_depth=None, packages_select_by_dep=None, packages_skip_by_dep=None, packages_skip_up_to=None, packages_select_build_failed=False, packages_skip_build_finished=False, packages_select_test_failures=False, packages_skip_test_passed=False, packages_select=None, packages_skip=None, packages_select_regex=None, packages_skip_regex=None, packages_start=None, packages_end=None, allow_overriding=[], cmake_args=None, cmake_target=None, cmake_target_skip_unavailable=False, cmake_clean_cache=False, cmake_clean_first=False, cmake_force_configure=False, ament_cmake_args=None, catkin_cmake_args=None, catkin_skip_building_tests=False, mixin_files=None, mixin=None, verb_parser=<colcon_mixin.mixin.mixin_argument.MixinArgumentDecorator object at 0x7c82941845b0>, verb_extension=<colcon_core.verb.build.BuildVerb object at 0x7c8294153be0>, main=<bound method BuildVerb.main of <colcon_core.verb.build.BuildVerb object at 0x7c8294153be0>>, mixin_verb=('build',))[0m
[0.136s] [34mcolcon.colcon_core.package_discovery[0m [1;30mLevel 1[0m discover_packages(colcon_meta) check parameters
[0.136s] [34mcolcon.colcon_core.package_discovery[0m [1;30mLevel 1[0m discover_packages(recursive) check parameters
[0.136s] [34mcolcon.colcon_core.package_discovery[0m [1;30mLevel 1[0m discover_packages(ignore) check parameters
[0.136s] [34mcolcon.colcon_core.package_discovery[0m [1;30mLevel 1[0m discover_packages(path) check parameters
[0.136s] [34mcolcon.colcon_core.package_discovery[0m [1;30mLevel 1[0m discover_packages(colcon_meta) discover
[0.136s] [34mcolcon.colcon_core.package_discovery[0m [1;30mLevel 1[0m discover_packages(recursive) discover
[0.136s] [34mcolcon.colcon_core.package_discovery[0m [1;30mINFO[0m Crawling recursively for packages in '/home/felipe_capovilla/Documents/E-Racing/FSDS/Codes/Oficial/Pipeline'
[0.136s] [34mcolcon.colcon_core.package_identification[0m [1;30mLevel 1[0m _identify(.) by extensions ['ignore', 'ignore_ament_install']
[0.136s] [34mcolcon.colcon_core.package_identification[0m [1;30mLevel 1[0m _identify(.) by extension 'ignore'
[0.136s] [34mcolcon.colcon_core.package_identification[0m [1;30mLevel 1[0m _identify(.) by extension 'ignore_ament_install'
[0.136s] [34mcolcon.colcon_core.package_identification[0m [1;30mLevel 1[0m _identify(.) by extensions ['colcon_pkg']
[0.136s] [34mcolcon.colcon_core.package_identification[0m [1;30mLevel 1[0m _identify(.) by extension 'colcon_pkg'
[0.136s] [34mcolcon.colcon_core.package_identification[0m [1;30mLevel 1[0m _identify(.) by extensions ['colcon_meta']
[0.136s] [34mcolcon.colcon_core.package_identification[0m [1;30mLevel 1[0m _identify(.) by extension 'colcon_meta'
[0.136s] [34mcolcon.colcon_core.package_identification[0m [1;30mLevel 1[0m _identify(.) by extensions ['ros']
[0.136s] [34mcolcon.colcon_core.package_identification[0m [1;30mLevel 1[0m _identify(.) by extension 'ros'
[0.148s] [34mcolcon.colcon_core.package_identification[0m [1;30mLevel 1[0m _identify(.) by extensions ['cmake', 'python']
[0.148s] [34mcolcon.colcon_core.package_identification[0m [1;30mLevel 1[0m _identify(.) by extension 'cmake'
[0.148s] [34mcolcon.colcon_core.package_identification[0m [1;30mLevel 1[0m _identify(.) by extension 'python'
[0.148s] [34mcolcon.colcon_core.package_identification[0m [1;30mLevel 1[0m _identify(.) by extensions ['python_setup_py']
[0.148s] [34mcolcon.colcon_core.package_identification[0m [1;30mLevel 1[0m _identify(.) by extension 'python_setup_py'
[0.148s] [34mcolcon.colcon_core.package_identification[0m [1;30mLevel 1[0m _identify(build) by extensions ['ignore', 'ignore_ament_install']
[0.148s] [34mcolcon.colcon_core.package_identification[0m [1;30mLevel 1[0m _identify(build) by extension 'ignore'
[0.148s] [34mcolcon.colcon_core.package_identification[0m [1;30mLevel 1[0m _identify(build) ignored
[0.148s] [34mcolcon.colcon_core.package_identification[0m [1;30mLevel 1[0m _identify(install) by extensions ['ignore', 'ignore_ament_install']
[0.148s] [34mcolcon.colcon_core.package_identification[0m [1;30mLevel 1[0m _identify(install) by extension 'ignore'
[0.148s] [34mcolcon.colcon_core.package_identification[0m [1;30mLevel 1[0m _identify(install) ignored
[0.148s] [34mcolcon.colcon_core.package_identification[0m [1;30mLevel 1[0m _identify(log) by extensions ['ignore', 'ignore_ament_install']
[0.149s] [34mcolcon.colcon_core.package_identification[0m [1;30mLevel 1[0m _identify(log) by extension 'ignore'
[0.149s] [34mcolcon.colcon_core.package_identification[0m [1;30mLevel 1[0m _identify(log) ignored
[0.149s] [34mcolcon.colcon_core.package_identification[0m [1;30mLevel 1[0m _identify(src) by extensions ['ignore', 'ignore_ament_install']
[0.149s] [34mcolcon.colcon_core.package_identification[0m [1;30mLevel 1[0m _identify(src) by extension 'ignore'
[0.149s] [34mcolcon.colcon_core.package_identification[0m [1;30mLevel 1[0m _identify(src) by extension 'ignore_ament_install'
[0.149s] [34mcolcon.colcon_core.package_identification[0m [1;30mLevel 1[0m _identify(src) by extensions ['colcon_pkg']
[0.149s] [34mcolcon.colcon_core.package_identification[0m [1;30mLevel 1[0m _identify(src) by extension 'colcon_pkg'
[0.149s] [34mcolcon.colcon_core.package_identification[0m [1;30mLevel 1[0m _identify(src) by extensions ['colcon_meta']
[0.149s] [34mcolcon.colcon_core.package_identification[0m [1;30mLevel 1[0m _identify(src) by extension 'colcon_meta'
[0.149s] [34mcolcon.colcon_core.package_identification[0m [1;30mLevel 1[0m _identify(src) by extensions ['ros']
[0.149s] [34mcolcon.colcon_core.package_identification[0m [1;30mLevel 1[0m _identify(src) by extension 'ros'
[0.149s] [34mcolcon.colcon_core.package_identification[0m [1;30mLevel 1[0m _identify(src) by extensions ['cmake', 'python']
[0.149s] [34mcolcon.colcon_core.package_identification[0m [1;30mLevel 1[0m _identify(src) by extension 'cmake'
[0.149s] [34mcolcon.colcon_core.package_identification[0m [1;30mLevel 1[0m _identify(src) by extension 'python'
[0.149s] [34mcolcon.colcon_core.package_identification[0m [1;30mLevel 1[0m _identify(src) by extensions ['python_setup_py']
[0.149s] [34mcolcon.colcon_core.package_identification[0m [1;30mLevel 1[0m _identify(src) by extension 'python_setup_py'
[0.149s] [34mcolcon.colcon_core.package_identification[0m [1;30mLevel 1[0m _identify(src/autonomous_vehicle) by extensions ['ignore', 'ignore_ament_install']
[0.149s] [34mcolcon.colcon_core.package_identification[0m [1;30mLevel 1[0m _identify(src/autonomous_vehicle) by extension 'ignore'
[0.149s] [34mcolcon.colcon_core.package_identification[0m [1;30mLevel 1[0m _identify(src/autonomous_vehicle) by extension 'ignore_ament_install'
[0.149s] [34mcolcon.colcon_core.package_identification[0m [1;30mLevel 1[0m _identify(src/autonomous_vehicle) by extensions ['colcon_pkg']
[0.149s] [34mcolcon.colcon_core.package_identification[0m [1;30mLevel 1[0m _identify(src/autonomous_vehicle) by extension 'colcon_pkg'
[0.149s] [34mcolcon.colcon_core.package_identification[0m [1;30mLevel 1[0m _identify(src/autonomous_vehicle) by extensions ['colcon_meta']
[0.149s] [34mcolcon.colcon_core.package_identification[0m [1;30mLevel 1[0m _identify(src/autonomous_vehicle) by extension 'colcon_meta'
[0.149s] [34mcolcon.colcon_core.package_identification[0m [1;30mLevel 1[0m _identify(src/autonomous_vehicle) by extensions ['ros']
[0.149s] [34mcolcon.colcon_core.package_identification[0m [1;30mLevel 1[0m _identify(src/autonomous_vehicle) by extension 'ros'
[0.150s] [34mcolcon.colcon_core.package_identification[0m [1;30mDEBUG[0m [32mPackage 'src/autonomous_vehicle' with type 'ros.ament_python' and name 'autonomous_vehicle'[0m
[0.150s] [34mcolcon.colcon_core.package_identification[0m [1;30mLevel 1[0m _identify(src/autonomous_vehicle_slam) by extensions ['ignore', 'ignore_ament_install']
[0.150s] [34mcolcon.colcon_core.package_identification[0m [1;30mLevel 1[0m _identify(src/autonomous_vehicle_slam) by extension 'ignore'
[0.150s] [34mcolcon.colcon_core.package_identification[0m [1;30mLevel 1[0m _identify(src/autonomous_vehicle_slam) by extension 'ignore_ament_install'
[0.150s] [34mcolcon.colcon_core.package_identification[0m [1;30mLevel 1[0m _identify(src/autonomous_vehicle_slam) by extensions ['colcon_pkg']
[0.150s] [34mcolcon.colcon_core.package_identification[0m [1;30mLevel 1[0m _identify(src/autonomous_vehicle_slam) by extension 'colcon_pkg'
[0.150s] [34mcolcon.colcon_core.package_identification[0m [1;30mLevel 1[0m _identify(src/autonomous_vehicle_slam) by extensions ['colcon_meta']
[0.150s] [34mcolcon.colcon_core.package_identification[0m [1;30mLevel 1[0m _identify(src/autonomous_vehicle_slam) by extension 'colcon_meta'
[0.150s] [34mcolcon.colcon_core.package_identification[0m [1;30mLevel 1[0m _identify(src/autonomous_vehicle_slam) by extensions ['ros']
[0.150s] [34mcolcon.colcon_core.package_identification[0m [1;30mLevel 1[0m _identify(src/autonomous_vehicle_slam) by extension 'ros'
[0.151s] [34mcolcon.colcon_core.package_identification[0m [1;30mDEBUG[0m [32mPackage 'src/autonomous_vehicle_slam' with type 'ros.ament_python' and name 'autonomous_vehicle_slam'[0m
[0.151s] [34mcolcon.colcon_core.package_identification[0m [1;30mLevel 1[0m _identify(src/build) by extensions ['ignore', 'ignore_ament_install']
[0.151s] [34mcolcon.colcon_core.package_identification[0m [1;30mLevel 1[0m _identify(src/build) by extension 'ignore'
[0.151s] [34mcolcon.colcon_core.package_identification[0m [1;30mLevel 1[0m _identify(src/build) ignored
[0.151s] [34mcolcon.colcon_core.package_identification[0m [1;30mLevel 1[0m _identify(src/install) by extensions ['ignore', 'ignore_ament_install']
[0.151s] [34mcolcon.colcon_core.package_identification[0m [1;30mLevel 1[0m _identify(src/install) by extension 'ignore'
[0.151s] [34mcolcon.colcon_core.package_identification[0m [1;30mLevel 1[0m _identify(src/install) ignored
[0.151s] [34mcolcon.colcon_core.package_identification[0m [1;30mLevel 1[0m _identify(src/log) by extensions ['ignore', 'ignore_ament_install']
[0.151s] [34mcolcon.colcon_core.package_identification[0m [1;30mLevel 1[0m _identify(src/log) by extension 'ignore'
[0.151s] [34mcolcon.colcon_core.package_identification[0m [1;30mLevel 1[0m _identify(src/log) ignored
[0.151s] [34mcolcon.colcon_core.package_discovery[0m [1;30mLevel 1[0m discover_packages(recursive) using defaults
[0.151s] [34mcolcon.colcon_core.package_discovery[0m [1;30mLevel 1[0m discover_packages(ignore) discover
[0.151s] [34mcolcon.colcon_core.package_discovery[0m [1;30mLevel 1[0m discover_packages(ignore) using defaults
[0.151s] [34mcolcon.colcon_core.package_discovery[0m [1;30mLevel 1[0m discover_packages(path) discover
[0.151s] [34mcolcon.colcon_core.package_discovery[0m [1;30mLevel 1[0m discover_packages(path) using defaults
[0.157s] [34mcolcon.colcon_core.package_discovery[0m [1;30mLevel 1[0m discover_packages(prefix_path) check parameters
[0.157s] [34mcolcon.colcon_core.package_discovery[0m [1;30mLevel 1[0m discover_packages(prefix_path) discover
[0.158s] [34mcolcon.colcon_installed_package_information.package_discovery[0m [1;30mDEBUG[0m [32mFound 2 installed packages in /home/felipe_capovilla/Documents/E-Racing/FSDS/Codes/Oficial/Pipeline/install[0m
[0.158s] [34mcolcon.colcon_installed_package_information.package_discovery[0m [1;30mDEBUG[0m [32mFound 276 installed packages in /opt/ros/humble[0m
[0.159s] [34mcolcon.colcon_core.package_discovery[0m [1;30mLevel 1[0m discover_packages(prefix_path) using defaults
[0.172s] [34mcolcon.colcon_core.verb[0m [1;30mLevel 5[0m set package 'autonomous_vehicle' build argument 'cmake_args' from command line to 'None'
[0.172s] [34mcolcon.colcon_core.verb[0m [1;30mLevel 5[0m set package 'autonomous_vehicle' build argument 'cmake_target' from command line to 'None'
[0.172s] [34mcolcon.colcon_core.verb[0m [1;30mLevel 5[0m set package 'autonomous_vehicle' build argument 'cmake_target_skip_unavailable' from command line to 'False'
[0.172s] [34mcolcon.colcon_core.verb[0m [1;30mLevel 5[0m set package 'autonomous_vehicle' build argument 'cmake_clean_cache' from command line to 'False'
[0.172s] [34mcolcon.colcon_core.verb[0m [1;30mLevel 5[0m set package 'autonomous_vehicle' build argument 'cmake_clean_first' from command line to 'False'
[0.172s] [34mcolcon.colcon_core.verb[0m [1;30mLevel 5[0m set package 'autonomous_vehicle' build argument 'cmake_force_configure' from command line to 'False'
[0.172s] [34mcolcon.colcon_core.verb[0m [1;30mLevel 5[0m set package 'autonomous_vehicle' build argument 'ament_cmake_args' from command line to 'None'
[0.172s] [34mcolcon.colcon_core.verb[0m [1;30mLevel 5[0m set package 'autonomous_vehicle' build argument 'catkin_cmake_args' from command line to 'None'
[0.172s] [34mcolcon.colcon_core.verb[0m [1;30mLevel 5[0m set package 'autonomous_vehicle' build argument 'catkin_skip_building_tests' from command line to 'False'
[0.172s] [34mcolcon.colcon_core.verb[0m [1;30mDEBUG[0m [32mBuilding package 'autonomous_vehicle' with the following arguments: {'ament_cmake_args': None, 'build_base': '/home/felipe_capovilla/Documents/E-Racing/FSDS/Codes/Oficial/Pipeline/build/autonomous_vehicle', 'catkin_cmake_args': None, 'catkin_skip_building_tests': False, 'cmake_args': None, 'cmake_clean_cache': False, 'cmake_clean_first': False, 'cmake_force_configure': False, 'cmake_target': None, 'cmake_target_skip_unavailable': False, 'install_base': '/home/felipe_capovilla/Documents/E-Racing/FSDS/Codes/Oficial/Pipeline/install/autonomous_vehicle', 'merge_install': False, 'path': '/home/felipe_capovilla/Documents/E-Racing/FSDS/Codes/Oficial/Pipeline/src/autonomous_vehicle', 'symlink_install': False, 'test_result_base': None}[0m
[0.172s] [34mcolcon.colcon_core.verb[0m [1;30mLevel 5[0m set package 'autonomous_vehicle_slam' build argument 'cmake_args' from command line to 'None'
[0.172s] [34mcolcon.colcon_core.verb[0m [1;30mLevel 5[0m set package 'autonomous_vehicle_slam' build argument 'cmake_target' from command line to 'None'
[0.172s] [34mcolcon.colcon_core.verb[0m [1;30mLevel 5[0m set package 'autonomous_vehicle_slam' build argument 'cmake_target_skip_unavailable' from command line to 'False'
[0.172s] [34mcolcon.colcon_core.verb[0m [1;30mLevel 5[0m set package 'autonomous_vehicle_slam' build argument 'cmake_clean_cache' from command line to 'False'
[0.172s] [34mcolcon.colcon_core.verb[0m [1;30mLevel 5[0m set package 'autonomous_vehicle_slam' build argument 'cmake_clean_first' from command line to 'False'
[0.172s] [34mcolcon.colcon_core.verb[0m [1;30mLevel 5[0m set package 'autonomous_vehicle_slam' build argument 'cmake_force_configure' from command line to 'False'
[0.172s] [34mcolcon.colcon_core.verb[0m [1;30mLevel 5[0m set package 'autonomous_vehicle_slam' build argument 'ament_cmake_args' from command line to 'None'
[0.172s] [34mcolcon.colcon_core.verb[0m [1;30mLevel 5[0m set package 'autonomous_vehicle_slam' build argument 'catkin_cmake_args' from command line to 'None'
[0.172s] [34mcolcon.colcon_core.verb[0m [1;30mLevel 5[0m set package 'autonomous_vehicle_slam' build argument 'catkin_skip_building_tests' from command line to 'False'
[0.172s] [34mcolcon.colcon_core.verb[0m [1;30mDEBUG[0m [32mBuilding package 'autonomous_vehicle_slam' with the following arguments: {'ament_cmake_args': None, 'build_base': '/home/felipe_capovilla/Documents/E-Racing/FSDS/Codes/Oficial/Pipeline/build/autonomous_vehicle_slam', 'catkin_cmake_args': None, 'catkin_skip_building_tests': False, 'cmake_args': None, 'cmake_clean_cache': False, 'cmake_clean_first': False, 'cmake_force_configure': False, 'cmake_target': None, 'cmake_target_skip_unavailable': False, 'install_base': '/home/felipe_capovilla/Documents/E-Racing/FSDS/Codes/Oficial/Pipeline/install/autonomous_vehicle_slam', 'merge_install': False, 'path': '/home/felipe_capovilla/Documents/E-Racing/FSDS/Codes/Oficial/Pipeline/src/autonomous_vehicle_slam', 'symlink_install': False, 'test_result_base': None}[0m
[0.172s] [34mcolcon.colcon_core.executor[0m [1;30mINFO[0m Executing jobs using 'parallel' executor
[0.173s] [34mcolcon.colcon_parallel_executor.executor.parallel[0m [1;30mDEBUG[0m [32mrun_until_complete[0m
[0.173s] [34mcolcon.colcon_ros.task.ament_python.build[0m [1;30mINFO[0m Building ROS package in '/home/felipe_capovilla/Documents/E-Racing/FSDS/Codes/Oficial/Pipeline/src/autonomous_vehicle' with build type 'ament_python'
[0.173s] [34mcolcon.colcon_core.shell[0m [1;30mLevel 1[0m create_environment_hook('autonomous_vehicle', 'ament_prefix_path')
[0.173s] [34mcolcon.colcon_core.plugin_system[0m [1;30mINFO[0m Skipping extension 'colcon_core.shell.bat': Not used on non-Windows systems
[0.174s] [34mcolcon.colcon_core.shell[0m [1;30mINFO[0m Creating environment hook '/home/felipe_capovilla/Documents/E-Racing/FSDS/Codes/Oficial/Pipeline/install/autonomous_vehicle/share/autonomous_vehicle/hook/ament_prefix_path.ps1'
[0.174s] [34mcolcon.colcon_core.shell[0m [1;30mINFO[0m Creating environment descriptor '/home/felipe_capovilla/Documents/E-Racing/FSDS/Codes/Oficial/Pipeline/install/autonomous_vehicle/share/autonomous_vehicle/hook/ament_prefix_path.dsv'
[0.174s] [34mcolcon.colcon_core.shell[0m [1;30mINFO[0m Creating environment hook '/home/felipe_capovilla/Documents/E-Racing/FSDS/Codes/Oficial/Pipeline/install/autonomous_vehicle/share/autonomous_vehicle/hook/ament_prefix_path.sh'
[0.174s] [34mcolcon.colcon_core.shell[0m [1;30mINFO[0m Skip shell extension 'powershell' for command environment: Not usable outside of PowerShell
[0.174s] [34mcolcon.colcon_core.shell[0m [1;30mDEBUG[0m [32mSkip shell extension 'dsv' for command environment[0m
[0.176s] [34mcolcon.colcon_ros.task.ament_python.build[0m [1;30mINFO[0m Building ROS package in '/home/felipe_capovilla/Documents/E-Racing/FSDS/Codes/Oficial/Pipeline/src/autonomous_vehicle_slam' with build type 'ament_python'
[0.176s] [34mcolcon.colcon_core.shell[0m [1;30mLevel 1[0m create_environment_hook('autonomous_vehicle_slam', 'ament_prefix_path')
[0.176s] [34mcolcon.colcon_core.shell[0m [1;30mINFO[0m Creating environment hook '/home/felipe_capovilla/Documents/E-Racing/FSDS/Codes/Oficial/Pipeline/install/autonomous_vehicle_slam/share/autonomous_vehicle_slam/hook/ament_prefix_path.ps1'
[0.176s] [34mcolcon.colcon_core.shell[0m [1;30mINFO[0m Creating environment descriptor '/home/felipe_capovilla/Documents/E-Racing/FSDS/Codes/Oficial/Pipeline/install/autonomous_vehicle_slam/share/autonomous_vehicle_slam/hook/ament_prefix_path.dsv'
[0.176s] [34mcolcon.colcon_core.shell[0m [1;30mINFO[0m Creating environment hook '/home/felipe_capovilla/Documents/E-Racing/FSDS/Codes/Oficial/Pipeline/install/autonomous_vehicle_slam/share/autonomous_vehicle_slam/hook/ament_prefix_path.sh'
[0.176s] [34mcolcon.colcon_core.shell[0m [1;30mINFO[0m Skip shell extension 'powershell' for command environment: Not usable outside of PowerShell
[0.176s] [34mcolcon.colcon_core.shell[0m [1;30mDEBUG[0m [32mSkip shell extension 'dsv' for command environment[0m
[0.297s] [34mcolcon.colcon_core.task.python.build[0m [1;30mINFO[0m Building Python package in '/home/felipe_capovilla/Documents/E-Racing/FSDS/Codes/Oficial/Pipeline/src/autonomous_vehicle'
[0.297s] [34mcolcon.colcon_core.shell[0m [1;30mINFO[0m Skip shell extension 'powershell' for command environment: Not usable outside of PowerShell
[0.298s] [34mcolcon.colcon_core.shell[0m [1;30mDEBUG[0m [32mSkip shell extension 'dsv' for command environment[0m
[0.421s] [34mcolcon.colcon_core.task.python.build[0m [1;30mINFO[0m Building Python package in '/home/felipe_capovilla/Documents/E-Racing/FSDS/Codes/Oficial/Pipeline/src/autonomous_vehicle_slam'
[0.421s] [34mcolcon.colcon_core.shell[0m [1;30mINFO[0m Skip shell extension 'powershell' for command environment: Not usable outside of PowerShell
[0.421s] [34mcolcon.colcon_core.shell[0m [1;30mDEBUG[0m [32mSkip shell extension 'dsv' for command environment[0m
[0.600s] [34mcolcon.colcon_core.event_handler.log_command[0m [1;30mDEBUG[0m [32mInvoking command in '/home/felipe_capovilla/Documents/E-Racing/FSDS/Codes/Oficial/Pipeline/src/autonomous_vehicle': PS1=\[\e]0;\u@\h: \w\a\]${debian_chroot:+($debian_chroot)}\[\033[01;32m\]\u@\h\[\033[00m\]:\[\033[01;34m\]\w\[\033[00m\]\$ PYTHONPATH=/home/felipe_capovilla/Documents/E-Racing/FSDS/Codes/Oficial/Pipeline/build/autonomous_vehicle/prefix_override:/usr/lib/python3/dist-packages/colcon_core/task/python/colcon_distutils_commands:/home/felipe_capovilla/Documents/E-Racing/FSDS/Codes/Oficial/Pipeline/install/autonomous_vehicle/lib/python3.10/site-packages:${PYTHONPATH} /usr/bin/python3 -W ignore:setup.py install is deprecated -W ignore:easy_install command is deprecated setup.py egg_info --egg-base ../../build/autonomous_vehicle build --build-base /home/felipe_capovilla/Documents/E-Racing/FSDS/Codes/Oficial/Pipeline/build/autonomous_vehicle/build install --record /home/felipe_capovilla/Documents/E-Racing/FSDS/Codes/Oficial/Pipeline/build/autonomous_vehicle/install.log --single-version-externally-managed install_data[0m
[0.608s] [34mcolcon.colcon_core.event_handler.log_command[0m [1;30mDEBUG[0m [32mInvoking command in '/home/felipe_capovilla/Documents/E-Racing/FSDS/Codes/Oficial/Pipeline/src/autonomous_vehicle_slam': PS1=\[\e]0;\u@\h: \w\a\]${debian_chroot:+($debian_chroot)}\[\033[01;32m\]\u@\h\[\033[00m\]:\[\033[01;34m\]\w\[\033[00m\]\$ PYTHONPATH=/home/felipe_capovilla/Documents/E-Racing/FSDS/Codes/Oficial/Pipeline/build/autonomous_vehicle_slam/prefix_override:/usr/lib/python3/dist-packages/colcon_core/task/python/colcon_distutils_commands:/home/felipe_capovilla/Documents/E-Racing/FSDS/Codes/Oficial/Pipeline/install/autonomous_vehicle_slam/lib/python3.10/site-packages:${PYTHONPATH} /usr/bin/python3 -W ignore:setup.py install is deprecated -W ignore:easy_install command is deprecated setup.py egg_info --egg-base ../../build/autonomous_vehicle_slam build --build-base /home/felipe_capovilla/Documents/E-Racing/FSDS/Codes/Oficial/Pipeline/build/autonomous_vehicle_slam/build install --record /home/felipe_capovilla/Documents/E-Racing/FSDS/Codes/Oficial/Pipeline/build/autonomous_vehicle_slam/install.log --single-version-externally-managed install_data[0m
[0.742s] [34mcolcon.colcon_core.event_handler.log_command[0m [1;30mDEBUG[0m [32mInvoked command in '/home/felipe_capovilla/Documents/E-Racing/FSDS/Codes/Oficial/Pipeline/src/autonomous_vehicle' returned '0': PS1=\[\e]0;\u@\h: \w\a\]${debian_chroot:+($debian_chroot)}\[\033[01;32m\]\u@\h\[\033[00m\]:\[\033[01;34m\]\w\[\033[00m\]\$ PYTHONPATH=/home/felipe_capovilla/Documents/E-Racing/FSDS/Codes/Oficial/Pipeline/build/autonomous_vehicle/prefix_override:/usr/lib/python3/dist-packages/colcon_core/task/python/colcon_distutils_commands:/home/felipe_capovilla/Documents/E-Racing/FSDS/Codes/Oficial/Pipeline/install/autonomous_vehicle/lib/python3.10/site-packages:${PYTHONPATH} /usr/bin/python3 -W ignore:setup.py install is deprecated -W ignore:easy_install command is deprecated setup.py egg_info --egg-base ../../build/autonomous_vehicle build --build-base /home/felipe_capovilla/Documents/E-Racing/FSDS/Codes/Oficial/Pipeline/build/autonomous_vehicle/build install --record /home/felipe_capovilla/Documents/E-Racing/FSDS/Codes/Oficial/Pipeline/build/autonomous_vehicle/install.log --single-version-externally-managed install_data[0m
[0.743s] [34mcolcon.colcon_core.environment[0m [1;30mLevel 1[0m checking '/home/felipe_capovilla/Documents/E-Racing/FSDS/Codes/Oficial/Pipeline/install/autonomous_vehicle' for CMake module files
[0.743s] [34mcolcon.colcon_core.environment[0m [1;30mLevel 1[0m checking '/home/felipe_capovilla/Documents/E-Racing/FSDS/Codes/Oficial/Pipeline/install/autonomous_vehicle' for CMake config files
[0.744s] [34mcolcon.colcon_core.environment[0m [1;30mLevel 1[0m checking '/home/felipe_capovilla/Documents/E-Racing/FSDS/Codes/Oficial/Pipeline/install/autonomous_vehicle/lib'
[0.744s] [34mcolcon.colcon_core.environment[0m [1;30mLevel 1[0m checking '/home/felipe_capovilla/Documents/E-Racing/FSDS/Codes/Oficial/Pipeline/install/autonomous_vehicle/bin'
[0.744s] [34mcolcon.colcon_core.environment[0m [1;30mLevel 1[0m checking '/home/felipe_capovilla/Documents/E-Racing/FSDS/Codes/Oficial/Pipeline/install/autonomous_vehicle/lib/pkgconfig/autonomous_vehicle.pc'
[0.744s] [34mcolcon.colcon_core.environment[0m [1;30mLevel 1[0m checking '/home/felipe_capovilla/Documents/E-Racing/FSDS/Codes/Oficial/Pipeline/install/autonomous_vehicle/lib/python3.10/site-packages'
[0.744s] [34mcolcon.colcon_core.shell[0m [1;30mLevel 1[0m create_environment_hook('autonomous_vehicle', 'pythonpath')
[0.744s] [34mcolcon.colcon_core.shell[0m [1;30mINFO[0m Creating environment hook '/home/felipe_capovilla/Documents/E-Racing/FSDS/Codes/Oficial/Pipeline/install/autonomous_vehicle/share/autonomous_vehicle/hook/pythonpath.ps1'
[0.745s] [34mcolcon.colcon_core.shell[0m [1;30mINFO[0m Creating environment descriptor '/home/felipe_capovilla/Documents/E-Racing/FSDS/Codes/Oficial/Pipeline/install/autonomous_vehicle/share/autonomous_vehicle/hook/pythonpath.dsv'
[0.745s] [34mcolcon.colcon_core.shell[0m [1;30mINFO[0m Creating environment hook '/home/felipe_capovilla/Documents/E-Racing/FSDS/Codes/Oficial/Pipeline/install/autonomous_vehicle/share/autonomous_vehicle/hook/pythonpath.sh'
[0.745s] [34mcolcon.colcon_core.environment[0m [1;30mLevel 1[0m checking '/home/felipe_capovilla/Documents/E-Racing/FSDS/Codes/Oficial/Pipeline/install/autonomous_vehicle/bin'
[0.745s] [34mcolcon.colcon_core.environment[0m [1;30mLevel 1[0m create_environment_scripts_only(autonomous_vehicle)
[0.746s] [34mcolcon.colcon_core.shell[0m [1;30mINFO[0m Creating package script '/home/felipe_capovilla/Documents/E-Racing/FSDS/Codes/Oficial/Pipeline/install/autonomous_vehicle/share/autonomous_vehicle/package.ps1'
[0.746s] [34mcolcon.colcon_core.shell[0m [1;30mINFO[0m Creating package descriptor '/home/felipe_capovilla/Documents/E-Racing/FSDS/Codes/Oficial/Pipeline/install/autonomous_vehicle/share/autonomous_vehicle/package.dsv'
[0.746s] [34mcolcon.colcon_core.shell[0m [1;30mINFO[0m Creating package script '/home/felipe_capovilla/Documents/E-Racing/FSDS/Codes/Oficial/Pipeline/install/autonomous_vehicle/share/autonomous_vehicle/package.sh'
[0.747s] [34mcolcon.colcon_core.shell[0m [1;30mINFO[0m Creating package script '/home/felipe_capovilla/Documents/E-Racing/FSDS/Codes/Oficial/Pipeline/install/autonomous_vehicle/share/autonomous_vehicle/package.bash'
[0.747s] [34mcolcon.colcon_core.shell[0m [1;30mINFO[0m Creating package script '/home/felipe_capovilla/Documents/E-Racing/FSDS/Codes/Oficial/Pipeline/install/autonomous_vehicle/share/autonomous_vehicle/package.zsh'
[0.747s] [34mcolcon.colcon_core.environment[0m [1;30mLevel 1[0m create_file_with_runtime_dependencies(/home/felipe_capovilla/Documents/E-Racing/FSDS/Codes/Oficial/Pipeline/install/autonomous_vehicle/share/colcon-core/packages/autonomous_vehicle)
[0.750s] [34mcolcon.colcon_core.environment[0m [1;30mLevel 1[0m checking '/home/felipe_capovilla/Documents/E-Racing/FSDS/Codes/Oficial/Pipeline/install/autonomous_vehicle_slam' for CMake module files
[0.751s] [34mcolcon.colcon_core.event_handler.log_command[0m [1;30mDEBUG[0m [32mInvoked command in '/home/felipe_capovilla/Documents/E-Racing/FSDS/Codes/Oficial/Pipeline/src/autonomous_vehicle_slam' returned '0': PS1=\[\e]0;\u@\h: \w\a\]${debian_chroot:+($debian_chroot)}\[\033[01;32m\]\u@\h\[\033[00m\]:\[\033[01;34m\]\w\[\033[00m\]\$ PYTHONPATH=/home/felipe_capovilla/Documents/E-Racing/FSDS/Codes/Oficial/Pipeline/build/autonomous_vehicle_slam/prefix_override:/usr/lib/python3/dist-packages/colcon_core/task/python/colcon_distutils_commands:/home/felipe_capovilla/Documents/E-Racing/FSDS/Codes/Oficial/Pipeline/install/autonomous_vehicle_slam/lib/python3.10/site-packages:${PYTHONPATH} /usr/bin/python3 -W ignore:setup.py install is deprecated -W ignore:easy_install command is deprecated setup.py egg_info --egg-base ../../build/autonomous_vehicle_slam build --build-base /home/felipe_capovilla/Documents/E-Racing/FSDS/Codes/Oficial/Pipeline/build/autonomous_vehicle_slam/build install --record /home/felipe_capovilla/Documents/E-Racing/FSDS/Codes/Oficial/Pipeline/build/autonomous_vehicle_slam/install.log --single-version-externally-managed install_data[0m
[0.751s] [34mcolcon.colcon_core.environment[0m [1;30mLevel 1[0m checking '/home/felipe_capovilla/Documents/E-Racing/FSDS/Codes/Oficial/Pipeline/install/autonomous_vehicle_slam' for CMake config files
[0.752s] [34mcolcon.colcon_core.environment[0m [1;30mLevel 1[0m checking '/home/felipe_capovilla/Documents/E-Racing/FSDS/Codes/Oficial/Pipeline/install/autonomous_vehicle_slam/lib'
[0.752s] [34mcolcon.colcon_core.environment[0m [1;30mLevel 1[0m checking '/home/felipe_capovilla/Documents/E-Racing/FSDS/Codes/Oficial/Pipeline/install/autonomous_vehicle_slam/bin'
[0.752s] [34mcolcon.colcon_core.environment[0m [1;30mLevel 1[0m checking '/home/felipe_capovilla/Documents/E-Racing/FSDS/Codes/Oficial/Pipeline/install/autonomous_vehicle_slam/lib/pkgconfig/autonomous_vehicle_slam.pc'
[0.752s] [34mcolcon.colcon_core.environment[0m [1;30mLevel 1[0m checking '/home/felipe_capovilla/Documents/E-Racing/FSDS/Codes/Oficial/Pipeline/install/autonomous_vehicle_slam/lib/python3.10/site-packages'
[0.752s] [34mcolcon.colcon_core.shell[0m [1;30mLevel 1[0m create_environment_hook('autonomous_vehicle_slam', 'pythonpath')
[0.752s] [34mcolcon.colcon_core.shell[0m [1;30mINFO[0m Creating environment hook '/home/felipe_capovilla/Documents/E-Racing/FSDS/Codes/Oficial/Pipeline/install/autonomous_vehicle_slam/share/autonomous_vehicle_slam/hook/pythonpath.ps1'
[0.752s] [34mcolcon.colcon_core.shell[0m [1;30mINFO[0m Creating environment descriptor '/home/felipe_capovilla/Documents/E-Racing/FSDS/Codes/Oficial/Pipeline/install/autonomous_vehicle_slam/share/autonomous_vehicle_slam/hook/pythonpath.dsv'
[0.752s] [34mcolcon.colcon_core.shell[0m [1;30mINFO[0m Creating environment hook '/home/felipe_capovilla/Documents/E-Racing/FSDS/Codes/Oficial/Pipeline/install/autonomous_vehicle_slam/share/autonomous_vehicle_slam/hook/pythonpath.sh'
[0.753s] [34mcolcon.colcon_core.environment[0m [1;30mLevel 1[0m checking '/home/felipe_capovilla/Documents/E-Racing/FSDS/Codes/Oficial/Pipeline/install/autonomous_vehicle_slam/bin'
[0.753s] [34mcolcon.colcon_core.environment[0m [1;30mLevel 1[0m create_environment_scripts_only(autonomous_vehicle_slam)
[0.753s] [34mcolcon.colcon_core.shell[0m [1;30mINFO[0m Creating package script '/home/felipe_capovilla/Documents/E-Racing/FSDS/Codes/Oficial/Pipeline/install/autonomous_vehicle_slam/share/autonomous_vehicle_slam/package.ps1'
[0.753s] [34mcolcon.colcon_core.shell[0m [1;30mINFO[0m Creating package descriptor '/home/felipe_capovilla/Documents/E-Racing/FSDS/Codes/Oficial/Pipeline/install/autonomous_vehicle_slam/share/autonomous_vehicle_slam/package.dsv'
[0.753s] [34mcolcon.colcon_core.shell[0m [1;30mINFO[0m Creating package script '/home/felipe_capovilla/Documents/E-Racing/FSDS/Codes/Oficial/Pipeline/install/autonomous_vehicle_slam/share/autonomous_vehicle_slam/package.sh'
[0.754s] [34mcolcon.colcon_core.shell[0m [1;30mINFO[0m Creating package script '/home/felipe_capovilla/Documents/E-Racing/FSDS/Codes/Oficial/Pipeline/install/autonomous_vehicle_slam/share/autonomous_vehicle_slam/package.bash'
[0.754s] [34mcolcon.colcon_core.shell[0m [1;30mINFO[0m Creating package script '/home/felipe_capovilla/Documents/E-Racing/FSDS/Codes/Oficial/Pipeline/install/autonomous_vehicle_slam/share/autonomous_vehicle_slam/package.zsh'
[0.754s] [34mcolcon.colcon_core.environment[0m [1;30mLevel 1[0m create_file_with_runtime_dependencies(/home/felipe_capovilla/Documents/E-Racing/FSDS/Codes/Oficial/Pipeline/install/autonomous_vehicle_slam/share/colcon-core/packages/autonomous_vehicle_slam)
[0.754s] [34mcolcon.colcon_parallel_executor.executor.parallel[0m [1;30mDEBUG[0m [32mclosing loop[0m
[0.754s] [34mcolcon.colcon_parallel_executor.executor.parallel[0m [1;30mDEBUG[0m [32mloop closed[0m
[0.754s] [34mcolcon.colcon_parallel_executor.executor.parallel[0m [1;30mDEBUG[0m [32mrun_until_complete finished with '0'[0m
[0.755s] [34mcolcon.colcon_core.event_reactor[0m [1;30mDEBUG[0m [32mjoining thread[0m
[0.757s] [34mcolcon.colcon_core.plugin_system[0m [1;30mINFO[0m Skipping extension 'colcon_notification.desktop_notification.terminal_notifier': Not used on non-Darwin systems
[0.757s] [34mcolcon.colcon_core.plugin_system[0m [1;30mINFO[0m Skipping extension 'colcon_notification.desktop_notification.win32': Not used on non-Windows systems
[0.757s] [34mcolcon.colcon_notification.desktop_notification[0m [1;30mINFO[0m Sending desktop notification using 'notify2'
[0.763s] [34mcolcon.colcon_core.event_reactor[0m [1;30mDEBUG[0m [32mjoined thread[0m
[0.763s] [34mcolcon.colcon_core.shell[0m [1;30mINFO[0m Creating prefix script '/home/felipe_capovilla/Documents/E-Racing/FSDS/Codes/Oficial/Pipeline/install/local_setup.ps1'
[0.764s] [34mcolcon.colcon_core.shell[0m [1;30mINFO[0m Creating prefix util module '/home/felipe_capovilla/Documents/E-Racing/FSDS/Codes/Oficial/Pipeline/install/_local_setup_util_ps1.py'
[0.765s] [34mcolcon.colcon_core.shell[0m [1;30mINFO[0m Creating prefix chain script '/home/felipe_capovilla/Documents/E-Racing/FSDS/Codes/Oficial/Pipeline/install/setup.ps1'
[0.765s] [34mcolcon.colcon_core.shell[0m [1;30mINFO[0m Creating prefix script '/home/felipe_capovilla/Documents/E-Racing/FSDS/Codes/Oficial/Pipeline/install/local_setup.sh'
[0.766s] [34mcolcon.colcon_core.shell[0m [1;30mINFO[0m Creating prefix util module '/home/felipe_capovilla/Documents/E-Racing/FSDS/Codes/Oficial/Pipeline/install/_local_setup_util_sh.py'
[0.766s] [34mcolcon.colcon_core.shell[0m [1;30mINFO[0m Creating prefix chain script '/home/felipe_capovilla/Documents/E-Racing/FSDS/Codes/Oficial/Pipeline/install/setup.sh'
[0.766s] [34mcolcon.colcon_core.shell[0m [1;30mINFO[0m Creating prefix script '/home/felipe_capovilla/Documents/E-Racing/FSDS/Codes/Oficial/Pipeline/install/local_setup.bash'
[0.766s] [34mcolcon.colcon_core.shell[0m [1;30mINFO[0m Creating prefix chain script '/home/felipe_capovilla/Documents/E-Racing/FSDS/Codes/Oficial/Pipeline/install/setup.bash'
[0.767s] [34mcolcon.colcon_core.shell[0m [1;30mINFO[0m Creating prefix script '/home/felipe_capovilla/Documents/E-Racing/FSDS/Codes/Oficial/Pipeline/install/local_setup.zsh'
[0.767s] [34mcolcon.colcon_core.shell[0m [1;30mINFO[0m Creating prefix chain script '/home/felipe_capovilla/Documents/E-Racing/FSDS/Codes/Oficial/Pipeline/install/setup.zsh'
