[0.085s] DEBUG:colcon:Command line arguments: ['/usr/bin/colcon', 'build']
[0.085s] DEBUG:colcon:Parsed command line arguments: Namespace(log_base=None, log_level=None, verb_name='build', build_base='build', install_base='install', merge_install=False, symlink_install=False, test_result_base=None, continue_on_error=False, executor='parallel', parallel_workers=12, event_handlers=None, ignore_user_meta=False, metas=['./colcon.meta'], base_paths=['.'], packages_ignore=None, packages_ignore_regex=None, paths=None, packages_up_to=None, packages_up_to_regex=None, packages_above=None, packages_above_and_dependencies=None, packages_above_depth=None, packages_select_by_dep=None, packages_skip_by_dep=None, packages_skip_up_to=None, packages_select_build_failed=False, packages_skip_build_finished=False, packages_select_test_failures=False, packages_skip_test_passed=False, packages_select=None, packages_skip=None, packages_select_regex=None, packages_skip_regex=None, packages_start=None, packages_end=None, allow_overriding=[], cmake_args=None, cmake_target=None, cmake_target_skip_unavailable=False, cmake_clean_cache=False, cmake_clean_first=False, cmake_force_configure=False, ament_cmake_args=None, catkin_cmake_args=None, catkin_skip_building_tests=False, mixin_files=None, mixin=None, verb_parser=<colcon_mixin.mixin.mixin_argument.MixinArgumentDecorator object at 0x7964f790b850>, verb_extension=<colcon_core.verb.build.BuildVerb object at 0x7964f790b2e0>, main=<bound method BuildVerb.main of <colcon_core.verb.build.BuildVerb object at 0x7964f790b2e0>>, mixin_verb=('build',))
[0.114s] Level 1:colcon.colcon_core.package_discovery:discover_packages(colcon_meta) check parameters
[0.114s] Level 1:colcon.colcon_core.package_discovery:discover_packages(recursive) check parameters
[0.114s] Level 1:colcon.colcon_core.package_discovery:discover_packages(ignore) check parameters
[0.114s] Level 1:colcon.colcon_core.package_discovery:discover_packages(path) check parameters
[0.114s] Level 1:colcon.colcon_core.package_discovery:discover_packages(colcon_meta) discover
[0.114s] Level 1:colcon.colcon_core.package_discovery:discover_packages(recursive) discover
[0.114s] INFO:colcon.colcon_core.package_discovery:Crawling recursively for packages in '/home/demarco/Mapping2026/SLAM'
[0.114s] Level 1:colcon.colcon_core.package_identification:_identify(.) by extensions ['ignore', 'ignore_ament_install']
[0.115s] Level 1:colcon.colcon_core.package_identification:_identify(.) by extension 'ignore'
[0.115s] Level 1:colcon.colcon_core.package_identification:_identify(.) by extension 'ignore_ament_install'
[0.115s] Level 1:colcon.colcon_core.package_identification:_identify(.) by extensions ['colcon_pkg']
[0.115s] Level 1:colcon.colcon_core.package_identification:_identify(.) by extension 'colcon_pkg'
[0.115s] Level 1:colcon.colcon_core.package_identification:_identify(.) by extensions ['colcon_meta']
[0.115s] Level 1:colcon.colcon_core.package_identification:_identify(.) by extension 'colcon_meta'
[0.115s] Level 1:colcon.colcon_core.package_identification:_identify(.) by extensions ['ros']
[0.115s] Level 1:colcon.colcon_core.package_identification:_identify(.) by extension 'ros'
[0.136s] Level 1:colcon.colcon_core.package_identification:_identify(.) by extensions ['cmake', 'python']
[0.136s] Level 1:colcon.colcon_core.package_identification:_identify(.) by extension 'cmake'
[0.136s] Level 1:colcon.colcon_core.package_identification:_identify(.) by extension 'python'
[0.136s] Level 1:colcon.colcon_core.package_identification:_identify(.) by extensions ['python_setup_py']
[0.136s] Level 1:colcon.colcon_core.package_identification:_identify(.) by extension 'python_setup_py'
[0.136s] Level 1:colcon.colcon_core.package_identification:_identify(SLAM) by extensions ['ignore', 'ignore_ament_install']
[0.136s] Level 1:colcon.colcon_core.package_identification:_identify(SLAM) by extension 'ignore'
[0.136s] Level 1:colcon.colcon_core.package_identification:_identify(SLAM) by extension 'ignore_ament_install'
[0.136s] Level 1:colcon.colcon_core.package_identification:_identify(SLAM) by extensions ['colcon_pkg']
[0.136s] Level 1:colcon.colcon_core.package_identification:_identify(SLAM) by extension 'colcon_pkg'
[0.136s] Level 1:colcon.colcon_core.package_identification:_identify(SLAM) by extensions ['colcon_meta']
[0.136s] Level 1:colcon.colcon_core.package_identification:_identify(SLAM) by extension 'colcon_meta'
[0.137s] Level 1:colcon.colcon_core.package_identification:_identify(SLAM) by extensions ['ros']
[0.137s] Level 1:colcon.colcon_core.package_identification:_identify(SLAM) by extension 'ros'
[0.137s] Level 1:colcon.colcon_core.package_identification:_identify(SLAM) by extensions ['cmake', 'python']
[0.137s] Level 1:colcon.colcon_core.package_identification:_identify(SLAM) by extension 'cmake'
[0.137s] Level 1:colcon.colcon_core.package_identification:_identify(SLAM) by extension 'python'
[0.137s] Level 1:colcon.colcon_core.package_identification:_identify(SLAM) by extensions ['python_setup_py']
[0.137s] Level 1:colcon.colcon_core.package_identification:_identify(SLAM) by extension 'python_setup_py'
[0.137s] Level 1:colcon.colcon_core.package_identification:_identify(SLAM/build) by extensions ['ignore', 'ignore_ament_install']
[0.137s] Level 1:colcon.colcon_core.package_identification:_identify(SLAM/build) by extension 'ignore'
[0.137s] Level 1:colcon.colcon_core.package_identification:_identify(SLAM/build) ignored
[0.137s] Level 1:colcon.colcon_core.package_identification:_identify(SLAM/install) by extensions ['ignore', 'ignore_ament_install']
[0.137s] Level 1:colcon.colcon_core.package_identification:_identify(SLAM/install) by extension 'ignore'
[0.137s] Level 1:colcon.colcon_core.package_identification:_identify(SLAM/install) ignored
[0.137s] Level 1:colcon.colcon_core.package_identification:_identify(SLAM/log) by extensions ['ignore', 'ignore_ament_install']
[0.137s] Level 1:colcon.colcon_core.package_identification:_identify(SLAM/log) by extension 'ignore'
[0.137s] Level 1:colcon.colcon_core.package_identification:_identify(SLAM/log) ignored
[0.137s] Level 1:colcon.colcon_core.package_identification:_identify(SLAM/src) by extensions ['ignore', 'ignore_ament_install']
[0.137s] Level 1:colcon.colcon_core.package_identification:_identify(SLAM/src) by extension 'ignore'
[0.137s] Level 1:colcon.colcon_core.package_identification:_identify(SLAM/src) by extension 'ignore_ament_install'
[0.137s] Level 1:colcon.colcon_core.package_identification:_identify(SLAM/src) by extensions ['colcon_pkg']
[0.137s] Level 1:colcon.colcon_core.package_identification:_identify(SLAM/src) by extension 'colcon_pkg'
[0.137s] Level 1:colcon.colcon_core.package_identification:_identify(SLAM/src) by extensions ['colcon_meta']
[0.137s] Level 1:colcon.colcon_core.package_identification:_identify(SLAM/src) by extension 'colcon_meta'
[0.137s] Level 1:colcon.colcon_core.package_identification:_identify(SLAM/src) by extensions ['ros']
[0.137s] Level 1:colcon.colcon_core.package_identification:_identify(SLAM/src) by extension 'ros'
[0.137s] Level 1:colcon.colcon_core.package_identification:_identify(SLAM/src) by extensions ['cmake', 'python']
[0.137s] Level 1:colcon.colcon_core.package_identification:_identify(SLAM/src) by extension 'cmake'
[0.137s] Level 1:colcon.colcon_core.package_identification:_identify(SLAM/src) by extension 'python'
[0.137s] Level 1:colcon.colcon_core.package_identification:_identify(SLAM/src) by extensions ['python_setup_py']
[0.137s] Level 1:colcon.colcon_core.package_identification:_identify(SLAM/src) by extension 'python_setup_py'
[0.137s] Level 1:colcon.colcon_core.package_identification:_identify(SLAM/src/first_slam) by extensions ['ignore', 'ignore_ament_install']
[0.137s] Level 1:colcon.colcon_core.package_identification:_identify(SLAM/src/first_slam) by extension 'ignore'
[0.138s] Level 1:colcon.colcon_core.package_identification:_identify(SLAM/src/first_slam) by extension 'ignore_ament_install'
[0.138s] Level 1:colcon.colcon_core.package_identification:_identify(SLAM/src/first_slam) by extensions ['colcon_pkg']
[0.138s] Level 1:colcon.colcon_core.package_identification:_identify(SLAM/src/first_slam) by extension 'colcon_pkg'
[0.138s] Level 1:colcon.colcon_core.package_identification:_identify(SLAM/src/first_slam) by extensions ['colcon_meta']
[0.138s] Level 1:colcon.colcon_core.package_identification:_identify(SLAM/src/first_slam) by extension 'colcon_meta'
[0.138s] Level 1:colcon.colcon_core.package_identification:_identify(SLAM/src/first_slam) by extensions ['ros']
[0.138s] Level 1:colcon.colcon_core.package_identification:_identify(SLAM/src/first_slam) by extension 'ros'
[0.140s] DEBUG:colcon.colcon_core.package_identification:Package 'SLAM/src/first_slam' with type 'ros.ament_python' and name 'first_slam'
[0.140s] Level 1:colcon.colcon_core.package_identification:_identify(SLAM/src/simulator_comunication) by extensions ['ignore', 'ignore_ament_install']
[0.140s] Level 1:colcon.colcon_core.package_identification:_identify(SLAM/src/simulator_comunication) by extension 'ignore'
[0.140s] Level 1:colcon.colcon_core.package_identification:_identify(SLAM/src/simulator_comunication) by extension 'ignore_ament_install'
[0.141s] Level 1:colcon.colcon_core.package_identification:_identify(SLAM/src/simulator_comunication) by extensions ['colcon_pkg']
[0.141s] Level 1:colcon.colcon_core.package_identification:_identify(SLAM/src/simulator_comunication) by extension 'colcon_pkg'
[0.141s] Level 1:colcon.colcon_core.package_identification:_identify(SLAM/src/simulator_comunication) by extensions ['colcon_meta']
[0.141s] Level 1:colcon.colcon_core.package_identification:_identify(SLAM/src/simulator_comunication) by extension 'colcon_meta'
[0.141s] Level 1:colcon.colcon_core.package_identification:_identify(SLAM/src/simulator_comunication) by extensions ['ros']
[0.141s] Level 1:colcon.colcon_core.package_identification:_identify(SLAM/src/simulator_comunication) by extension 'ros'
[0.141s] DEBUG:colcon.colcon_core.package_identification:Package 'SLAM/src/simulator_comunication' with type 'ros.ament_python' and name 'simulator_comunication'
[0.141s] Level 1:colcon.colcon_core.package_identification:_identify(build) by extensions ['ignore', 'ignore_ament_install']
[0.141s] Level 1:colcon.colcon_core.package_identification:_identify(build) by extension 'ignore'
[0.141s] Level 1:colcon.colcon_core.package_identification:_identify(build) ignored
[0.141s] Level 1:colcon.colcon_core.package_identification:_identify(install) by extensions ['ignore', 'ignore_ament_install']
[0.141s] Level 1:colcon.colcon_core.package_identification:_identify(install) by extension 'ignore'
[0.141s] Level 1:colcon.colcon_core.package_identification:_identify(install) ignored
[0.142s] Level 1:colcon.colcon_core.package_identification:_identify(log) by extensions ['ignore', 'ignore_ament_install']
[0.142s] Level 1:colcon.colcon_core.package_identification:_identify(log) by extension 'ignore'
[0.142s] Level 1:colcon.colcon_core.package_identification:_identify(log) ignored
[0.142s] Level 1:colcon.colcon_core.package_discovery:discover_packages(recursive) using defaults
[0.142s] Level 1:colcon.colcon_core.package_discovery:discover_packages(ignore) discover
[0.142s] Level 1:colcon.colcon_core.package_discovery:discover_packages(ignore) using defaults
[0.142s] Level 1:colcon.colcon_core.package_discovery:discover_packages(path) discover
[0.142s] Level 1:colcon.colcon_core.package_discovery:discover_packages(path) using defaults
[0.158s] Level 1:colcon.colcon_core.package_discovery:discover_packages(prefix_path) check parameters
[0.158s] Level 1:colcon.colcon_core.package_discovery:discover_packages(prefix_path) discover
[0.160s] DEBUG:colcon.colcon_installed_package_information.package_discovery:Found 2 installed packages in /home/demarco/Mapping2026/SLAM/install
[0.160s] DEBUG:colcon.colcon_installed_package_information.package_discovery:Found 274 installed packages in /opt/ros/humble
[0.161s] Level 1:colcon.colcon_core.package_discovery:discover_packages(prefix_path) using defaults
[0.192s] Level 5:colcon.colcon_core.verb:set package 'first_slam' build argument 'cmake_args' from command line to 'None'
[0.192s] Level 5:colcon.colcon_core.verb:set package 'first_slam' build argument 'cmake_target' from command line to 'None'
[0.192s] Level 5:colcon.colcon_core.verb:set package 'first_slam' build argument 'cmake_target_skip_unavailable' from command line to 'False'
[0.192s] Level 5:colcon.colcon_core.verb:set package 'first_slam' build argument 'cmake_clean_cache' from command line to 'False'
[0.192s] Level 5:colcon.colcon_core.verb:set package 'first_slam' build argument 'cmake_clean_first' from command line to 'False'
[0.192s] Level 5:colcon.colcon_core.verb:set package 'first_slam' build argument 'cmake_force_configure' from command line to 'False'
[0.192s] Level 5:colcon.colcon_core.verb:set package 'first_slam' build argument 'ament_cmake_args' from command line to 'None'
[0.192s] Level 5:colcon.colcon_core.verb:set package 'first_slam' build argument 'catkin_cmake_args' from command line to 'None'
[0.192s] Level 5:colcon.colcon_core.verb:set package 'first_slam' build argument 'catkin_skip_building_tests' from command line to 'False'
[0.192s] DEBUG:colcon.colcon_core.verb:Building package 'first_slam' with the following arguments: {'ament_cmake_args': None, 'build_base': '/home/demarco/Mapping2026/SLAM/build/first_slam', 'catkin_cmake_args': None, 'catkin_skip_building_tests': False, 'cmake_args': None, 'cmake_clean_cache': False, 'cmake_clean_first': False, 'cmake_force_configure': False, 'cmake_target': None, 'cmake_target_skip_unavailable': False, 'install_base': '/home/demarco/Mapping2026/SLAM/install/first_slam', 'merge_install': False, 'path': '/home/demarco/Mapping2026/SLAM/SLAM/src/first_slam', 'symlink_install': False, 'test_result_base': None}
[0.193s] Level 5:colcon.colcon_core.verb:set package 'simulator_comunication' build argument 'cmake_args' from command line to 'None'
[0.193s] Level 5:colcon.colcon_core.verb:set package 'simulator_comunication' build argument 'cmake_target' from command line to 'None'
[0.193s] Level 5:colcon.colcon_core.verb:set package 'simulator_comunication' build argument 'cmake_target_skip_unavailable' from command line to 'False'
[0.193s] Level 5:colcon.colcon_core.verb:set package 'simulator_comunication' build argument 'cmake_clean_cache' from command line to 'False'
[0.193s] Level 5:colcon.colcon_core.verb:set package 'simulator_comunication' build argument 'cmake_clean_first' from command line to 'False'
[0.193s] Level 5:colcon.colcon_core.verb:set package 'simulator_comunication' build argument 'cmake_force_configure' from command line to 'False'
[0.193s] Level 5:colcon.colcon_core.verb:set package 'simulator_comunication' build argument 'ament_cmake_args' from command line to 'None'
[0.193s] Level 5:colcon.colcon_core.verb:set package 'simulator_comunication' build argument 'catkin_cmake_args' from command line to 'None'
[0.193s] Level 5:colcon.colcon_core.verb:set package 'simulator_comunication' build argument 'catkin_skip_building_tests' from command line to 'False'
[0.193s] DEBUG:colcon.colcon_core.verb:Building package 'simulator_comunication' with the following arguments: {'ament_cmake_args': None, 'build_base': '/home/demarco/Mapping2026/SLAM/build/simulator_comunication', 'catkin_cmake_args': None, 'catkin_skip_building_tests': False, 'cmake_args': None, 'cmake_clean_cache': False, 'cmake_clean_first': False, 'cmake_force_configure': False, 'cmake_target': None, 'cmake_target_skip_unavailable': False, 'install_base': '/home/demarco/Mapping2026/SLAM/install/simulator_comunication', 'merge_install': False, 'path': '/home/demarco/Mapping2026/SLAM/SLAM/src/simulator_comunication', 'symlink_install': False, 'test_result_base': None}
[0.193s] INFO:colcon.colcon_core.executor:Executing jobs using 'parallel' executor
[0.194s] DEBUG:colcon.colcon_parallel_executor.executor.parallel:run_until_complete
[0.194s] INFO:colcon.colcon_ros.task.ament_python.build:Building ROS package in '/home/demarco/Mapping2026/SLAM/SLAM/src/first_slam' with build type 'ament_python'
[0.194s] Level 1:colcon.colcon_core.shell:create_environment_hook('first_slam', 'ament_prefix_path')
[0.196s] INFO:colcon.colcon_core.plugin_system:Skipping extension 'colcon_core.shell.bat': Not used on non-Windows systems
[0.196s] INFO:colcon.colcon_core.shell:Creating environment hook '/home/demarco/Mapping2026/SLAM/install/first_slam/share/first_slam/hook/ament_prefix_path.ps1'
[0.197s] INFO:colcon.colcon_core.shell:Creating environment descriptor '/home/demarco/Mapping2026/SLAM/install/first_slam/share/first_slam/hook/ament_prefix_path.dsv'
[0.198s] INFO:colcon.colcon_core.shell:Creating environment hook '/home/demarco/Mapping2026/SLAM/install/first_slam/share/first_slam/hook/ament_prefix_path.sh'
[0.198s] INFO:colcon.colcon_core.shell:Skip shell extension 'powershell' for command environment: Not usable outside of PowerShell
[0.198s] DEBUG:colcon.colcon_core.shell:Skip shell extension 'dsv' for command environment
[0.200s] INFO:colcon.colcon_ros.task.ament_python.build:Building ROS package in '/home/demarco/Mapping2026/SLAM/SLAM/src/simulator_comunication' with build type 'ament_python'
[0.200s] Level 1:colcon.colcon_core.shell:create_environment_hook('simulator_comunication', 'ament_prefix_path')
[0.201s] INFO:colcon.colcon_core.shell:Creating environment hook '/home/demarco/Mapping2026/SLAM/install/simulator_comunication/share/simulator_comunication/hook/ament_prefix_path.ps1'
[0.201s] INFO:colcon.colcon_core.shell:Creating environment descriptor '/home/demarco/Mapping2026/SLAM/install/simulator_comunication/share/simulator_comunication/hook/ament_prefix_path.dsv'
[0.201s] INFO:colcon.colcon_core.shell:Creating environment hook '/home/demarco/Mapping2026/SLAM/install/simulator_comunication/share/simulator_comunication/hook/ament_prefix_path.sh'
[0.202s] INFO:colcon.colcon_core.shell:Skip shell extension 'powershell' for command environment: Not usable outside of PowerShell
[0.202s] DEBUG:colcon.colcon_core.shell:Skip shell extension 'dsv' for command environment
[0.343s] INFO:colcon.colcon_core.task.python.build:Building Python package in '/home/demarco/Mapping2026/SLAM/SLAM/src/first_slam'
[0.344s] INFO:colcon.colcon_core.shell:Skip shell extension 'powershell' for command environment: Not usable outside of PowerShell
[0.344s] DEBUG:colcon.colcon_core.shell:Skip shell extension 'dsv' for command environment
[0.486s] INFO:colcon.colcon_core.task.python.build:Building Python package in '/home/demarco/Mapping2026/SLAM/SLAM/src/simulator_comunication'
[0.486s] INFO:colcon.colcon_core.shell:Skip shell extension 'powershell' for command environment: Not usable outside of PowerShell
[0.486s] DEBUG:colcon.colcon_core.shell:Skip shell extension 'dsv' for command environment
[0.844s] DEBUG:colcon.colcon_core.task.python.build:Available setuptools commands: alias, bdist, build_ext, build_py, symlink_data, install_lib, install, install_data, check, egg_info, clean, setopt, build_clib, bdist_egg, editable_wheel, install_headers, bdist_rpm, install_scripts, develop, install_egg_info, bdist_dumb, saveopts, sdist, easy_install, build, rotate, build_scripts, bdist_wheel, dist_info
[0.846s] DEBUG:colcon.colcon_core.event_handler.log_command:Invoking command in '/home/demarco/Mapping2026/SLAM/SLAM/src/simulator_comunication': PYTHONPATH=/home/demarco/Mapping2026/SLAM/build/simulator_comunication/prefix_override:/usr/lib/python3/dist-packages/colcon_core/task/python/colcon_distutils_commands:/home/demarco/Mapping2026/SLAM/install/simulator_comunication/lib/python3.10/site-packages:${PYTHONPATH} /usr/bin/python3 -W ignore:setup.py install is deprecated -W ignore:easy_install command is deprecated setup.py egg_info --egg-base ../../../build/simulator_comunication build --build-base /home/demarco/Mapping2026/SLAM/build/simulator_comunication/build install --record /home/demarco/Mapping2026/SLAM/build/simulator_comunication/install.log --install-scripts $base/lib/simulator_comunication --single-version-externally-managed install_data
[0.853s] DEBUG:colcon.colcon_core.task.python.build:Available setuptools commands: alias, bdist, build_ext, build_py, symlink_data, install_lib, install, install_data, check, egg_info, clean, setopt, build_clib, bdist_egg, editable_wheel, install_headers, bdist_rpm, install_scripts, develop, install_egg_info, bdist_dumb, saveopts, sdist, easy_install, build, rotate, build_scripts, bdist_wheel, dist_info
[0.856s] DEBUG:colcon.colcon_core.event_handler.log_command:Invoking command in '/home/demarco/Mapping2026/SLAM/SLAM/src/first_slam': PYTHONPATH=/home/demarco/Mapping2026/SLAM/build/first_slam/prefix_override:/usr/lib/python3/dist-packages/colcon_core/task/python/colcon_distutils_commands:/home/demarco/Mapping2026/SLAM/install/first_slam/lib/python3.10/site-packages:${PYTHONPATH} /usr/bin/python3 -W ignore:setup.py install is deprecated -W ignore:easy_install command is deprecated setup.py egg_info --egg-base ../../../build/first_slam build --build-base /home/demarco/Mapping2026/SLAM/build/first_slam/build install --record /home/demarco/Mapping2026/SLAM/build/first_slam/install.log --install-scripts $base/lib/first_slam --single-version-externally-managed install_data
[1.164s] DEBUG:colcon.colcon_core.event_handler.log_command:Invoked command in '/home/demarco/Mapping2026/SLAM/SLAM/src/first_slam' returned '0': PYTHONPATH=/home/demarco/Mapping2026/SLAM/build/first_slam/prefix_override:/usr/lib/python3/dist-packages/colcon_core/task/python/colcon_distutils_commands:/home/demarco/Mapping2026/SLAM/install/first_slam/lib/python3.10/site-packages:${PYTHONPATH} /usr/bin/python3 -W ignore:setup.py install is deprecated -W ignore:easy_install command is deprecated setup.py egg_info --egg-base ../../../build/first_slam build --build-base /home/demarco/Mapping2026/SLAM/build/first_slam/build install --record /home/demarco/Mapping2026/SLAM/build/first_slam/install.log --install-scripts $base/lib/first_slam --single-version-externally-managed install_data
[1.167s] Level 1:colcon.colcon_core.environment:checking '/home/demarco/Mapping2026/SLAM/install/first_slam' for CMake module files
[1.168s] Level 1:colcon.colcon_core.environment:checking '/home/demarco/Mapping2026/SLAM/install/first_slam' for CMake config files
[1.168s] Level 1:colcon.colcon_core.environment:checking '/home/demarco/Mapping2026/SLAM/install/first_slam/lib'
[1.168s] Level 1:colcon.colcon_core.environment:checking '/home/demarco/Mapping2026/SLAM/install/first_slam/bin'
[1.168s] Level 1:colcon.colcon_core.environment:checking '/home/demarco/Mapping2026/SLAM/install/first_slam/lib/pkgconfig/first_slam.pc'
[1.169s] Level 1:colcon.colcon_core.environment:checking '/home/demarco/Mapping2026/SLAM/install/first_slam/lib/python3.10/site-packages'
[1.169s] Level 1:colcon.colcon_core.shell:create_environment_hook('first_slam', 'pythonpath')
[1.169s] INFO:colcon.colcon_core.shell:Creating environment hook '/home/demarco/Mapping2026/SLAM/install/first_slam/share/first_slam/hook/pythonpath.ps1'
[1.169s] INFO:colcon.colcon_core.shell:Creating environment descriptor '/home/demarco/Mapping2026/SLAM/install/first_slam/share/first_slam/hook/pythonpath.dsv'
[1.170s] INFO:colcon.colcon_core.shell:Creating environment hook '/home/demarco/Mapping2026/SLAM/install/first_slam/share/first_slam/hook/pythonpath.sh'
[1.170s] Level 1:colcon.colcon_core.environment:checking '/home/demarco/Mapping2026/SLAM/install/first_slam/bin'
[1.170s] Level 1:colcon.colcon_core.environment:create_environment_scripts_only(first_slam)
[1.170s] INFO:colcon.colcon_core.shell:Creating package script '/home/demarco/Mapping2026/SLAM/install/first_slam/share/first_slam/package.ps1'
[1.171s] INFO:colcon.colcon_core.shell:Creating package descriptor '/home/demarco/Mapping2026/SLAM/install/first_slam/share/first_slam/package.dsv'
[1.171s] INFO:colcon.colcon_core.shell:Creating package script '/home/demarco/Mapping2026/SLAM/install/first_slam/share/first_slam/package.sh'
[1.172s] INFO:colcon.colcon_core.shell:Creating package script '/home/demarco/Mapping2026/SLAM/install/first_slam/share/first_slam/package.bash'
[1.172s] INFO:colcon.colcon_core.shell:Creating package script '/home/demarco/Mapping2026/SLAM/install/first_slam/share/first_slam/package.zsh'
[1.173s] Level 1:colcon.colcon_core.environment:create_file_with_runtime_dependencies(/home/demarco/Mapping2026/SLAM/install/first_slam/share/colcon-core/packages/first_slam)
[1.174s] Level 1:colcon.colcon_core.environment:checking '/home/demarco/Mapping2026/SLAM/install/simulator_comunication' for CMake module files
[1.175s] DEBUG:colcon.colcon_core.event_handler.log_command:Invoked command in '/home/demarco/Mapping2026/SLAM/SLAM/src/simulator_comunication' returned '0': PYTHONPATH=/home/demarco/Mapping2026/SLAM/build/simulator_comunication/prefix_override:/usr/lib/python3/dist-packages/colcon_core/task/python/colcon_distutils_commands:/home/demarco/Mapping2026/SLAM/install/simulator_comunication/lib/python3.10/site-packages:${PYTHONPATH} /usr/bin/python3 -W ignore:setup.py install is deprecated -W ignore:easy_install command is deprecated setup.py egg_info --egg-base ../../../build/simulator_comunication build --build-base /home/demarco/Mapping2026/SLAM/build/simulator_comunication/build install --record /home/demarco/Mapping2026/SLAM/build/simulator_comunication/install.log --install-scripts $base/lib/simulator_comunication --single-version-externally-managed install_data
[1.175s] Level 1:colcon.colcon_core.environment:checking '/home/demarco/Mapping2026/SLAM/install/simulator_comunication' for CMake config files
[1.175s] Level 1:colcon.colcon_core.environment:checking '/home/demarco/Mapping2026/SLAM/install/simulator_comunication/lib'
[1.175s] Level 1:colcon.colcon_core.environment:checking '/home/demarco/Mapping2026/SLAM/install/simulator_comunication/bin'
[1.175s] Level 1:colcon.colcon_core.environment:checking '/home/demarco/Mapping2026/SLAM/install/simulator_comunication/lib/pkgconfig/simulator_comunication.pc'
[1.175s] Level 1:colcon.colcon_core.environment:checking '/home/demarco/Mapping2026/SLAM/install/simulator_comunication/lib/python3.10/site-packages'
[1.175s] Level 1:colcon.colcon_core.shell:create_environment_hook('simulator_comunication', 'pythonpath')
[1.175s] INFO:colcon.colcon_core.shell:Creating environment hook '/home/demarco/Mapping2026/SLAM/install/simulator_comunication/share/simulator_comunication/hook/pythonpath.ps1'
[1.176s] INFO:colcon.colcon_core.shell:Creating environment descriptor '/home/demarco/Mapping2026/SLAM/install/simulator_comunication/share/simulator_comunication/hook/pythonpath.dsv'
[1.176s] INFO:colcon.colcon_core.shell:Creating environment hook '/home/demarco/Mapping2026/SLAM/install/simulator_comunication/share/simulator_comunication/hook/pythonpath.sh'
[1.176s] Level 1:colcon.colcon_core.environment:checking '/home/demarco/Mapping2026/SLAM/install/simulator_comunication/bin'
[1.176s] Level 1:colcon.colcon_core.environment:create_environment_scripts_only(simulator_comunication)
[1.176s] INFO:colcon.colcon_core.shell:Creating package script '/home/demarco/Mapping2026/SLAM/install/simulator_comunication/share/simulator_comunication/package.ps1'
[1.177s] INFO:colcon.colcon_core.shell:Creating package descriptor '/home/demarco/Mapping2026/SLAM/install/simulator_comunication/share/simulator_comunication/package.dsv'
[1.177s] INFO:colcon.colcon_core.shell:Creating package script '/home/demarco/Mapping2026/SLAM/install/simulator_comunication/share/simulator_comunication/package.sh'
[1.177s] INFO:colcon.colcon_core.shell:Creating package script '/home/demarco/Mapping2026/SLAM/install/simulator_comunication/share/simulator_comunication/package.bash'
[1.177s] INFO:colcon.colcon_core.shell:Creating package script '/home/demarco/Mapping2026/SLAM/install/simulator_comunication/share/simulator_comunication/package.zsh'
[1.177s] Level 1:colcon.colcon_core.environment:create_file_with_runtime_dependencies(/home/demarco/Mapping2026/SLAM/install/simulator_comunication/share/colcon-core/packages/simulator_comunication)
[1.178s] DEBUG:colcon.colcon_parallel_executor.executor.parallel:closing loop
[1.178s] DEBUG:colcon.colcon_parallel_executor.executor.parallel:loop closed
[1.178s] DEBUG:colcon.colcon_parallel_executor.executor.parallel:run_until_complete finished with '0'
[1.178s] DEBUG:colcon.colcon_core.event_reactor:joining thread
[1.184s] INFO:colcon.colcon_core.plugin_system:Skipping extension 'colcon_notification.desktop_notification.terminal_notifier': Not used on non-Darwin systems
[1.184s] INFO:colcon.colcon_core.plugin_system:Skipping extension 'colcon_notification.desktop_notification.win32': Not used on non-Windows systems
[1.184s] INFO:colcon.colcon_notification.desktop_notification:Sending desktop notification using 'notify2'
[1.192s] DEBUG:colcon.colcon_core.event_reactor:joined thread
[1.193s] INFO:colcon.colcon_core.shell:Creating prefix script '/home/demarco/Mapping2026/SLAM/install/local_setup.ps1'
[1.193s] INFO:colcon.colcon_core.shell:Creating prefix util module '/home/demarco/Mapping2026/SLAM/install/_local_setup_util_ps1.py'
[1.194s] INFO:colcon.colcon_core.shell:Creating prefix chain script '/home/demarco/Mapping2026/SLAM/install/setup.ps1'
[1.195s] INFO:colcon.colcon_core.shell:Creating prefix script '/home/demarco/Mapping2026/SLAM/install/local_setup.sh'
[1.196s] INFO:colcon.colcon_core.shell:Creating prefix util module '/home/demarco/Mapping2026/SLAM/install/_local_setup_util_sh.py'
[1.196s] INFO:colcon.colcon_core.shell:Creating prefix chain script '/home/demarco/Mapping2026/SLAM/install/setup.sh'
[1.197s] INFO:colcon.colcon_core.shell:Creating prefix script '/home/demarco/Mapping2026/SLAM/install/local_setup.bash'
[1.198s] INFO:colcon.colcon_core.shell:Creating prefix chain script '/home/demarco/Mapping2026/SLAM/install/setup.bash'
[1.199s] INFO:colcon.colcon_core.shell:Creating prefix script '/home/demarco/Mapping2026/SLAM/install/local_setup.zsh'
[1.199s] INFO:colcon.colcon_core.shell:Creating prefix chain script '/home/demarco/Mapping2026/SLAM/install/setup.zsh'
