running develop
running egg_info
creating autonomous_vehicle.egg-info
writing autonomous_vehicle.egg-info/PKG-INFO
writing dependency_links to autonomous_vehicle.egg-info/dependency_links.txt
writing entry points to autonomous_vehicle.egg-info/entry_points.txt
writing requirements to autonomous_vehicle.egg-info/requires.txt
writing top-level names to autonomous_vehicle.egg-info/top_level.txt
writing manifest file 'autonomous_vehicle.egg-info/SOURCES.txt'
reading manifest file 'autonomous_vehicle.egg-info/SOURCES.txt'
writing manifest file 'autonomous_vehicle.egg-info/SOURCES.txt'
running build_ext
Creating /home/felipe_capovilla/Documents/E-Racing/FSDS/Codes/Oficial/Pipeline/src/install/autonomous_vehicle/lib/python3.10/site-packages/autonomous-vehicle.egg-link (link to .)
Installing CarNode script to /home/felipe_capovilla/Documents/E-Racing/FSDS/Codes/Oficial/Pipeline/src/install/autonomous_vehicle/lib/autonomous_vehicle

Installed /home/felipe_capovilla/Documents/E-Racing/FSDS/Codes/Oficial/Pipeline/src/build/autonomous_vehicle
running symlink_data
creating /home/felipe_capovilla/Documents/E-Racing/FSDS/Codes/Oficial/Pipeline/src/install/autonomous_vehicle/share/ament_index
creating /home/felipe_capovilla/Documents/E-Racing/FSDS/Codes/Oficial/Pipeline/src/install/autonomous_vehicle/share/ament_index/resource_index
creating /home/felipe_capovilla/Documents/E-Racing/FSDS/Codes/Oficial/Pipeline/src/install/autonomous_vehicle/share/ament_index/resource_index/packages
symbolically linking /home/felipe_capovilla/Documents/E-Racing/FSDS/Codes/Oficial/Pipeline/src/build/autonomous_vehicle/resource/autonomous_vehicle -> /home/felipe_capovilla/Documents/E-Racing/FSDS/Codes/Oficial/Pipeline/src/install/autonomous_vehicle/share/ament_index/resource_index/packages
symbolically linking /home/felipe_capovilla/Documents/E-Racing/FSDS/Codes/Oficial/Pipeline/src/build/autonomous_vehicle/package.xml -> /home/felipe_capovilla/Documents/E-Racing/FSDS/Codes/Oficial/Pipeline/src/install/autonomous_vehicle/share/autonomous_vehicle
