[0.379s] Invoking command in '/home/felipe_capovilla/Documents/E-Racing/FSDS/Codes/Oficial/Pipeline/src/build/autonomous_vehicle_slam': PYTHONPATH=/home/felipe_capovilla/Documents/E-Racing/FSDS/Codes/Oficial/Pipeline/src/build/autonomous_vehicle_slam/prefix_override:/usr/lib/python3/dist-packages/colcon_core/task/python/colcon_distutils_commands:/home/felipe_capovilla/Documents/E-Racing/FSDS/Codes/Oficial/Pipeline/src/install/autonomous_vehicle_slam/lib/python3.10/site-packages:${PYTHONPATH} /usr/bin/python3 -W ignore:setup.py install is deprecated -W ignore:easy_install command is deprecated setup.py develop --editable --build-directory /home/felipe_capovilla/Documents/E-Racing/FSDS/Codes/Oficial/Pipeline/src/build/autonomous_vehicle_slam/build --no-deps symlink_data
[0.497s] running develop
[0.575s] running egg_info
[0.575s] creating autonomous_vehicle_slam.egg-info
[0.575s] writing autonomous_vehicle_slam.egg-info/PKG-INFO
[0.576s] writing dependency_links to autonomous_vehicle_slam.egg-info/dependency_links.txt
[0.576s] writing entry points to autonomous_vehicle_slam.egg-info/entry_points.txt
[0.576s] writing requirements to autonomous_vehicle_slam.egg-info/requires.txt
[0.576s] writing top-level names to autonomous_vehicle_slam.egg-info/top_level.txt
[0.576s] writing manifest file 'autonomous_vehicle_slam.egg-info/SOURCES.txt'
[0.576s] reading manifest file 'autonomous_vehicle_slam.egg-info/SOURCES.txt'
[0.577s] writing manifest file 'autonomous_vehicle_slam.egg-info/SOURCES.txt'
[0.577s] running build_ext
[0.577s] Creating /home/felipe_capovilla/Documents/E-Racing/FSDS/Codes/Oficial/Pipeline/src/install/autonomous_vehicle_slam/lib/python3.10/site-packages/autonomous-vehicle-slam.egg-link (link to .)
[0.578s] Installing CarNodeSlam script to /home/felipe_capovilla/Documents/E-Racing/FSDS/Codes/Oficial/Pipeline/src/install/autonomous_vehicle_slam/lib/autonomous_vehicle_slam
[0.578s] 
[0.578s] Installed /home/felipe_capovilla/Documents/E-Racing/FSDS/Codes/Oficial/Pipeline/src/build/autonomous_vehicle_slam
[0.578s] running symlink_data
[0.578s] creating /home/felipe_capovilla/Documents/E-Racing/FSDS/Codes/Oficial/Pipeline/src/install/autonomous_vehicle_slam/share/ament_index
[0.578s] creating /home/felipe_capovilla/Documents/E-Racing/FSDS/Codes/Oficial/Pipeline/src/install/autonomous_vehicle_slam/share/ament_index/resource_index
[0.578s] creating /home/felipe_capovilla/Documents/E-Racing/FSDS/Codes/Oficial/Pipeline/src/install/autonomous_vehicle_slam/share/ament_index/resource_index/packages
[0.578s] symbolically linking /home/felipe_capovilla/Documents/E-Racing/FSDS/Codes/Oficial/Pipeline/src/build/autonomous_vehicle_slam/resource/autonomous_vehicle_slam -> /home/felipe_capovilla/Documents/E-Racing/FSDS/Codes/Oficial/Pipeline/src/install/autonomous_vehicle_slam/share/ament_index/resource_index/packages
[0.578s] symbolically linking /home/felipe_capovilla/Documents/E-Racing/FSDS/Codes/Oficial/Pipeline/src/build/autonomous_vehicle_slam/package.xml -> /home/felipe_capovilla/Documents/E-Racing/FSDS/Codes/Oficial/Pipeline/src/install/autonomous_vehicle_slam/share/autonomous_vehicle_slam
[0.599s] Invoked command in '/home/felipe_capovilla/Documents/E-Racing/FSDS/Codes/Oficial/Pipeline/src/build/autonomous_vehicle_slam' returned '0': PYTHONPATH=/home/felipe_capovilla/Documents/E-Racing/FSDS/Codes/Oficial/Pipeline/src/build/autonomous_vehicle_slam/prefix_override:/usr/lib/python3/dist-packages/colcon_core/task/python/colcon_distutils_commands:/home/felipe_capovilla/Documents/E-Racing/FSDS/Codes/Oficial/Pipeline/src/install/autonomous_vehicle_slam/lib/python3.10/site-packages:${PYTHONPATH} /usr/bin/python3 -W ignore:setup.py install is deprecated -W ignore:easy_install command is deprecated setup.py develop --editable --build-directory /home/felipe_capovilla/Documents/E-Racing/FSDS/Codes/Oficial/Pipeline/src/build/autonomous_vehicle_slam/build --no-deps symlink_data
